-- Found ament_cmake: 2.5.6 (/opt/ros/jazzy/share/ament_cmake/cmake)
-- Override CMake install command with custom implementation using symlinks instead of copying resources
-- Found rclcpp: 28.1.21 (/opt/ros/jazzy/share/rclcpp/cmake)
-- Found rosidl_generator_c: 4.6.9 (/opt/ros/jazzy/share/rosidl_generator_c/cmake)
-- Found rosidl_generator_cpp: 4.6.9 (/opt/ros/jazzy/share/rosidl_generator_cpp/cmake)
-- Using all available rosidl_typesupport_c: rosidl_typesupport_fastrtps_c;rosidl_typesupport_introspection_c
-- Using all available rosidl_typesupport_cpp: rosidl_typesupport_fastrtps_cpp;rosidl_typesupport_introspection_cpp
-- Found rmw_implementation_cmake: 7.3.3 (/opt/ros/jazzy/share/rmw_implementation_cmake/cmake)
-- Found rmw_fastrtps_cpp: 8.4.4 (/opt/ros/jazzy/share/rmw_fastrtps_cpp/cmake)
-- Using RMW implementation 'rmw_fastrtps_cpp' as default
-- Found geometry_msgs: 5.3.8 (/opt/ros/jazzy/share/geometry_msgs/cmake)
-- Found nav_msgs: 5.3.8 (/opt/ros/jazzy/share/nav_msgs/cmake)
-- Found ament_lint_auto: 0.17.5 (/opt/ros/jazzy/share/ament_lint_auto/cmake)
Error parsing '/home/shriperu/ros2_ws/src/global_planner/package.xml':
Traceback (most recent call last):
  File "/usr/lib/python3/dist-packages/catkin_pkg/package.py", line 610, in parse_package_string
    root = dom.parseString(data)
           ^^^^^^^^^^^^^^^^^^^^^
  File "/usr/lib/python3.12/xml/dom/minidom.py", line 1995, in parseString
    return expatbuilder.parseString(string)
           ^^^^^^^^^^^^^^^^^^^^^^^^^^^^^^^^
  File "/usr/lib/python3.12/xml/dom/expatbuilder.py", line 922, in parseString
    return builder.parseString(string)
           ^^^^^^^^^^^^^^^^^^^^^^^^^^^
  File "/usr/lib/python3.12/xml/dom/expatbuilder.py", line 220, in parseString
    parser.Parse(string, True)
xml.parsers.expat.ExpatError: syntax error: line 3, column 0

During handling of the above exception, another exception occurred:

Traceback (most recent call last):
  File "/opt/ros/jazzy/share/ament_cmake_core/cmake/core/package_xml_2_cmake.py", line 150, in <module>
    main()
  File "/opt/ros/jazzy/share/ament_cmake_core/cmake/core/package_xml_2_cmake.py", line 53, in main
    raise e
  File "/opt/ros/jazzy/share/ament_cmake_core/cmake/core/package_xml_2_cmake.py", line 49, in main
    package = parse_package_string(
              ^^^^^^^^^^^^^^^^^^^^^
  File "/usr/lib/python3/dist-packages/catkin_pkg/package.py", line 612, in parse_package_string
    raise InvalidPackage('The manifest contains invalid XML:\n%s' % ex, filename)
catkin_pkg.package.InvalidPackage: Error(s) in package '/home/shriperu/ros2_ws/src/global_planner/package.xml':
The manifest contains invalid XML:
syntax error: line 3, column 0
[31mCMake Error at /opt/ros/jazzy/share/ament_cmake_core/cmake/core/ament_package_xml.cmake:95 (message):
  execute_process(/usr/bin/python3
  /opt/ros/jazzy/share/ament_cmake_core/cmake/core/package_xml_2_cmake.py
  /home/shriperu/ros2_ws/src/global_planner/package.xml
  /home/shriperu/ros2_ws/build/global_planner/ament_cmake_core/package.cmake)
  returned error code 1
Call Stack (most recent call first):
  /opt/ros/jazzy/share/ament_cmake_core/cmake/core/ament_package_xml.cmake:49 (_ament_package_xml)
  /opt/ros/jazzy/share/ament_lint_auto/cmake/ament_lint_auto_find_test_dependencies.cmake:31 (ament_package_xml)
  CMakeLists.txt:17 (ament_lint_auto_find_test_dependencies)

[0m
-- Configuring incomplete, errors occurred!
gmake: *** [Makefile:407: cmake_check_build_system] Error 1
