[0.034s] Invoking command in '/home/shriperu/ros2_ws/build/global_planner': DEBUGINFOD_URLS=https://debuginfod.ubuntu.com /usr/bin/cmake --build /home/shriperu/ros2_ws/build/global_planner -- -j16 -l16
[0.184s] -- Found ament_cmake: 2.5.6 (/opt/ros/jazzy/share/ament_cmake/cmake)
[0.449s] -- Override CMake install command with custom implementation using symlinks instead of copying resources
[0.473s] -- Found rclcpp: 28.1.21 (/opt/ros/jazzy/share/rclcpp/cmake)
[1.051s] -- Found rosidl_generator_c: 4.6.9 (/opt/ros/jazzy/share/rosidl_generator_c/cmake)
[1.065s] -- Found rosidl_generator_cpp: 4.6.9 (/opt/ros/jazzy/share/rosidl_generator_cpp/cmake)
[1.084s] -- Using all available rosidl_typesupport_c: rosidl_typesupport_fastrtps_c;rosidl_typesupport_introspection_c
[1.108s] -- Using all available rosidl_typesupport_cpp: rosidl_typesupport_fastrtps_cpp;rosidl_typesupport_introspection_cpp
[1.210s] -- Found rmw_implementation_cmake: 7.3.3 (/opt/ros/jazzy/share/rmw_implementation_cmake/cmake)
[1.214s] -- Found rmw_fastrtps_cpp: 8.4.4 (/opt/ros/jazzy/share/rmw_fastrtps_cpp/cmake)
[2.045s] -- Using RMW implementation 'rmw_fastrtps_cpp' as default
[2.778s] -- Found geometry_msgs: 5.3.8 (/opt/ros/jazzy/share/geometry_msgs/cmake)
[2.830s] -- Found nav_msgs: 5.3.8 (/opt/ros/jazzy/share/nav_msgs/cmake)
[2.872s] -- Found ament_lint_auto: 0.17.5 (/opt/ros/jazzy/share/ament_lint_auto/cmake)
[2.959s] Error parsing '/home/shriperu/ros2_ws/src/global_planner/package.xml':
[5.511s] Traceback (most recent call last):
[5.511s]   File "/usr/lib/python3/dist-packages/catkin_pkg/package.py", line 610, in parse_package_string
[5.512s]     root = dom.parseString(data)
[5.512s]            ^^^^^^^^^^^^^^^^^^^^^
[5.512s]   File "/usr/lib/python3.12/xml/dom/minidom.py", line 1995, in parseString
[5.512s]     return expatbuilder.parseString(string)
[5.512s]            ^^^^^^^^^^^^^^^^^^^^^^^^^^^^^^^^
[5.513s]   File "/usr/lib/python3.12/xml/dom/expatbuilder.py", line 922, in parseString
[5.513s]     return builder.parseString(string)
[5.513s]            ^^^^^^^^^^^^^^^^^^^^^^^^^^^
[5.513s]   File "/usr/lib/python3.12/xml/dom/expatbuilder.py", line 220, in parseString
[5.513s]     parser.Parse(string, True)
[5.514s] xml.parsers.expat.ExpatError: syntax error: line 3, column 0
[5.514s] 
[5.514s] During handling of the above exception, another exception occurred:
[5.514s] 
[5.514s] Traceback (most recent call last):
[5.514s]   File "/opt/ros/jazzy/share/ament_cmake_core/cmake/core/package_xml_2_cmake.py", line 150, in <module>
[5.514s]     main()
[5.514s]   File "/opt/ros/jazzy/share/ament_cmake_core/cmake/core/package_xml_2_cmake.py", line 53, in main
[5.515s]     raise e
[5.515s]   File "/opt/ros/jazzy/share/ament_cmake_core/cmake/core/package_xml_2_cmake.py", line 49, in main
[5.515s]     package = parse_package_string(
[5.515s]               ^^^^^^^^^^^^^^^^^^^^^
[5.515s]   File "/usr/lib/python3/dist-packages/catkin_pkg/package.py", line 612, in parse_package_string
[5.515s]     raise InvalidPackage('The manifest contains invalid XML:\n%s' % ex, filename)
[5.515s] catkin_pkg.package.InvalidPackage: Error(s) in package '/home/shriperu/ros2_ws/src/global_planner/package.xml':
[5.515s] The manifest contains invalid XML:
[5.515s] syntax error: line 3, column 0
[5.570s] [31mCMake Error at /opt/ros/jazzy/share/ament_cmake_core/cmake/core/ament_package_xml.cmake:95 (message):
[5.570s]   execute_process(/usr/bin/python3
[5.570s]   /opt/ros/jazzy/share/ament_cmake_core/cmake/core/package_xml_2_cmake.py
[5.571s]   /home/shriperu/ros2_ws/src/global_planner/package.xml
[5.571s]   /home/shriperu/ros2_ws/build/global_planner/ament_cmake_core/package.cmake)
[5.571s]   returned error code 1
[5.571s] Call Stack (most recent call first):
[5.571s]   /opt/ros/jazzy/share/ament_cmake_core/cmake/core/ament_package_xml.cmake:49 (_ament_package_xml)
[5.571s]   /opt/ros/jazzy/share/ament_lint_auto/cmake/ament_lint_auto_find_test_dependencies.cmake:31 (ament_package_xml)
[5.571s]   CMakeLists.txt:17 (ament_lint_auto_find_test_dependencies)
[5.571s] 
[5.571s] [0m
[5.572s] -- Configuring incomplete, errors occurred!
[5.585s] gmake: *** [Makefile:407: cmake_check_build_system] Error 1
[5.588s] Invoked command in '/home/shriperu/ros2_ws/build/global_planner' returned '2': DEBUGINFOD_URLS=https://debuginfod.ubuntu.com /usr/bin/cmake --build /home/shriperu/ros2_ws/build/global_planner -- -j16 -l16
