-- Found ament_cmake: 2.5.6 (/opt/ros/jazzy/share/ament_cmake/cmake)
-- Override CMake install command with custom implementation using symlinks instead of copying resources
-- Found rosidl_default_generators: 1.6.1 (/opt/ros/jazzy/share/rosidl_default_generators/cmake)
-- Using all available rosidl_typesupport_c: rosidl_typesupport_fastrtps_c;rosidl_typesupport_introspection_c
-- Using all available rosidl_typesupport_cpp: rosidl_typesupport_fastrtps_cpp;rosidl_typesupport_introspection_cpp
-- Found rosidl_adapter: 4.6.9 (/opt/ros/jazzy/share/rosidl_adapter/cmake)
-- Found ament_cmake_ros: 0.12.1 (/opt/ros/jazzy/share/ament_cmake_ros/cmake)
-- Using all available rosidl_typesupport_c: rosidl_typesupport_fastrtps_c;rosidl_typesupport_introspection_c
-- Using all available rosidl_typesupport_cpp: rosidl_typesupport_fastrtps_cpp;rosidl_typesupport_introspection_cpp
-- Found python_cmake_module: 0.11.1 (/opt/ros/jazzy/share/python_cmake_module/cmake)
-- Found Python3: /usr/bin/python3 (found version "3.12.3") found components: Interpreter Development NumPy Development.Module Development.Embed 
-- Found Python3: /usr/bin/python3 (found version "3.12.3") found components: Interpreter 
-- Configuring done (1.8s)
-- Generating done (0.1s)
-- Build files have been written to: /home/shriperu/ros2_ws/build/vehicle_msgs
[  2%] Built target vehicle_msgs__rosidl_generator_type_description
[  5%] Built target vehicle_msgs__rs
[  5%] Built target ament_cmake_python_symlink_vehicle_msgs
[  8%] Built target vehicle_msgs__cpp
[ 22%] Built target vehicle_msgs__rosidl_generator_c
[ 62%] Built target vehicle_msgs__rosidl_typesupport_cpp
[ 62%] Built target vehicle_msgs__rosidl_typesupport_fastrtps_c
[ 62%] Built target vehicle_msgs__rosidl_typesupport_introspection_c
[ 62%] Built target vehicle_msgs__rosidl_typesupport_c
[ 65%] Built target vehicle_msgs__rosidl_typesupport_introspection_cpp
[ 74%] Built target vehicle_msgs__rosidl_typesupport_fastrtps_cpp
[ 74%] Built target vehicle_msgs
[ 77%] Built target vehicle_msgs__py
[ 82%] Built target vehicle_msgs__rosidl_generator_py
[ 91%] Built target vehicle_msgs_s__rosidl_typesupport_fastrtps_c
[ 97%] Built target vehicle_msgs_s__rosidl_typesupport_c
[100%] Built target vehicle_msgs_s__rosidl_typesupport_introspection_c
running egg_info
writing vehicle_msgs.egg-info/PKG-INFO
writing dependency_links to vehicle_msgs.egg-info/dependency_links.txt
writing top-level names to vehicle_msgs.egg-info/top_level.txt
reading manifest file 'vehicle_msgs.egg-info/SOURCES.txt'
writing manifest file 'vehicle_msgs.egg-info/SOURCES.txt'
[100%] Built target ament_cmake_python_build_vehicle_msgs_egg
-- Install configuration: ""
-- Execute custom install script
-- Up-to-date symlink: /home/shriperu/ros2_ws/install/vehicle_msgs/share/ament_index/resource_index/rosidl_interfaces/vehicle_msgs
-- Up-to-date symlink: /home/shriperu/ros2_ws/install/vehicle_msgs/share/vehicle_msgs/msg/SteeringCommand.json
-- Up-to-date symlink: /home/shriperu/ros2_ws/install/vehicle_msgs/include/vehicle_msgs/vehicle_msgs/msg/detail/steering_command__functions.h
-- Up-to-date symlink: /home/shriperu/ros2_ws/install/vehicle_msgs/include/vehicle_msgs/vehicle_msgs/msg/detail/steering_command__struct.h
-- Up-to-date symlink: /home/shriperu/ros2_ws/install/vehicle_msgs/include/vehicle_msgs/vehicle_msgs/msg/detail/steering_command__type_support.h
-- Up-to-date symlink: /home/shriperu/ros2_ws/install/vehicle_msgs/include/vehicle_msgs/vehicle_msgs/msg/rosidl_generator_c__visibility_control.h
-- Up-to-date symlink: /home/shriperu/ros2_ws/install/vehicle_msgs/include/vehicle_msgs/vehicle_msgs/msg/steering_command.h
-- Up-to-date symlink: /home/shriperu/ros2_ws/install/vehicle_msgs/share/vehicle_msgs/environment/library_path.sh
-- Up-to-date symlink: /home/shriperu/ros2_ws/install/vehicle_msgs/share/vehicle_msgs/environment/library_path.dsv
-- Up-to-date symlink: /home/shriperu/ros2_ws/install/vehicle_msgs/include/vehicle_msgs/vehicle_msgs/msg/detail/steering_command__rosidl_typesupport_fastrtps_c.h
-- Up-to-date symlink: /home/shriperu/ros2_ws/install/vehicle_msgs/include/vehicle_msgs/vehicle_msgs/msg/rosidl_typesupport_fastrtps_c__visibility_control.h
-- Up-to-date symlink: /home/shriperu/ros2_ws/install/vehicle_msgs/include/vehicle_msgs/vehicle_msgs/msg/detail/steering_command__rosidl_typesupport_introspection_c.h
-- Up-to-date symlink: /home/shriperu/ros2_ws/install/vehicle_msgs/include/vehicle_msgs/vehicle_msgs/msg/rosidl_typesupport_introspection_c__visibility_control.h
-- Up-to-date symlink: /home/shriperu/ros2_ws/install/vehicle_msgs/include/vehicle_msgs/vehicle_msgs/msg/detail/steering_command__builder.hpp
-- Up-to-date symlink: /home/shriperu/ros2_ws/install/vehicle_msgs/include/vehicle_msgs/vehicle_msgs/msg/detail/steering_command__struct.hpp
-- Up-to-date symlink: /home/shriperu/ros2_ws/install/vehicle_msgs/include/vehicle_msgs/vehicle_msgs/msg/detail/steering_command__traits.hpp
-- Up-to-date symlink: /home/shriperu/ros2_ws/install/vehicle_msgs/include/vehicle_msgs/vehicle_msgs/msg/detail/steering_command__type_support.hpp
-- Up-to-date symlink: /home/shriperu/ros2_ws/install/vehicle_msgs/include/vehicle_msgs/vehicle_msgs/msg/rosidl_generator_cpp__visibility_control.hpp
-- Up-to-date symlink: /home/shriperu/ros2_ws/install/vehicle_msgs/include/vehicle_msgs/vehicle_msgs/msg/steering_command.hpp
-- Up-to-date symlink: /home/shriperu/ros2_ws/install/vehicle_msgs/include/vehicle_msgs/vehicle_msgs/msg/detail/steering_command__rosidl_typesupport_fastrtps_cpp.hpp
-- Up-to-date symlink: /home/shriperu/ros2_ws/install/vehicle_msgs/include/vehicle_msgs/vehicle_msgs/msg/rosidl_typesupport_fastrtps_cpp__visibility_control.h
-- Up-to-date symlink: /home/shriperu/ros2_ws/install/vehicle_msgs/include/vehicle_msgs/vehicle_msgs/msg/detail/steering_command__rosidl_typesupport_introspection_cpp.hpp
-- Up-to-date symlink: /home/shriperu/ros2_ws/install/vehicle_msgs/share/vehicle_msgs/environment/pythonpath.sh
-- Up-to-date symlink: /home/shriperu/ros2_ws/install/vehicle_msgs/share/vehicle_msgs/environment/pythonpath.dsv
-- Up-to-date symlink: /home/shriperu/ros2_ws/install/vehicle_msgs/lib/python3.12/site-packages/vehicle_msgs-0.0.0-py3.12.egg-info/PKG-INFO
-- Up-to-date symlink: /home/shriperu/ros2_ws/install/vehicle_msgs/lib/python3.12/site-packages/vehicle_msgs-0.0.0-py3.12.egg-info/SOURCES.txt
-- Up-to-date symlink: /home/shriperu/ros2_ws/install/vehicle_msgs/lib/python3.12/site-packages/vehicle_msgs-0.0.0-py3.12.egg-info/dependency_links.txt
-- Up-to-date symlink: /home/shriperu/ros2_ws/install/vehicle_msgs/lib/python3.12/site-packages/vehicle_msgs-0.0.0-py3.12.egg-info/top_level.txt
-- Up-to-date symlink: /home/shriperu/ros2_ws/install/vehicle_msgs/lib/python3.12/site-packages/vehicle_msgs/__init__.py
-- Up-to-date symlink: /home/shriperu/ros2_ws/install/vehicle_msgs/lib/python3.12/site-packages/vehicle_msgs/_vehicle_msgs_s.ep.rosidl_typesupport_c.c
-- Up-to-date symlink: /home/shriperu/ros2_ws/install/vehicle_msgs/lib/python3.12/site-packages/vehicle_msgs/_vehicle_msgs_s.ep.rosidl_typesupport_fastrtps_c.c
-- Up-to-date symlink: /home/shriperu/ros2_ws/install/vehicle_msgs/lib/python3.12/site-packages/vehicle_msgs/_vehicle_msgs_s.ep.rosidl_typesupport_introspection_c.c
-- Up-to-date symlink: /home/shriperu/ros2_ws/install/vehicle_msgs/lib/python3.12/site-packages/vehicle_msgs/msg/__init__.py
-- Up-to-date symlink: /home/shriperu/ros2_ws/install/vehicle_msgs/lib/python3.12/site-packages/vehicle_msgs/msg/_steering_command.py
-- Up-to-date symlink: /home/shriperu/ros2_ws/install/vehicle_msgs/lib/python3.12/site-packages/vehicle_msgs/msg/_steering_command_s.c
-- Up-to-date symlink: /home/shriperu/ros2_ws/install/vehicle_msgs/lib/python3.12/site-packages/vehicle_msgs/vehicle_msgs_s__rosidl_typesupport_c.so
-- Up-to-date symlink: /home/shriperu/ros2_ws/install/vehicle_msgs/lib/python3.12/site-packages/vehicle_msgs/vehicle_msgs_s__rosidl_typesupport_fastrtps_c.so
-- Up-to-date symlink: /home/shriperu/ros2_ws/install/vehicle_msgs/lib/python3.12/site-packages/vehicle_msgs/vehicle_msgs_s__rosidl_typesupport_introspection_c.so
-- Up-to-date symlink: /home/shriperu/ros2_ws/install/vehicle_msgs/lib/python3.12/site-packages/vehicle_msgs/vehicle_msgs_s__rosidl_typesupport_fastrtps_c.so
-- Up-to-date symlink: /home/shriperu/ros2_ws/install/vehicle_msgs/lib/python3.12/site-packages/vehicle_msgs/vehicle_msgs_s__rosidl_typesupport_introspection_c.so
-- Up-to-date symlink: /home/shriperu/ros2_ws/install/vehicle_msgs/lib/python3.12/site-packages/vehicle_msgs/vehicle_msgs_s__rosidl_typesupport_c.so
-- Up-to-date symlink: /home/shriperu/ros2_ws/install/vehicle_msgs/share/ament_index/resource_index/rust_packages/vehicle_msgs
-- Up-to-date symlink: /home/shriperu/ros2_ws/install/vehicle_msgs/share/vehicle_msgs/rust/Cargo.toml
-- Up-to-date symlink: /home/shriperu/ros2_ws/install/vehicle_msgs/share/vehicle_msgs/rust/build.rs
-- Up-to-date symlink: /home/shriperu/ros2_ws/install/vehicle_msgs/share/vehicle_msgs/rust/src/lib.rs
-- Up-to-date symlink: /home/shriperu/ros2_ws/install/vehicle_msgs/share/vehicle_msgs/rust/src/msg.rs
-- Up-to-date symlink: /home/shriperu/ros2_ws/install/vehicle_msgs/share/vehicle_msgs/rust/src/msg/rmw.rs
-- Up-to-date symlink: /home/shriperu/ros2_ws/install/vehicle_msgs/share/vehicle_msgs/msg/SteeringCommand.idl
-- Up-to-date symlink: /home/shriperu/ros2_ws/install/vehicle_msgs/share/vehicle_msgs/msg/SteeringCommand.msg
-- Up-to-date symlink: /home/shriperu/ros2_ws/install/vehicle_msgs/share/ament_index/resource_index/package_run_dependencies/vehicle_msgs
-- Up-to-date symlink: /home/shriperu/ros2_ws/install/vehicle_msgs/share/ament_index/resource_index/parent_prefix_path/vehicle_msgs
-- Up-to-date symlink: /home/shriperu/ros2_ws/install/vehicle_msgs/share/vehicle_msgs/environment/ament_prefix_path.sh
-- Up-to-date symlink: /home/shriperu/ros2_ws/install/vehicle_msgs/share/vehicle_msgs/environment/ament_prefix_path.dsv
-- Up-to-date symlink: /home/shriperu/ros2_ws/install/vehicle_msgs/share/vehicle_msgs/environment/path.sh
-- Up-to-date symlink: /home/shriperu/ros2_ws/install/vehicle_msgs/share/vehicle_msgs/environment/path.dsv
-- Up-to-date symlink: /home/shriperu/ros2_ws/install/vehicle_msgs/share/vehicle_msgs/local_setup.bash
-- Up-to-date symlink: /home/shriperu/ros2_ws/install/vehicle_msgs/share/vehicle_msgs/local_setup.sh
-- Up-to-date symlink: /home/shriperu/ros2_ws/install/vehicle_msgs/share/vehicle_msgs/local_setup.zsh
-- Up-to-date symlink: /home/shriperu/ros2_ws/install/vehicle_msgs/share/vehicle_msgs/local_setup.dsv
-- Symlinking: /home/shriperu/ros2_ws/install/vehicle_msgs/share/vehicle_msgs/package.dsv
-- Up-to-date symlink: /home/shriperu/ros2_ws/install/vehicle_msgs/share/ament_index/resource_index/packages/vehicle_msgs
-- Up-to-date symlink: /home/shriperu/ros2_ws/install/vehicle_msgs/share/vehicle_msgs/cmake/rosidl_cmake-extras.cmake
-- Up-to-date symlink: /home/shriperu/ros2_ws/install/vehicle_msgs/share/vehicle_msgs/cmake/ament_cmake_export_include_directories-extras.cmake
-- Up-to-date symlink: /home/shriperu/ros2_ws/install/vehicle_msgs/share/vehicle_msgs/cmake/ament_cmake_export_libraries-extras.cmake
-- Up-to-date symlink: /home/shriperu/ros2_ws/install/vehicle_msgs/share/vehicle_msgs/cmake/ament_cmake_export_targets-extras.cmake
-- Up-to-date symlink: /home/shriperu/ros2_ws/install/vehicle_msgs/share/vehicle_msgs/cmake/rosidl_cmake_export_typesupport_targets-extras.cmake
-- Up-to-date symlink: /home/shriperu/ros2_ws/install/vehicle_msgs/share/vehicle_msgs/cmake/ament_cmake_export_dependencies-extras.cmake
-- Up-to-date symlink: /home/shriperu/ros2_ws/install/vehicle_msgs/share/vehicle_msgs/cmake/rosidl_cmake_export_typesupport_libraries-extras.cmake
-- Up-to-date symlink: /home/shriperu/ros2_ws/install/vehicle_msgs/share/vehicle_msgs/cmake/rosidl_cmake_aggregate_target-extras.cmake
-- Up-to-date symlink: /home/shriperu/ros2_ws/install/vehicle_msgs/share/vehicle_msgs/cmake/vehicle_msgsConfig.cmake
-- Up-to-date symlink: /home/shriperu/ros2_ws/install/vehicle_msgs/share/vehicle_msgs/cmake/vehicle_msgsConfig-version.cmake
-- Up-to-date symlink: /home/shriperu/ros2_ws/install/vehicle_msgs/share/vehicle_msgs/package.xml
-- Up-to-date: /home/shriperu/ros2_ws/install/vehicle_msgs/lib/libvehicle_msgs__rosidl_generator_c.so
-- Up-to-date: /home/shriperu/ros2_ws/install/vehicle_msgs/lib/libvehicle_msgs__rosidl_typesupport_fastrtps_c.so
-- Up-to-date: /home/shriperu/ros2_ws/install/vehicle_msgs/lib/libvehicle_msgs__rosidl_typesupport_introspection_c.so
-- Up-to-date: /home/shriperu/ros2_ws/install/vehicle_msgs/lib/libvehicle_msgs__rosidl_typesupport_c.so
-- Up-to-date: /home/shriperu/ros2_ws/install/vehicle_msgs/lib/libvehicle_msgs__rosidl_typesupport_fastrtps_cpp.so
-- Up-to-date: /home/shriperu/ros2_ws/install/vehicle_msgs/lib/libvehicle_msgs__rosidl_typesupport_introspection_cpp.so
-- Up-to-date: /home/shriperu/ros2_ws/install/vehicle_msgs/lib/libvehicle_msgs__rosidl_typesupport_cpp.so
Listing '/home/shriperu/ros2_ws/install/vehicle_msgs/lib/python3.12/site-packages/vehicle_msgs'...
Compiling '/home/shriperu/ros2_ws/install/vehicle_msgs/lib/python3.12/site-packages/vehicle_msgs/__init__.py'...
Listing '/home/shriperu/ros2_ws/install/vehicle_msgs/lib/python3.12/site-packages/vehicle_msgs/msg'...
-- Up-to-date: /home/shriperu/ros2_ws/install/vehicle_msgs/lib/libvehicle_msgs__rosidl_generator_py.so
-- Up-to-date: /home/shriperu/ros2_ws/install/vehicle_msgs/share/vehicle_msgs/cmake/export_vehicle_msgs__rosidl_generator_cExport.cmake
-- Up-to-date: /home/shriperu/ros2_ws/install/vehicle_msgs/share/vehicle_msgs/cmake/export_vehicle_msgs__rosidl_generator_cExport-noconfig.cmake
-- Up-to-date: /home/shriperu/ros2_ws/install/vehicle_msgs/share/vehicle_msgs/cmake/export_vehicle_msgs__rosidl_typesupport_fastrtps_cExport.cmake
-- Up-to-date: /home/shriperu/ros2_ws/install/vehicle_msgs/share/vehicle_msgs/cmake/export_vehicle_msgs__rosidl_typesupport_fastrtps_cExport-noconfig.cmake
-- Up-to-date: /home/shriperu/ros2_ws/install/vehicle_msgs/share/vehicle_msgs/cmake/vehicle_msgs__rosidl_typesupport_introspection_cExport.cmake
-- Up-to-date: /home/shriperu/ros2_ws/install/vehicle_msgs/share/vehicle_msgs/cmake/vehicle_msgs__rosidl_typesupport_introspection_cExport-noconfig.cmake
-- Up-to-date: /home/shriperu/ros2_ws/install/vehicle_msgs/share/vehicle_msgs/cmake/vehicle_msgs__rosidl_typesupport_cExport.cmake
-- Up-to-date: /home/shriperu/ros2_ws/install/vehicle_msgs/share/vehicle_msgs/cmake/vehicle_msgs__rosidl_typesupport_cExport-noconfig.cmake
-- Up-to-date: /home/shriperu/ros2_ws/install/vehicle_msgs/share/vehicle_msgs/cmake/export_vehicle_msgs__rosidl_generator_cppExport.cmake
-- Up-to-date: /home/shriperu/ros2_ws/install/vehicle_msgs/share/vehicle_msgs/cmake/export_vehicle_msgs__rosidl_typesupport_fastrtps_cppExport.cmake
-- Up-to-date: /home/shriperu/ros2_ws/install/vehicle_msgs/share/vehicle_msgs/cmake/export_vehicle_msgs__rosidl_typesupport_fastrtps_cppExport-noconfig.cmake
-- Up-to-date: /home/shriperu/ros2_ws/install/vehicle_msgs/share/vehicle_msgs/cmake/vehicle_msgs__rosidl_typesupport_introspection_cppExport.cmake
-- Up-to-date: /home/shriperu/ros2_ws/install/vehicle_msgs/share/vehicle_msgs/cmake/vehicle_msgs__rosidl_typesupport_introspection_cppExport-noconfig.cmake
-- Up-to-date: /home/shriperu/ros2_ws/install/vehicle_msgs/share/vehicle_msgs/cmake/vehicle_msgs__rosidl_typesupport_cppExport.cmake
-- Up-to-date: /home/shriperu/ros2_ws/install/vehicle_msgs/share/vehicle_msgs/cmake/vehicle_msgs__rosidl_typesupport_cppExport-noconfig.cmake
-- Up-to-date: /home/shriperu/ros2_ws/install/vehicle_msgs/share/vehicle_msgs/cmake/export_vehicle_msgs__rosidl_generator_pyExport.cmake
-- Up-to-date: /home/shriperu/ros2_ws/install/vehicle_msgs/share/vehicle_msgs/cmake/export_vehicle_msgs__rosidl_generator_pyExport-noconfig.cmake
