[0.024s] Invoking command in '/home/shriperu/ros2_ws/build/vehicle_msgs': CMAKE_PREFIX_PATH=${CMAKE_PREFIX_PATH}:/opt/ros/jazzy DEBUGINFOD_URLS=https://debuginfod.ubuntu.com /usr/bin/cmake /home/shriperu/ros2_ws/src/vehicle_msgs -DCMAKE_INSTALL_PREFIX=/home/shriperu/ros2_ws/install/vehicle_msgs
[0.047s] -- Found ament_cmake: 2.5.6 (/opt/ros/jazzy/share/ament_cmake/cmake)
[0.185s] -- Override CMake install command with custom implementation using symlinks instead of copying resources
[0.195s] -- Found rosidl_default_generators: 1.6.1 (/opt/ros/jazzy/share/rosidl_default_generators/cmake)
[0.200s] -- Using all available rosidl_typesupport_c: rosidl_typesupport_fastrtps_c;rosidl_typesupport_introspection_c
[0.824s] -- Using all available rosidl_typesupport_cpp: rosidl_typesupport_fastrtps_cpp;rosidl_typesupport_introspection_cpp
[0.864s] -- Found rosidl_adapter: 4.6.9 (/opt/ros/jazzy/share/rosidl_adapter/cmake)
[1.168s] -- Found ament_cmake_ros: 0.12.1 (/opt/ros/jazzy/share/ament_cmake_ros/cmake)
[1.290s] -- Using all available rosidl_typesupport_c: rosidl_typesupport_fastrtps_c;rosidl_typesupport_introspection_c
[1.442s] -- Using all available rosidl_typesupport_cpp: rosidl_typesupport_fastrtps_cpp;rosidl_typesupport_introspection_cpp
[1.444s] -- Found python_cmake_module: 0.11.1 (/opt/ros/jazzy/share/python_cmake_module/cmake)
[1.815s] -- Found Python3: /usr/bin/python3 (found version "3.12.3") found components: Interpreter Development NumPy Development.Module Development.Embed 
[1.864s] -- Found Python3: /usr/bin/python3 (found version "3.12.3") found components: Interpreter 
[1.883s] -- Configuring done (1.8s)
[1.954s] -- Generating done (0.1s)
[1.968s] -- Build files have been written to: /home/shriperu/ros2_ws/build/vehicle_msgs
[1.983s] Invoked command in '/home/shriperu/ros2_ws/build/vehicle_msgs' returned '0': CMAKE_PREFIX_PATH=${CMAKE_PREFIX_PATH}:/opt/ros/jazzy DEBUGINFOD_URLS=https://debuginfod.ubuntu.com /usr/bin/cmake /home/shriperu/ros2_ws/src/vehicle_msgs -DCMAKE_INSTALL_PREFIX=/home/shriperu/ros2_ws/install/vehicle_msgs
[1.984s] Invoking command in '/home/shriperu/ros2_ws/build/vehicle_msgs': CMAKE_PREFIX_PATH=${CMAKE_PREFIX_PATH}:/opt/ros/jazzy DEBUGINFOD_URLS=https://debuginfod.ubuntu.com /usr/bin/cmake --build /home/shriperu/ros2_ws/build/vehicle_msgs -- -j16 -l16
[2.066s] [  2%] Built target vehicle_msgs__rosidl_generator_type_description
[2.066s] [  5%] Built target vehicle_msgs__rs
[2.081s] [  5%] Built target ament_cmake_python_symlink_vehicle_msgs
[2.098s] [  8%] Built target vehicle_msgs__cpp
[2.100s] [ 22%] Built target vehicle_msgs__rosidl_generator_c
[2.140s] [ 62%] Built target vehicle_msgs__rosidl_typesupport_cpp
[2.140s] [ 62%] Built target vehicle_msgs__rosidl_typesupport_fastrtps_c
[2.140s] [ 62%] Built target vehicle_msgs__rosidl_typesupport_introspection_c
[2.140s] [ 62%] Built target vehicle_msgs__rosidl_typesupport_c
[2.141s] [ 65%] Built target vehicle_msgs__rosidl_typesupport_introspection_cpp
[2.147s] [ 74%] Built target vehicle_msgs__rosidl_typesupport_fastrtps_cpp
[2.182s] [ 74%] Built target vehicle_msgs
[2.216s] [ 77%] Built target vehicle_msgs__py
[2.256s] [ 82%] Built target vehicle_msgs__rosidl_generator_py
[2.293s] [ 91%] Built target vehicle_msgs_s__rosidl_typesupport_fastrtps_c
[2.293s] [ 97%] Built target vehicle_msgs_s__rosidl_typesupport_c
[2.293s] [100%] Built target vehicle_msgs_s__rosidl_typesupport_introspection_c
[2.354s] running egg_info
[2.375s] writing vehicle_msgs.egg-info/PKG-INFO
[2.375s] writing dependency_links to vehicle_msgs.egg-info/dependency_links.txt
[2.375s] writing top-level names to vehicle_msgs.egg-info/top_level.txt
[2.440s] reading manifest file 'vehicle_msgs.egg-info/SOURCES.txt'
[2.441s] writing manifest file 'vehicle_msgs.egg-info/SOURCES.txt'
[2.485s] [100%] Built target ament_cmake_python_build_vehicle_msgs_egg
[2.508s] Invoked command in '/home/shriperu/ros2_ws/build/vehicle_msgs' returned '0': CMAKE_PREFIX_PATH=${CMAKE_PREFIX_PATH}:/opt/ros/jazzy DEBUGINFOD_URLS=https://debuginfod.ubuntu.com /usr/bin/cmake --build /home/shriperu/ros2_ws/build/vehicle_msgs -- -j16 -l16
[2.523s] Invoking command in '/home/shriperu/ros2_ws/build/vehicle_msgs': CMAKE_PREFIX_PATH=${CMAKE_PREFIX_PATH}:/opt/ros/jazzy DEBUGINFOD_URLS=https://debuginfod.ubuntu.com /usr/bin/cmake --install /home/shriperu/ros2_ws/build/vehicle_msgs
[2.536s] -- Install configuration: ""
[2.536s] -- Execute custom install script
[2.537s] -- Up-to-date symlink: /home/shriperu/ros2_ws/install/vehicle_msgs/share/ament_index/resource_index/rosidl_interfaces/vehicle_msgs
[2.537s] -- Up-to-date symlink: /home/shriperu/ros2_ws/install/vehicle_msgs/share/vehicle_msgs/msg/SteeringCommand.json
[2.537s] -- Up-to-date symlink: /home/shriperu/ros2_ws/install/vehicle_msgs/include/vehicle_msgs/vehicle_msgs/msg/detail/steering_command__functions.h
[2.538s] -- Up-to-date symlink: /home/shriperu/ros2_ws/install/vehicle_msgs/include/vehicle_msgs/vehicle_msgs/msg/detail/steering_command__struct.h
[2.538s] -- Up-to-date symlink: /home/shriperu/ros2_ws/install/vehicle_msgs/include/vehicle_msgs/vehicle_msgs/msg/detail/steering_command__type_support.h
[2.538s] -- Up-to-date symlink: /home/shriperu/ros2_ws/install/vehicle_msgs/include/vehicle_msgs/vehicle_msgs/msg/rosidl_generator_c__visibility_control.h
[2.539s] -- Up-to-date symlink: /home/shriperu/ros2_ws/install/vehicle_msgs/include/vehicle_msgs/vehicle_msgs/msg/steering_command.h
[2.539s] -- Up-to-date symlink: /home/shriperu/ros2_ws/install/vehicle_msgs/share/vehicle_msgs/environment/library_path.sh
[2.539s] -- Up-to-date symlink: /home/shriperu/ros2_ws/install/vehicle_msgs/share/vehicle_msgs/environment/library_path.dsv
[2.539s] -- Up-to-date symlink: /home/shriperu/ros2_ws/install/vehicle_msgs/include/vehicle_msgs/vehicle_msgs/msg/detail/steering_command__rosidl_typesupport_fastrtps_c.h
[2.539s] -- Up-to-date symlink: /home/shriperu/ros2_ws/install/vehicle_msgs/include/vehicle_msgs/vehicle_msgs/msg/rosidl_typesupport_fastrtps_c__visibility_control.h
[2.540s] -- Up-to-date symlink: /home/shriperu/ros2_ws/install/vehicle_msgs/include/vehicle_msgs/vehicle_msgs/msg/detail/steering_command__rosidl_typesupport_introspection_c.h
[2.540s] -- Up-to-date symlink: /home/shriperu/ros2_ws/install/vehicle_msgs/include/vehicle_msgs/vehicle_msgs/msg/rosidl_typesupport_introspection_c__visibility_control.h
[2.540s] -- Up-to-date symlink: /home/shriperu/ros2_ws/install/vehicle_msgs/include/vehicle_msgs/vehicle_msgs/msg/detail/steering_command__builder.hpp
[2.541s] -- Up-to-date symlink: /home/shriperu/ros2_ws/install/vehicle_msgs/include/vehicle_msgs/vehicle_msgs/msg/detail/steering_command__struct.hpp
[2.541s] -- Up-to-date symlink: /home/shriperu/ros2_ws/install/vehicle_msgs/include/vehicle_msgs/vehicle_msgs/msg/detail/steering_command__traits.hpp
[2.541s] -- Up-to-date symlink: /home/shriperu/ros2_ws/install/vehicle_msgs/include/vehicle_msgs/vehicle_msgs/msg/detail/steering_command__type_support.hpp
[2.541s] -- Up-to-date symlink: /home/shriperu/ros2_ws/install/vehicle_msgs/include/vehicle_msgs/vehicle_msgs/msg/rosidl_generator_cpp__visibility_control.hpp
[2.541s] -- Up-to-date symlink: /home/shriperu/ros2_ws/install/vehicle_msgs/include/vehicle_msgs/vehicle_msgs/msg/steering_command.hpp
[2.542s] -- Up-to-date symlink: /home/shriperu/ros2_ws/install/vehicle_msgs/include/vehicle_msgs/vehicle_msgs/msg/detail/steering_command__rosidl_typesupport_fastrtps_cpp.hpp
[2.542s] -- Up-to-date symlink: /home/shriperu/ros2_ws/install/vehicle_msgs/include/vehicle_msgs/vehicle_msgs/msg/rosidl_typesupport_fastrtps_cpp__visibility_control.h
[2.542s] -- Up-to-date symlink: /home/shriperu/ros2_ws/install/vehicle_msgs/include/vehicle_msgs/vehicle_msgs/msg/detail/steering_command__rosidl_typesupport_introspection_cpp.hpp
[2.542s] -- Up-to-date symlink: /home/shriperu/ros2_ws/install/vehicle_msgs/share/vehicle_msgs/environment/pythonpath.sh
[2.542s] -- Up-to-date symlink: /home/shriperu/ros2_ws/install/vehicle_msgs/share/vehicle_msgs/environment/pythonpath.dsv
[2.543s] -- Up-to-date symlink: /home/shriperu/ros2_ws/install/vehicle_msgs/lib/python3.12/site-packages/vehicle_msgs-0.0.0-py3.12.egg-info/PKG-INFO
[2.543s] -- Up-to-date symlink: /home/shriperu/ros2_ws/install/vehicle_msgs/lib/python3.12/site-packages/vehicle_msgs-0.0.0-py3.12.egg-info/SOURCES.txt
[2.543s] -- Up-to-date symlink: /home/shriperu/ros2_ws/install/vehicle_msgs/lib/python3.12/site-packages/vehicle_msgs-0.0.0-py3.12.egg-info/dependency_links.txt
[2.543s] -- Up-to-date symlink: /home/shriperu/ros2_ws/install/vehicle_msgs/lib/python3.12/site-packages/vehicle_msgs-0.0.0-py3.12.egg-info/top_level.txt
[2.544s] -- Up-to-date symlink: /home/shriperu/ros2_ws/install/vehicle_msgs/lib/python3.12/site-packages/vehicle_msgs/__init__.py
[2.544s] -- Up-to-date symlink: /home/shriperu/ros2_ws/install/vehicle_msgs/lib/python3.12/site-packages/vehicle_msgs/_vehicle_msgs_s.ep.rosidl_typesupport_c.c
[2.544s] -- Up-to-date symlink: /home/shriperu/ros2_ws/install/vehicle_msgs/lib/python3.12/site-packages/vehicle_msgs/_vehicle_msgs_s.ep.rosidl_typesupport_fastrtps_c.c
[2.545s] -- Up-to-date symlink: /home/shriperu/ros2_ws/install/vehicle_msgs/lib/python3.12/site-packages/vehicle_msgs/_vehicle_msgs_s.ep.rosidl_typesupport_introspection_c.c
[2.545s] -- Up-to-date symlink: /home/shriperu/ros2_ws/install/vehicle_msgs/lib/python3.12/site-packages/vehicle_msgs/msg/__init__.py
[2.545s] -- Up-to-date symlink: /home/shriperu/ros2_ws/install/vehicle_msgs/lib/python3.12/site-packages/vehicle_msgs/msg/_steering_command.py
[2.545s] -- Up-to-date symlink: /home/shriperu/ros2_ws/install/vehicle_msgs/lib/python3.12/site-packages/vehicle_msgs/msg/_steering_command_s.c
[2.545s] -- Up-to-date symlink: /home/shriperu/ros2_ws/install/vehicle_msgs/lib/python3.12/site-packages/vehicle_msgs/vehicle_msgs_s__rosidl_typesupport_c.so
[2.546s] -- Up-to-date symlink: /home/shriperu/ros2_ws/install/vehicle_msgs/lib/python3.12/site-packages/vehicle_msgs/vehicle_msgs_s__rosidl_typesupport_fastrtps_c.so
[2.547s] -- Up-to-date symlink: /home/shriperu/ros2_ws/install/vehicle_msgs/lib/python3.12/site-packages/vehicle_msgs/vehicle_msgs_s__rosidl_typesupport_introspection_c.so
[2.547s] -- Up-to-date symlink: /home/shriperu/ros2_ws/install/vehicle_msgs/lib/python3.12/site-packages/vehicle_msgs/vehicle_msgs_s__rosidl_typesupport_fastrtps_c.so
[2.547s] -- Up-to-date symlink: /home/shriperu/ros2_ws/install/vehicle_msgs/lib/python3.12/site-packages/vehicle_msgs/vehicle_msgs_s__rosidl_typesupport_introspection_c.so
[2.548s] -- Up-to-date symlink: /home/shriperu/ros2_ws/install/vehicle_msgs/lib/python3.12/site-packages/vehicle_msgs/vehicle_msgs_s__rosidl_typesupport_c.so
[2.548s] -- Up-to-date symlink: /home/shriperu/ros2_ws/install/vehicle_msgs/share/ament_index/resource_index/rust_packages/vehicle_msgs
[2.548s] -- Up-to-date symlink: /home/shriperu/ros2_ws/install/vehicle_msgs/share/vehicle_msgs/rust/Cargo.toml
[2.548s] -- Up-to-date symlink: /home/shriperu/ros2_ws/install/vehicle_msgs/share/vehicle_msgs/rust/build.rs
[2.548s] -- Up-to-date symlink: /home/shriperu/ros2_ws/install/vehicle_msgs/share/vehicle_msgs/rust/src/lib.rs
[2.548s] -- Up-to-date symlink: /home/shriperu/ros2_ws/install/vehicle_msgs/share/vehicle_msgs/rust/src/msg.rs
[2.549s] -- Up-to-date symlink: /home/shriperu/ros2_ws/install/vehicle_msgs/share/vehicle_msgs/rust/src/msg/rmw.rs
[2.549s] -- Up-to-date symlink: /home/shriperu/ros2_ws/install/vehicle_msgs/share/vehicle_msgs/msg/SteeringCommand.idl
[2.549s] -- Up-to-date symlink: /home/shriperu/ros2_ws/install/vehicle_msgs/share/vehicle_msgs/msg/SteeringCommand.msg
[2.549s] -- Up-to-date symlink: /home/shriperu/ros2_ws/install/vehicle_msgs/share/ament_index/resource_index/package_run_dependencies/vehicle_msgs
[2.549s] -- Up-to-date symlink: /home/shriperu/ros2_ws/install/vehicle_msgs/share/ament_index/resource_index/parent_prefix_path/vehicle_msgs
[2.549s] -- Up-to-date symlink: /home/shriperu/ros2_ws/install/vehicle_msgs/share/vehicle_msgs/environment/ament_prefix_path.sh
[2.550s] -- Up-to-date symlink: /home/shriperu/ros2_ws/install/vehicle_msgs/share/vehicle_msgs/environment/ament_prefix_path.dsv
[2.550s] -- Up-to-date symlink: /home/shriperu/ros2_ws/install/vehicle_msgs/share/vehicle_msgs/environment/path.sh
[2.550s] -- Up-to-date symlink: /home/shriperu/ros2_ws/install/vehicle_msgs/share/vehicle_msgs/environment/path.dsv
[2.550s] -- Up-to-date symlink: /home/shriperu/ros2_ws/install/vehicle_msgs/share/vehicle_msgs/local_setup.bash
[2.550s] -- Up-to-date symlink: /home/shriperu/ros2_ws/install/vehicle_msgs/share/vehicle_msgs/local_setup.sh
[2.551s] -- Up-to-date symlink: /home/shriperu/ros2_ws/install/vehicle_msgs/share/vehicle_msgs/local_setup.zsh
[2.551s] -- Up-to-date symlink: /home/shriperu/ros2_ws/install/vehicle_msgs/share/vehicle_msgs/local_setup.dsv
[2.551s] -- Symlinking: /home/shriperu/ros2_ws/install/vehicle_msgs/share/vehicle_msgs/package.dsv
[2.566s] -- Up-to-date symlink: /home/shriperu/ros2_ws/install/vehicle_msgs/share/ament_index/resource_index/packages/vehicle_msgs
[2.566s] -- Up-to-date symlink: /home/shriperu/ros2_ws/install/vehicle_msgs/share/vehicle_msgs/cmake/rosidl_cmake-extras.cmake
[2.566s] -- Up-to-date symlink: /home/shriperu/ros2_ws/install/vehicle_msgs/share/vehicle_msgs/cmake/ament_cmake_export_include_directories-extras.cmake
[2.566s] -- Up-to-date symlink: /home/shriperu/ros2_ws/install/vehicle_msgs/share/vehicle_msgs/cmake/ament_cmake_export_libraries-extras.cmake
[2.566s] -- Up-to-date symlink: /home/shriperu/ros2_ws/install/vehicle_msgs/share/vehicle_msgs/cmake/ament_cmake_export_targets-extras.cmake
[2.567s] -- Up-to-date symlink: /home/shriperu/ros2_ws/install/vehicle_msgs/share/vehicle_msgs/cmake/rosidl_cmake_export_typesupport_targets-extras.cmake
[2.567s] -- Up-to-date symlink: /home/shriperu/ros2_ws/install/vehicle_msgs/share/vehicle_msgs/cmake/ament_cmake_export_dependencies-extras.cmake
[2.567s] -- Up-to-date symlink: /home/shriperu/ros2_ws/install/vehicle_msgs/share/vehicle_msgs/cmake/rosidl_cmake_export_typesupport_libraries-extras.cmake
[2.567s] -- Up-to-date symlink: /home/shriperu/ros2_ws/install/vehicle_msgs/share/vehicle_msgs/cmake/rosidl_cmake_aggregate_target-extras.cmake
[2.567s] -- Up-to-date symlink: /home/shriperu/ros2_ws/install/vehicle_msgs/share/vehicle_msgs/cmake/vehicle_msgsConfig.cmake
[2.567s] -- Up-to-date symlink: /home/shriperu/ros2_ws/install/vehicle_msgs/share/vehicle_msgs/cmake/vehicle_msgsConfig-version.cmake
[2.568s] -- Up-to-date symlink: /home/shriperu/ros2_ws/install/vehicle_msgs/share/vehicle_msgs/package.xml
[2.568s] -- Up-to-date: /home/shriperu/ros2_ws/install/vehicle_msgs/lib/libvehicle_msgs__rosidl_generator_c.so
[2.568s] -- Up-to-date: /home/shriperu/ros2_ws/install/vehicle_msgs/lib/libvehicle_msgs__rosidl_typesupport_fastrtps_c.so
[2.569s] -- Up-to-date: /home/shriperu/ros2_ws/install/vehicle_msgs/lib/libvehicle_msgs__rosidl_typesupport_introspection_c.so
[2.569s] -- Up-to-date: /home/shriperu/ros2_ws/install/vehicle_msgs/lib/libvehicle_msgs__rosidl_typesupport_c.so
[2.569s] -- Up-to-date: /home/shriperu/ros2_ws/install/vehicle_msgs/lib/libvehicle_msgs__rosidl_typesupport_fastrtps_cpp.so
[2.569s] -- Up-to-date: /home/shriperu/ros2_ws/install/vehicle_msgs/lib/libvehicle_msgs__rosidl_typesupport_introspection_cpp.so
[2.570s] -- Up-to-date: /home/shriperu/ros2_ws/install/vehicle_msgs/lib/libvehicle_msgs__rosidl_typesupport_cpp.so
[2.614s] Listing '/home/shriperu/ros2_ws/install/vehicle_msgs/lib/python3.12/site-packages/vehicle_msgs'...
[2.614s] Compiling '/home/shriperu/ros2_ws/install/vehicle_msgs/lib/python3.12/site-packages/vehicle_msgs/__init__.py'...
[2.614s] Listing '/home/shriperu/ros2_ws/install/vehicle_msgs/lib/python3.12/site-packages/vehicle_msgs/msg'...
[2.621s] -- Up-to-date: /home/shriperu/ros2_ws/install/vehicle_msgs/lib/libvehicle_msgs__rosidl_generator_py.so
[2.622s] -- Up-to-date: /home/shriperu/ros2_ws/install/vehicle_msgs/share/vehicle_msgs/cmake/export_vehicle_msgs__rosidl_generator_cExport.cmake
[2.622s] -- Up-to-date: /home/shriperu/ros2_ws/install/vehicle_msgs/share/vehicle_msgs/cmake/export_vehicle_msgs__rosidl_generator_cExport-noconfig.cmake
[2.622s] -- Up-to-date: /home/shriperu/ros2_ws/install/vehicle_msgs/share/vehicle_msgs/cmake/export_vehicle_msgs__rosidl_typesupport_fastrtps_cExport.cmake
[2.622s] -- Up-to-date: /home/shriperu/ros2_ws/install/vehicle_msgs/share/vehicle_msgs/cmake/export_vehicle_msgs__rosidl_typesupport_fastrtps_cExport-noconfig.cmake
[2.623s] -- Up-to-date: /home/shriperu/ros2_ws/install/vehicle_msgs/share/vehicle_msgs/cmake/vehicle_msgs__rosidl_typesupport_introspection_cExport.cmake
[2.623s] -- Up-to-date: /home/shriperu/ros2_ws/install/vehicle_msgs/share/vehicle_msgs/cmake/vehicle_msgs__rosidl_typesupport_introspection_cExport-noconfig.cmake
[2.623s] -- Up-to-date: /home/shriperu/ros2_ws/install/vehicle_msgs/share/vehicle_msgs/cmake/vehicle_msgs__rosidl_typesupport_cExport.cmake
[2.623s] -- Up-to-date: /home/shriperu/ros2_ws/install/vehicle_msgs/share/vehicle_msgs/cmake/vehicle_msgs__rosidl_typesupport_cExport-noconfig.cmake
[2.623s] -- Up-to-date: /home/shriperu/ros2_ws/install/vehicle_msgs/share/vehicle_msgs/cmake/export_vehicle_msgs__rosidl_generator_cppExport.cmake
[2.624s] -- Up-to-date: /home/shriperu/ros2_ws/install/vehicle_msgs/share/vehicle_msgs/cmake/export_vehicle_msgs__rosidl_typesupport_fastrtps_cppExport.cmake
[2.624s] -- Up-to-date: /home/shriperu/ros2_ws/install/vehicle_msgs/share/vehicle_msgs/cmake/export_vehicle_msgs__rosidl_typesupport_fastrtps_cppExport-noconfig.cmake
[2.624s] -- Up-to-date: /home/shriperu/ros2_ws/install/vehicle_msgs/share/vehicle_msgs/cmake/vehicle_msgs__rosidl_typesupport_introspection_cppExport.cmake
[2.624s] -- Up-to-date: /home/shriperu/ros2_ws/install/vehicle_msgs/share/vehicle_msgs/cmake/vehicle_msgs__rosidl_typesupport_introspection_cppExport-noconfig.cmake
[2.624s] -- Up-to-date: /home/shriperu/ros2_ws/install/vehicle_msgs/share/vehicle_msgs/cmake/vehicle_msgs__rosidl_typesupport_cppExport.cmake
[2.624s] -- Up-to-date: /home/shriperu/ros2_ws/install/vehicle_msgs/share/vehicle_msgs/cmake/vehicle_msgs__rosidl_typesupport_cppExport-noconfig.cmake
[2.624s] -- Up-to-date: /home/shriperu/ros2_ws/install/vehicle_msgs/share/vehicle_msgs/cmake/export_vehicle_msgs__rosidl_generator_pyExport.cmake
[2.624s] -- Up-to-date: /home/shriperu/ros2_ws/install/vehicle_msgs/share/vehicle_msgs/cmake/export_vehicle_msgs__rosidl_generator_pyExport-noconfig.cmake
[2.627s] Invoked command in '/home/shriperu/ros2_ws/build/vehicle_msgs' returned '0': CMAKE_PREFIX_PATH=${CMAKE_PREFIX_PATH}:/opt/ros/jazzy DEBUGINFOD_URLS=https://debuginfod.ubuntu.com /usr/bin/cmake --install /home/shriperu/ros2_ws/build/vehicle_msgs
