[0.019s] Invoking command in '/home/shriperu/ros2_ws/build/mujoco_sim_node': CMAKE_PREFIX_PATH=${CMAKE_PREFIX_PATH}:/opt/ros/jazzy DEBUGINFOD_URLS=https://debuginfod.ubuntu.com /usr/bin/cmake --build /home/shriperu/ros2_ws/build/mujoco_sim_node -- -j16 -l16
[0.128s] [100%] Built target mujoco_sim_node
[0.146s] Invoked command in '/home/shriperu/ros2_ws/build/mujoco_sim_node' returned '0': CMAKE_PREFIX_PATH=${CMAKE_PREFIX_PATH}:/opt/ros/jazzy DEBUGINFOD_URLS=https://debuginfod.ubuntu.com /usr/bin/cmake --build /home/shriperu/ros2_ws/build/mujoco_sim_node -- -j16 -l16
[0.164s] Invoking command in '/home/shriperu/ros2_ws/build/mujoco_sim_node': CMAKE_PREFIX_PATH=${CMAKE_PREFIX_PATH}:/opt/ros/jazzy DEBUGINFOD_URLS=https://debuginfod.ubuntu.com /usr/bin/cmake --install /home/shriperu/ros2_ws/build/mujoco_sim_node
[0.178s] -- Install configuration: ""
[0.178s] -- Execute custom install script
[0.179s] -- Up-to-date symlink: /home/shriperu/ros2_ws/install/mujoco_sim_node/lib/mujoco_sim_node/mujoco_sim_node
[0.179s] -- Up-to-date symlink: /home/shriperu/ros2_ws/install/mujoco_sim_node/share/mujoco_sim_node/model.xml
[0.180s] -- Up-to-date symlink: /home/shriperu/ros2_ws/install/mujoco_sim_node/share/ament_index/resource_index/package_run_dependencies/mujoco_sim_node
[0.180s] -- Up-to-date symlink: /home/shriperu/ros2_ws/install/mujoco_sim_node/share/ament_index/resource_index/parent_prefix_path/mujoco_sim_node
[0.180s] -- Up-to-date symlink: /home/shriperu/ros2_ws/install/mujoco_sim_node/share/mujoco_sim_node/environment/ament_prefix_path.sh
[0.181s] -- Up-to-date symlink: /home/shriperu/ros2_ws/install/mujoco_sim_node/share/mujoco_sim_node/environment/ament_prefix_path.dsv
[0.181s] -- Up-to-date symlink: /home/shriperu/ros2_ws/install/mujoco_sim_node/share/mujoco_sim_node/environment/path.sh
[0.181s] -- Up-to-date symlink: /home/shriperu/ros2_ws/install/mujoco_sim_node/share/mujoco_sim_node/environment/path.dsv
[0.182s] -- Up-to-date symlink: /home/shriperu/ros2_ws/install/mujoco_sim_node/share/mujoco_sim_node/local_setup.bash
[0.182s] -- Up-to-date symlink: /home/shriperu/ros2_ws/install/mujoco_sim_node/share/mujoco_sim_node/local_setup.sh
[0.182s] -- Up-to-date symlink: /home/shriperu/ros2_ws/install/mujoco_sim_node/share/mujoco_sim_node/local_setup.zsh
[0.182s] -- Up-to-date symlink: /home/shriperu/ros2_ws/install/mujoco_sim_node/share/mujoco_sim_node/local_setup.dsv
[0.182s] -- Symlinking: /home/shriperu/ros2_ws/install/mujoco_sim_node/share/mujoco_sim_node/package.dsv
[0.198s] -- Up-to-date symlink: /home/shriperu/ros2_ws/install/mujoco_sim_node/share/ament_index/resource_index/packages/mujoco_sim_node
[0.198s] -- Up-to-date symlink: /home/shriperu/ros2_ws/install/mujoco_sim_node/share/mujoco_sim_node/cmake/mujoco_sim_nodeConfig.cmake
[0.198s] -- Up-to-date symlink: /home/shriperu/ros2_ws/install/mujoco_sim_node/share/mujoco_sim_node/cmake/mujoco_sim_nodeConfig-version.cmake
[0.198s] -- Up-to-date symlink: /home/shriperu/ros2_ws/install/mujoco_sim_node/share/mujoco_sim_node/package.xml
[0.201s] Invoked command in '/home/shriperu/ros2_ws/build/mujoco_sim_node' returned '0': CMAKE_PREFIX_PATH=${CMAKE_PREFIX_PATH}:/opt/ros/jazzy DEBUGINFOD_URLS=https://debuginfod.ubuntu.com /usr/bin/cmake --install /home/shriperu/ros2_ws/build/mujoco_sim_node
