[0.027s] Invoking command in '/home/shriperu/ros2_ws/build/mujoco_sim_node': CMAKE_PREFIX_PATH=${CMAKE_PREFIX_PATH}:/opt/ros/jazzy DEBUGINFOD_URLS=https://debuginfod.ubuntu.com /usr/bin/cmake /home/shriperu/ros2_ws/src/mujoco_sim_node -DAMENT_CMAKE_SYMLINK_INSTALL=1 -DCMAKE_INSTALL_PREFIX=/home/shriperu/ros2_ws/install/mujoco_sim_node
[0.113s] -- Found ament_cmake: 2.5.6 (/opt/ros/jazzy/share/ament_cmake/cmake)
[0.405s] -- Override CMake install command with custom implementation using symlinks instead of copying resources
[0.439s] -- Found rclcpp: 28.1.21 (/opt/ros/jazzy/share/rclcpp/cmake)
[1.072s] -- Found rosidl_generator_c: 4.6.9 (/opt/ros/jazzy/share/rosidl_generator_c/cmake)
[1.090s] -- Found rosidl_generator_cpp: 4.6.9 (/opt/ros/jazzy/share/rosidl_generator_cpp/cmake)
[1.116s] -- Using all available rosidl_typesupport_c: rosidl_typesupport_fastrtps_c;rosidl_typesupport_introspection_c
[1.141s] -- Using all available rosidl_typesupport_cpp: rosidl_typesupport_fastrtps_cpp;rosidl_typesupport_introspection_cpp
[1.250s] -- Found rmw_implementation_cmake: 7.3.3 (/opt/ros/jazzy/share/rmw_implementation_cmake/cmake)
[1.254s] -- Found rmw_fastrtps_cpp: 8.4.4 (/opt/ros/jazzy/share/rmw_fastrtps_cpp/cmake)
[2.094s] -- Using RMW implementation 'rmw_fastrtps_cpp' as default
[2.765s] -- Found geometry_msgs: 5.3.8 (/opt/ros/jazzy/share/geometry_msgs/cmake)
[2.820s] -- Found ament_lint_auto: 0.17.5 (/opt/ros/jazzy/share/ament_lint_auto/cmake)
[2.956s] -- Added test 'cppcheck' to perform static code analysis on C / C++ code
[2.956s] -- Configured cppcheck include dirs: 
[2.957s] -- Configured cppcheck exclude dirs and/or files: 
[2.957s] -- Added test 'flake8' to check Python code syntax and style conventions
[2.957s] -- Configured 'flake8' exclude dirs and/or files: 
[2.958s] -- Added test 'lint_cmake' to check CMake code style
[2.959s] -- Added test 'pep257' to check Python code against some of the docstring style conventions in PEP 257
[2.962s] -- Added test 'uncrustify' to check C / C++ code style
[2.962s] -- Configured uncrustify additional arguments: 
[2.963s] -- Added test 'xmllint' to check XML markup files
[2.966s] -- Configuring done (2.9s)
[2.989s] -- Generating done (0.0s)
[2.993s] -- Build files have been written to: /home/shriperu/ros2_ws/build/mujoco_sim_node
[3.007s] Invoked command in '/home/shriperu/ros2_ws/build/mujoco_sim_node' returned '0': CMAKE_PREFIX_PATH=${CMAKE_PREFIX_PATH}:/opt/ros/jazzy DEBUGINFOD_URLS=https://debuginfod.ubuntu.com /usr/bin/cmake /home/shriperu/ros2_ws/src/mujoco_sim_node -DAMENT_CMAKE_SYMLINK_INSTALL=1 -DCMAKE_INSTALL_PREFIX=/home/shriperu/ros2_ws/install/mujoco_sim_node
[3.009s] Invoking command in '/home/shriperu/ros2_ws/build/mujoco_sim_node': CMAKE_PREFIX_PATH=${CMAKE_PREFIX_PATH}:/opt/ros/jazzy DEBUGINFOD_URLS=https://debuginfod.ubuntu.com /usr/bin/cmake --build /home/shriperu/ros2_ws/build/mujoco_sim_node -- -j16 -l16
[3.127s] [100%] Built target mujoco_sim_node
[3.142s] Invoked command in '/home/shriperu/ros2_ws/build/mujoco_sim_node' returned '0': CMAKE_PREFIX_PATH=${CMAKE_PREFIX_PATH}:/opt/ros/jazzy DEBUGINFOD_URLS=https://debuginfod.ubuntu.com /usr/bin/cmake --build /home/shriperu/ros2_ws/build/mujoco_sim_node -- -j16 -l16
[3.158s] Invoking command in '/home/shriperu/ros2_ws/build/mujoco_sim_node': CMAKE_PREFIX_PATH=${CMAKE_PREFIX_PATH}:/opt/ros/jazzy DEBUGINFOD_URLS=https://debuginfod.ubuntu.com /usr/bin/cmake --install /home/shriperu/ros2_ws/build/mujoco_sim_node
[3.169s] -- Install configuration: ""
[3.170s] -- Execute custom install script
[3.170s] -- Up-to-date symlink: /home/shriperu/ros2_ws/install/mujoco_sim_node/lib/mujoco_sim_node/mujoco_sim_node
[3.171s] -- Up-to-date symlink: /home/shriperu/ros2_ws/install/mujoco_sim_node/share/mujoco_sim_node/model.xml
[3.171s] -- Up-to-date symlink: /home/shriperu/ros2_ws/install/mujoco_sim_node/share/ament_index/resource_index/package_run_dependencies/mujoco_sim_node
[3.173s] -- Up-to-date symlink: /home/shriperu/ros2_ws/install/mujoco_sim_node/share/ament_index/resource_index/parent_prefix_path/mujoco_sim_node
[3.173s] -- Up-to-date symlink: /home/shriperu/ros2_ws/install/mujoco_sim_node/share/mujoco_sim_node/environment/ament_prefix_path.sh
[3.173s] -- Up-to-date symlink: /home/shriperu/ros2_ws/install/mujoco_sim_node/share/mujoco_sim_node/environment/ament_prefix_path.dsv
[3.174s] -- Up-to-date symlink: /home/shriperu/ros2_ws/install/mujoco_sim_node/share/mujoco_sim_node/environment/path.sh
[3.174s] -- Up-to-date symlink: /home/shriperu/ros2_ws/install/mujoco_sim_node/share/mujoco_sim_node/environment/path.dsv
[3.174s] -- Up-to-date symlink: /home/shriperu/ros2_ws/install/mujoco_sim_node/share/mujoco_sim_node/local_setup.bash
[3.175s] -- Up-to-date symlink: /home/shriperu/ros2_ws/install/mujoco_sim_node/share/mujoco_sim_node/local_setup.sh
[3.175s] -- Up-to-date symlink: /home/shriperu/ros2_ws/install/mujoco_sim_node/share/mujoco_sim_node/local_setup.zsh
[3.176s] -- Up-to-date symlink: /home/shriperu/ros2_ws/install/mujoco_sim_node/share/mujoco_sim_node/local_setup.dsv
[3.176s] -- Symlinking: /home/shriperu/ros2_ws/install/mujoco_sim_node/share/mujoco_sim_node/package.dsv
[3.191s] -- Up-to-date symlink: /home/shriperu/ros2_ws/install/mujoco_sim_node/share/ament_index/resource_index/packages/mujoco_sim_node
[3.191s] -- Up-to-date symlink: /home/shriperu/ros2_ws/install/mujoco_sim_node/share/mujoco_sim_node/cmake/mujoco_sim_nodeConfig.cmake
[3.191s] -- Up-to-date symlink: /home/shriperu/ros2_ws/install/mujoco_sim_node/share/mujoco_sim_node/cmake/mujoco_sim_nodeConfig-version.cmake
[3.192s] -- Up-to-date symlink: /home/shriperu/ros2_ws/install/mujoco_sim_node/share/mujoco_sim_node/package.xml
[3.194s] Invoked command in '/home/shriperu/ros2_ws/build/mujoco_sim_node' returned '0': CMAKE_PREFIX_PATH=${CMAKE_PREFIX_PATH}:/opt/ros/jazzy DEBUGINFOD_URLS=https://debuginfod.ubuntu.com /usr/bin/cmake --install /home/shriperu/ros2_ws/build/mujoco_sim_node
