[0.029s] Invoking command in '/home/shriperu/ros2_ws/build/global_planner': CMAKE_PREFIX_PATH=${CMAKE_PREFIX_PATH}:/opt/ros/jazzy DEBUGINFOD_URLS=https://debuginfod.ubuntu.com /usr/bin/cmake /home/shriperu/ros2_ws/src/global_planner -DAMENT_CMAKE_SYMLINK_INSTALL=1 -DCMAKE_INSTALL_PREFIX=/home/shriperu/ros2_ws/install/global_planner
[0.786s] -- The C compiler identification is GNU 13.3.0
[3.165s] -- The CXX compiler identification is GNU 13.3.0
[5.463s] -- Detecting C compiler ABI info
[6.552s] -- Detecting C compiler ABI info - done
[6.563s] -- Check for working C compiler: /usr/bin/cc - skipped
[6.564s] -- Detecting C compile features
[6.564s] -- Detecting C compile features - done
[7.049s] -- Detecting CXX compiler ABI info
[8.150s] -- Detecting CXX compiler ABI info - done
[8.161s] -- Check for working CXX compiler: /usr/bin/c++ - skipped
[8.161s] -- Detecting CXX compile features
[8.162s] -- Detecting CXX compile features - done
[8.190s] -- Found ament_cmake: 2.5.6 (/opt/ros/jazzy/share/ament_cmake/cmake)
[8.376s] -- Found Python3: /usr/bin/python3 (found version "3.12.3") found components: Interpreter 
[8.462s] -- Override CMake install command with custom implementation using symlinks instead of copying resources
[8.538s] -- Found rclcpp: 28.1.21 (/opt/ros/jazzy/share/rclcpp/cmake)
[9.019s] -- Found rosidl_generator_c: 4.6.9 (/opt/ros/jazzy/share/rosidl_generator_c/cmake)
[9.040s] -- Found rosidl_generator_cpp: 4.6.9 (/opt/ros/jazzy/share/rosidl_generator_cpp/cmake)
[9.069s] -- Using all available rosidl_typesupport_c: rosidl_typesupport_fastrtps_c;rosidl_typesupport_introspection_c
[9.096s] -- Using all available rosidl_typesupport_cpp: rosidl_typesupport_fastrtps_cpp;rosidl_typesupport_introspection_cpp
[9.215s] -- Found rmw_implementation_cmake: 7.3.3 (/opt/ros/jazzy/share/rmw_implementation_cmake/cmake)
[9.220s] -- Found rmw_fastrtps_cpp: 8.4.4 (/opt/ros/jazzy/share/rmw_fastrtps_cpp/cmake)
[9.368s] -- Found OpenSSL: /usr/lib/x86_64-linux-gnu/libcrypto.so (found version "3.0.13")  
[9.971s] -- Found FastRTPS: /opt/ros/jazzy/include (Required is at least version "2.13") 
[10.280s] -- Using RMW implementation 'rmw_fastrtps_cpp' as default
[10.840s] -- Found geometry_msgs: 5.3.8 (/opt/ros/jazzy/share/geometry_msgs/cmake)
[10.886s] -- Found ament_lint_auto: 0.17.5 (/opt/ros/jazzy/share/ament_lint_auto/cmake)
[11.005s] [31mCMake Error at /opt/ros/jazzy/share/ament_cmake_target_dependencies/cmake/ament_target_dependencies.cmake:77 (message):
[11.005s]   ament_target_dependencies() the passed package name 'nav_msgs' was not
[11.005s]   found before
[11.005s] Call Stack (most recent call first):
[11.005s]   CMakeLists.txt:32 (ament_target_dependencies)
[11.005s] 
[11.006s] [0m
[11.006s] -- Configuring incomplete, errors occurred!
[11.022s] Invoked command in '/home/shriperu/ros2_ws/build/global_planner' returned '1': CMAKE_PREFIX_PATH=${CMAKE_PREFIX_PATH}:/opt/ros/jazzy DEBUGINFOD_URLS=https://debuginfod.ubuntu.com /usr/bin/cmake /home/shriperu/ros2_ws/src/global_planner -DAMENT_CMAKE_SYMLINK_INSTALL=1 -DCMAKE_INSTALL_PREFIX=/home/shriperu/ros2_ws/install/global_planner
