[0.023s] Invoking command in '/home/shriperu/ros2_ws/build/global_planner': CMAKE_PREFIX_PATH=${CMAKE_PREFIX_PATH}:/opt/ros/jazzy DEBUGINFOD_URLS=https://debuginfod.ubuntu.com /usr/bin/cmake /home/shriperu/ros2_ws/src/global_planner -DCMAKE_INSTALL_PREFIX=/home/shriperu/ros2_ws/install/global_planner
[0.086s] -- Found ament_cmake: 2.5.6 (/opt/ros/jazzy/share/ament_cmake/cmake)
[0.361s] -- Override CMake install command with custom implementation using symlinks instead of copying resources
[0.391s] -- Found rclcpp: 28.1.21 (/opt/ros/jazzy/share/rclcpp/cmake)
[0.966s] -- Found rosidl_generator_c: 4.6.9 (/opt/ros/jazzy/share/rosidl_generator_c/cmake)
[0.983s] -- Found rosidl_generator_cpp: 4.6.9 (/opt/ros/jazzy/share/rosidl_generator_cpp/cmake)
[1.006s] -- Using all available rosidl_typesupport_c: rosidl_typesupport_fastrtps_c;rosidl_typesupport_introspection_c
[1.028s] -- Using all available rosidl_typesupport_cpp: rosidl_typesupport_fastrtps_cpp;rosidl_typesupport_introspection_cpp
[1.135s] -- Found rmw_implementation_cmake: 7.3.3 (/opt/ros/jazzy/share/rmw_implementation_cmake/cmake)
[1.139s] -- Found rmw_fastrtps_cpp: 8.4.4 (/opt/ros/jazzy/share/rmw_fastrtps_cpp/cmake)
[1.931s] -- Using RMW implementation 'rmw_fastrtps_cpp' as default
[2.484s] -- Found geometry_msgs: 5.3.8 (/opt/ros/jazzy/share/geometry_msgs/cmake)
[2.534s] -- Found nav_msgs: 5.3.8 (/opt/ros/jazzy/share/nav_msgs/cmake)
[2.572s] -- Found ament_lint_auto: 0.17.5 (/opt/ros/jazzy/share/ament_lint_auto/cmake)
[2.701s] -- Found ament_cmake_gtest: 2.5.6 (/opt/ros/jazzy/share/ament_cmake_gtest/cmake)
[2.710s] -- Found gtest sources under '/opt/ros/jazzy/src/gtest_vendor': C++ tests using 'Google Test' will be built
[2.717s] -- Performing Test CMAKE_HAVE_LIBC_PTHREAD
[3.378s] -- Performing Test CMAKE_HAVE_LIBC_PTHREAD - Success
[3.379s] -- Found Threads: TRUE  
[3.391s] -- Added test 'cppcheck' to perform static code analysis on C / C++ code
[3.392s] -- Configured cppcheck include dirs: /home/shriperu/ros2_ws/src/global_planner/include
[3.392s] -- Configured cppcheck exclude dirs and/or files: 
[3.393s] -- Added test 'lint_cmake' to check CMake code style
[3.395s] -- Added test 'uncrustify' to check C / C++ code style
[3.395s] -- Configured uncrustify additional arguments: 
[3.396s] -- Added test 'xmllint' to check XML markup files
[3.398s] -- Configuring done (3.3s)
[3.430s] -- Generating done (0.0s)
[3.438s] -- Build files have been written to: /home/shriperu/ros2_ws/build/global_planner
[3.455s] Invoked command in '/home/shriperu/ros2_ws/build/global_planner' returned '0': CMAKE_PREFIX_PATH=${CMAKE_PREFIX_PATH}:/opt/ros/jazzy DEBUGINFOD_URLS=https://debuginfod.ubuntu.com /usr/bin/cmake /home/shriperu/ros2_ws/src/global_planner -DCMAKE_INSTALL_PREFIX=/home/shriperu/ros2_ws/install/global_planner
[3.457s] Invoking command in '/home/shriperu/ros2_ws/build/global_planner': CMAKE_PREFIX_PATH=${CMAKE_PREFIX_PATH}:/opt/ros/jazzy DEBUGINFOD_URLS=https://debuginfod.ubuntu.com /usr/bin/cmake --build /home/shriperu/ros2_ws/build/global_planner -- -j16 -l16
[3.535s] [ 10%] [32mBuilding CXX object gtest/CMakeFiles/gtest.dir/src/gtest-all.cc.o[0m
[3.536s] [ 20%] [32mBuilding CXX object gtest/CMakeFiles/gtest_main.dir/src/gtest_main.cc.o[0m
[3.550s] [ 50%] Built target global_planner_node
[4.688s] [ 60%] [32m[1mLinking CXX static library libgtest_main.a[0m
[4.847s] [ 60%] Built target gtest_main
[8.110s] [ 70%] [32m[1mLinking CXX static library libgtest.a[0m
[8.222s] [ 70%] Built target gtest
[8.254s] [ 80%] [32mBuilding C object CMakeFiles/test_dubins.dir/src/dubins.c.o[0m
[8.254s] [ 90%] [32mBuilding CXX object CMakeFiles/test_dubins.dir/test/test_dubins.cpp.o[0m
[9.349s] [100%] [32m[1mLinking CXX executable test_dubins[0m
[10.005s] [100%] Built target test_dubins
[10.020s] Invoked command in '/home/shriperu/ros2_ws/build/global_planner' returned '0': CMAKE_PREFIX_PATH=${CMAKE_PREFIX_PATH}:/opt/ros/jazzy DEBUGINFOD_URLS=https://debuginfod.ubuntu.com /usr/bin/cmake --build /home/shriperu/ros2_ws/build/global_planner -- -j16 -l16
[10.033s] Invoking command in '/home/shriperu/ros2_ws/build/global_planner': CMAKE_PREFIX_PATH=${CMAKE_PREFIX_PATH}:/opt/ros/jazzy DEBUGINFOD_URLS=https://debuginfod.ubuntu.com /usr/bin/cmake --install /home/shriperu/ros2_ws/build/global_planner
[10.044s] -- Install configuration: ""
[10.044s] -- Execute custom install script
[10.044s] -- Up-to-date symlink: /home/shriperu/ros2_ws/install/global_planner/lib/global_planner/global_planner_node
[10.045s] -- Up-to-date symlink: /home/shriperu/ros2_ws/install/global_planner/share/ament_index/resource_index/package_run_dependencies/global_planner
[10.045s] -- Up-to-date symlink: /home/shriperu/ros2_ws/install/global_planner/share/ament_index/resource_index/parent_prefix_path/global_planner
[10.045s] -- Up-to-date symlink: /home/shriperu/ros2_ws/install/global_planner/share/global_planner/environment/ament_prefix_path.sh
[10.045s] -- Up-to-date symlink: /home/shriperu/ros2_ws/install/global_planner/share/global_planner/environment/ament_prefix_path.dsv
[10.046s] -- Up-to-date symlink: /home/shriperu/ros2_ws/install/global_planner/share/global_planner/environment/path.sh
[10.046s] -- Up-to-date symlink: /home/shriperu/ros2_ws/install/global_planner/share/global_planner/environment/path.dsv
[10.046s] -- Up-to-date symlink: /home/shriperu/ros2_ws/install/global_planner/share/global_planner/local_setup.bash
[10.046s] -- Up-to-date symlink: /home/shriperu/ros2_ws/install/global_planner/share/global_planner/local_setup.sh
[10.047s] -- Up-to-date symlink: /home/shriperu/ros2_ws/install/global_planner/share/global_planner/local_setup.zsh
[10.047s] -- Up-to-date symlink: /home/shriperu/ros2_ws/install/global_planner/share/global_planner/local_setup.dsv
[10.047s] -- Symlinking: /home/shriperu/ros2_ws/install/global_planner/share/global_planner/package.dsv
[10.059s] -- Up-to-date symlink: /home/shriperu/ros2_ws/install/global_planner/share/ament_index/resource_index/packages/global_planner
[10.060s] -- Up-to-date symlink: /home/shriperu/ros2_ws/install/global_planner/share/global_planner/cmake/global_plannerConfig.cmake
[10.060s] -- Up-to-date symlink: /home/shriperu/ros2_ws/install/global_planner/share/global_planner/cmake/global_plannerConfig-version.cmake
[10.060s] -- Up-to-date symlink: /home/shriperu/ros2_ws/install/global_planner/share/global_planner/package.xml
[10.063s] Invoked command in '/home/shriperu/ros2_ws/build/global_planner' returned '0': CMAKE_PREFIX_PATH=${CMAKE_PREFIX_PATH}:/opt/ros/jazzy DEBUGINFOD_URLS=https://debuginfod.ubuntu.com /usr/bin/cmake --install /home/shriperu/ros2_ws/build/global_planner
