[0.019s] Invoking command in '/home/shriperu/ros2_ws/build/vehicle_msgs': CMAKE_PREFIX_PATH=${CMAKE_PREFIX_PATH}:/opt/ros/jazzy DEBUGINFOD_URLS=https://debuginfod.ubuntu.com /usr/bin/cmake --build /home/shriperu/ros2_ws/build/vehicle_msgs -- -j16 -l16
[0.117s] [  2%] Built target vehicle_msgs__rs
[0.126s] [  5%] Built target vehicle_msgs__rosidl_generator_type_description
[0.128s] [  5%] Built target ament_cmake_python_symlink_vehicle_msgs
[0.159s] [ 11%] Built target vehicle_msgs__cpp
[0.159s] [ 22%] Built target vehicle_msgs__rosidl_generator_c
[0.196s] [ 37%] Built target vehicle_msgs__rosidl_typesupport_introspection_c
[0.196s] [ 45%] Built target vehicle_msgs__rosidl_typesupport_fastrtps_c
[0.196s] [ 48%] Built target vehicle_msgs__rosidl_typesupport_c
[0.201s] [ 65%] Built target vehicle_msgs__rosidl_typesupport_introspection_cpp
[0.201s] [ 65%] Built target vehicle_msgs__rosidl_typesupport_cpp
[0.201s] [ 74%] Built target vehicle_msgs__rosidl_typesupport_fastrtps_cpp
[0.232s] [ 74%] Built target vehicle_msgs
[0.264s] [ 77%] Built target vehicle_msgs__py
[0.300s] [ 82%] Built target vehicle_msgs__rosidl_generator_py
[0.334s] [ 94%] Built target vehicle_msgs_s__rosidl_typesupport_fastrtps_c
[0.334s] [ 94%] Built target vehicle_msgs_s__rosidl_typesupport_introspection_c
[0.338s] [100%] Built target vehicle_msgs_s__rosidl_typesupport_c
[0.410s] running egg_info
[0.434s] writing vehicle_msgs.egg-info/PKG-INFO
[0.434s] writing dependency_links to vehicle_msgs.egg-info/dependency_links.txt
[0.434s] writing top-level names to vehicle_msgs.egg-info/top_level.txt
[0.498s] reading manifest file 'vehicle_msgs.egg-info/SOURCES.txt'
[0.499s] writing manifest file 'vehicle_msgs.egg-info/SOURCES.txt'
[0.544s] [100%] Built target ament_cmake_python_build_vehicle_msgs_egg
[0.562s] Invoked command in '/home/shriperu/ros2_ws/build/vehicle_msgs' returned '0': CMAKE_PREFIX_PATH=${CMAKE_PREFIX_PATH}:/opt/ros/jazzy DEBUGINFOD_URLS=https://debuginfod.ubuntu.com /usr/bin/cmake --build /home/shriperu/ros2_ws/build/vehicle_msgs -- -j16 -l16
[0.564s] Invoking command in '/home/shriperu/ros2_ws/build/vehicle_msgs': CMAKE_PREFIX_PATH=${CMAKE_PREFIX_PATH}:/opt/ros/jazzy DEBUGINFOD_URLS=https://debuginfod.ubuntu.com /usr/bin/cmake --install /home/shriperu/ros2_ws/build/vehicle_msgs
[0.576s] -- Install configuration: ""
[0.577s] -- Execute custom install script
[0.577s] -- Up-to-date symlink: /home/shriperu/ros2_ws/install/vehicle_msgs/share/ament_index/resource_index/rosidl_interfaces/vehicle_msgs
[0.578s] -- Up-to-date symlink: /home/shriperu/ros2_ws/install/vehicle_msgs/share/vehicle_msgs/msg/SteeringCommand.json
[0.579s] -- Up-to-date symlink: /home/shriperu/ros2_ws/install/vehicle_msgs/include/vehicle_msgs/vehicle_msgs/msg/detail/steering_command__functions.h
[0.579s] -- Up-to-date symlink: /home/shriperu/ros2_ws/install/vehicle_msgs/include/vehicle_msgs/vehicle_msgs/msg/detail/steering_command__struct.h
[0.579s] -- Up-to-date symlink: /home/shriperu/ros2_ws/install/vehicle_msgs/include/vehicle_msgs/vehicle_msgs/msg/detail/steering_command__type_support.h
[0.579s] -- Up-to-date symlink: /home/shriperu/ros2_ws/install/vehicle_msgs/include/vehicle_msgs/vehicle_msgs/msg/rosidl_generator_c__visibility_control.h
[0.579s] -- Up-to-date symlink: /home/shriperu/ros2_ws/install/vehicle_msgs/include/vehicle_msgs/vehicle_msgs/msg/steering_command.h
[0.580s] -- Up-to-date symlink: /home/shriperu/ros2_ws/install/vehicle_msgs/share/vehicle_msgs/environment/library_path.sh
[0.580s] -- Up-to-date symlink: /home/shriperu/ros2_ws/install/vehicle_msgs/share/vehicle_msgs/environment/library_path.dsv
[0.581s] -- Up-to-date symlink: /home/shriperu/ros2_ws/install/vehicle_msgs/include/vehicle_msgs/vehicle_msgs/msg/detail/steering_command__rosidl_typesupport_fastrtps_c.h
[0.581s] -- Up-to-date symlink: /home/shriperu/ros2_ws/install/vehicle_msgs/include/vehicle_msgs/vehicle_msgs/msg/rosidl_typesupport_fastrtps_c__visibility_control.h
[0.582s] -- Up-to-date symlink: /home/shriperu/ros2_ws/install/vehicle_msgs/include/vehicle_msgs/vehicle_msgs/msg/detail/steering_command__rosidl_typesupport_introspection_c.h
[0.582s] -- Up-to-date symlink: /home/shriperu/ros2_ws/install/vehicle_msgs/include/vehicle_msgs/vehicle_msgs/msg/rosidl_typesupport_introspection_c__visibility_control.h
[0.582s] -- Up-to-date symlink: /home/shriperu/ros2_ws/install/vehicle_msgs/include/vehicle_msgs/vehicle_msgs/msg/detail/steering_command__builder.hpp
[0.583s] -- Up-to-date symlink: /home/shriperu/ros2_ws/install/vehicle_msgs/include/vehicle_msgs/vehicle_msgs/msg/detail/steering_command__struct.hpp
[0.583s] -- Up-to-date symlink: /home/shriperu/ros2_ws/install/vehicle_msgs/include/vehicle_msgs/vehicle_msgs/msg/detail/steering_command__traits.hpp
[0.583s] -- Up-to-date symlink: /home/shriperu/ros2_ws/install/vehicle_msgs/include/vehicle_msgs/vehicle_msgs/msg/detail/steering_command__type_support.hpp
[0.584s] -- Up-to-date symlink: /home/shriperu/ros2_ws/install/vehicle_msgs/include/vehicle_msgs/vehicle_msgs/msg/rosidl_generator_cpp__visibility_control.hpp
[0.584s] -- Up-to-date symlink: /home/shriperu/ros2_ws/install/vehicle_msgs/include/vehicle_msgs/vehicle_msgs/msg/steering_command.hpp
[0.584s] -- Up-to-date symlink: /home/shriperu/ros2_ws/install/vehicle_msgs/include/vehicle_msgs/vehicle_msgs/msg/detail/steering_command__rosidl_typesupport_fastrtps_cpp.hpp
[0.585s] -- Up-to-date symlink: /home/shriperu/ros2_ws/install/vehicle_msgs/include/vehicle_msgs/vehicle_msgs/msg/rosidl_typesupport_fastrtps_cpp__visibility_control.h
[0.585s] -- Up-to-date symlink: /home/shriperu/ros2_ws/install/vehicle_msgs/include/vehicle_msgs/vehicle_msgs/msg/detail/steering_command__rosidl_typesupport_introspection_cpp.hpp
[0.585s] -- Up-to-date symlink: /home/shriperu/ros2_ws/install/vehicle_msgs/share/vehicle_msgs/environment/pythonpath.sh
[0.586s] -- Up-to-date symlink: /home/shriperu/ros2_ws/install/vehicle_msgs/share/vehicle_msgs/environment/pythonpath.dsv
[0.587s] -- Up-to-date symlink: /home/shriperu/ros2_ws/install/vehicle_msgs/lib/python3.12/site-packages/vehicle_msgs-0.0.0-py3.12.egg-info/PKG-INFO
[0.587s] -- Up-to-date symlink: /home/shriperu/ros2_ws/install/vehicle_msgs/lib/python3.12/site-packages/vehicle_msgs-0.0.0-py3.12.egg-info/SOURCES.txt
[0.588s] -- Up-to-date symlink: /home/shriperu/ros2_ws/install/vehicle_msgs/lib/python3.12/site-packages/vehicle_msgs-0.0.0-py3.12.egg-info/dependency_links.txt
[0.588s] -- Up-to-date symlink: /home/shriperu/ros2_ws/install/vehicle_msgs/lib/python3.12/site-packages/vehicle_msgs-0.0.0-py3.12.egg-info/top_level.txt
[0.589s] -- Up-to-date symlink: /home/shriperu/ros2_ws/install/vehicle_msgs/lib/python3.12/site-packages/vehicle_msgs/__init__.py
[0.589s] -- Up-to-date symlink: /home/shriperu/ros2_ws/install/vehicle_msgs/lib/python3.12/site-packages/vehicle_msgs/_vehicle_msgs_s.ep.rosidl_typesupport_c.c
[0.590s] -- Up-to-date symlink: /home/shriperu/ros2_ws/install/vehicle_msgs/lib/python3.12/site-packages/vehicle_msgs/_vehicle_msgs_s.ep.rosidl_typesupport_fastrtps_c.c
[0.590s] -- Up-to-date symlink: /home/shriperu/ros2_ws/install/vehicle_msgs/lib/python3.12/site-packages/vehicle_msgs/_vehicle_msgs_s.ep.rosidl_typesupport_introspection_c.c
[0.590s] -- Up-to-date symlink: /home/shriperu/ros2_ws/install/vehicle_msgs/lib/python3.12/site-packages/vehicle_msgs/msg/__init__.py
[0.591s] -- Up-to-date symlink: /home/shriperu/ros2_ws/install/vehicle_msgs/lib/python3.12/site-packages/vehicle_msgs/msg/_steering_command.py
[0.591s] -- Up-to-date symlink: /home/shriperu/ros2_ws/install/vehicle_msgs/lib/python3.12/site-packages/vehicle_msgs/msg/_steering_command_s.c
[0.591s] -- Up-to-date symlink: /home/shriperu/ros2_ws/install/vehicle_msgs/lib/python3.12/site-packages/vehicle_msgs/vehicle_msgs_s__rosidl_typesupport_c.so
[0.591s] -- Up-to-date symlink: /home/shriperu/ros2_ws/install/vehicle_msgs/lib/python3.12/site-packages/vehicle_msgs/vehicle_msgs_s__rosidl_typesupport_fastrtps_c.so
[0.591s] -- Up-to-date symlink: /home/shriperu/ros2_ws/install/vehicle_msgs/lib/python3.12/site-packages/vehicle_msgs/vehicle_msgs_s__rosidl_typesupport_introspection_c.so
[0.592s] -- Up-to-date symlink: /home/shriperu/ros2_ws/install/vehicle_msgs/lib/python3.12/site-packages/vehicle_msgs/vehicle_msgs_s__rosidl_typesupport_fastrtps_c.so
[0.592s] -- Up-to-date symlink: /home/shriperu/ros2_ws/install/vehicle_msgs/lib/python3.12/site-packages/vehicle_msgs/vehicle_msgs_s__rosidl_typesupport_introspection_c.so
[0.592s] -- Up-to-date symlink: /home/shriperu/ros2_ws/install/vehicle_msgs/lib/python3.12/site-packages/vehicle_msgs/vehicle_msgs_s__rosidl_typesupport_c.so
[0.593s] -- Up-to-date symlink: /home/shriperu/ros2_ws/install/vehicle_msgs/share/ament_index/resource_index/rust_packages/vehicle_msgs
[0.594s] -- Up-to-date symlink: /home/shriperu/ros2_ws/install/vehicle_msgs/share/vehicle_msgs/rust/Cargo.toml
[0.594s] -- Up-to-date symlink: /home/shriperu/ros2_ws/install/vehicle_msgs/share/vehicle_msgs/rust/build.rs
[0.594s] -- Up-to-date symlink: /home/shriperu/ros2_ws/install/vehicle_msgs/share/vehicle_msgs/rust/src/lib.rs
[0.594s] -- Up-to-date symlink: /home/shriperu/ros2_ws/install/vehicle_msgs/share/vehicle_msgs/rust/src/msg.rs
[0.595s] -- Up-to-date symlink: /home/shriperu/ros2_ws/install/vehicle_msgs/share/vehicle_msgs/rust/src/msg/rmw.rs
[0.595s] -- Up-to-date symlink: /home/shriperu/ros2_ws/install/vehicle_msgs/share/vehicle_msgs/msg/SteeringCommand.idl
[0.595s] -- Up-to-date symlink: /home/shriperu/ros2_ws/install/vehicle_msgs/share/vehicle_msgs/msg/SteeringCommand.msg
[0.595s] -- Up-to-date symlink: /home/shriperu/ros2_ws/install/vehicle_msgs/share/ament_index/resource_index/package_run_dependencies/vehicle_msgs
[0.595s] -- Up-to-date symlink: /home/shriperu/ros2_ws/install/vehicle_msgs/share/ament_index/resource_index/parent_prefix_path/vehicle_msgs
[0.596s] -- Up-to-date symlink: /home/shriperu/ros2_ws/install/vehicle_msgs/share/vehicle_msgs/environment/ament_prefix_path.sh
[0.596s] -- Up-to-date symlink: /home/shriperu/ros2_ws/install/vehicle_msgs/share/vehicle_msgs/environment/ament_prefix_path.dsv
[0.596s] -- Up-to-date symlink: /home/shriperu/ros2_ws/install/vehicle_msgs/share/vehicle_msgs/environment/path.sh
[0.596s] -- Up-to-date symlink: /home/shriperu/ros2_ws/install/vehicle_msgs/share/vehicle_msgs/environment/path.dsv
[0.596s] -- Up-to-date symlink: /home/shriperu/ros2_ws/install/vehicle_msgs/share/vehicle_msgs/local_setup.bash
[0.597s] -- Up-to-date symlink: /home/shriperu/ros2_ws/install/vehicle_msgs/share/vehicle_msgs/local_setup.sh
[0.597s] -- Up-to-date symlink: /home/shriperu/ros2_ws/install/vehicle_msgs/share/vehicle_msgs/local_setup.zsh
[0.597s] -- Up-to-date symlink: /home/shriperu/ros2_ws/install/vehicle_msgs/share/vehicle_msgs/local_setup.dsv
[0.597s] -- Symlinking: /home/shriperu/ros2_ws/install/vehicle_msgs/share/vehicle_msgs/package.dsv
[0.614s] -- Up-to-date symlink: /home/shriperu/ros2_ws/install/vehicle_msgs/share/ament_index/resource_index/packages/vehicle_msgs
[0.614s] -- Up-to-date symlink: /home/shriperu/ros2_ws/install/vehicle_msgs/share/vehicle_msgs/cmake/rosidl_cmake-extras.cmake
[0.614s] -- Up-to-date symlink: /home/shriperu/ros2_ws/install/vehicle_msgs/share/vehicle_msgs/cmake/ament_cmake_export_include_directories-extras.cmake
[0.615s] -- Up-to-date symlink: /home/shriperu/ros2_ws/install/vehicle_msgs/share/vehicle_msgs/cmake/ament_cmake_export_libraries-extras.cmake
[0.615s] -- Up-to-date symlink: /home/shriperu/ros2_ws/install/vehicle_msgs/share/vehicle_msgs/cmake/ament_cmake_export_targets-extras.cmake
[0.615s] -- Up-to-date symlink: /home/shriperu/ros2_ws/install/vehicle_msgs/share/vehicle_msgs/cmake/rosidl_cmake_export_typesupport_targets-extras.cmake
[0.615s] -- Up-to-date symlink: /home/shriperu/ros2_ws/install/vehicle_msgs/share/vehicle_msgs/cmake/ament_cmake_export_dependencies-extras.cmake
[0.616s] -- Up-to-date symlink: /home/shriperu/ros2_ws/install/vehicle_msgs/share/vehicle_msgs/cmake/rosidl_cmake_export_typesupport_libraries-extras.cmake
[0.616s] -- Up-to-date symlink: /home/shriperu/ros2_ws/install/vehicle_msgs/share/vehicle_msgs/cmake/rosidl_cmake_aggregate_target-extras.cmake
[0.616s] -- Up-to-date symlink: /home/shriperu/ros2_ws/install/vehicle_msgs/share/vehicle_msgs/cmake/vehicle_msgsConfig.cmake
[0.616s] -- Up-to-date symlink: /home/shriperu/ros2_ws/install/vehicle_msgs/share/vehicle_msgs/cmake/vehicle_msgsConfig-version.cmake
[0.616s] -- Up-to-date symlink: /home/shriperu/ros2_ws/install/vehicle_msgs/share/vehicle_msgs/package.xml
[0.616s] -- Up-to-date: /home/shriperu/ros2_ws/install/vehicle_msgs/lib/libvehicle_msgs__rosidl_generator_c.so
[0.617s] -- Up-to-date: /home/shriperu/ros2_ws/install/vehicle_msgs/lib/libvehicle_msgs__rosidl_typesupport_fastrtps_c.so
[0.618s] -- Up-to-date: /home/shriperu/ros2_ws/install/vehicle_msgs/lib/libvehicle_msgs__rosidl_typesupport_introspection_c.so
[0.618s] -- Up-to-date: /home/shriperu/ros2_ws/install/vehicle_msgs/lib/libvehicle_msgs__rosidl_typesupport_c.so
[0.619s] -- Up-to-date: /home/shriperu/ros2_ws/install/vehicle_msgs/lib/libvehicle_msgs__rosidl_typesupport_fastrtps_cpp.so
[0.619s] -- Up-to-date: /home/shriperu/ros2_ws/install/vehicle_msgs/lib/libvehicle_msgs__rosidl_typesupport_introspection_cpp.so
[0.619s] -- Up-to-date: /home/shriperu/ros2_ws/install/vehicle_msgs/lib/libvehicle_msgs__rosidl_typesupport_cpp.so
[0.665s] Listing '/home/shriperu/ros2_ws/install/vehicle_msgs/lib/python3.12/site-packages/vehicle_msgs'...
[0.665s] Listing '/home/shriperu/ros2_ws/install/vehicle_msgs/lib/python3.12/site-packages/vehicle_msgs/msg'...
[0.673s] -- Up-to-date: /home/shriperu/ros2_ws/install/vehicle_msgs/lib/libvehicle_msgs__rosidl_generator_py.so
[0.673s] -- Up-to-date: /home/shriperu/ros2_ws/install/vehicle_msgs/share/vehicle_msgs/cmake/export_vehicle_msgs__rosidl_generator_cExport.cmake
[0.673s] -- Up-to-date: /home/shriperu/ros2_ws/install/vehicle_msgs/share/vehicle_msgs/cmake/export_vehicle_msgs__rosidl_generator_cExport-noconfig.cmake
[0.674s] -- Up-to-date: /home/shriperu/ros2_ws/install/vehicle_msgs/share/vehicle_msgs/cmake/export_vehicle_msgs__rosidl_typesupport_fastrtps_cExport.cmake
[0.674s] -- Up-to-date: /home/shriperu/ros2_ws/install/vehicle_msgs/share/vehicle_msgs/cmake/export_vehicle_msgs__rosidl_typesupport_fastrtps_cExport-noconfig.cmake
[0.674s] -- Up-to-date: /home/shriperu/ros2_ws/install/vehicle_msgs/share/vehicle_msgs/cmake/vehicle_msgs__rosidl_typesupport_introspection_cExport.cmake
[0.674s] -- Up-to-date: /home/shriperu/ros2_ws/install/vehicle_msgs/share/vehicle_msgs/cmake/vehicle_msgs__rosidl_typesupport_introspection_cExport-noconfig.cmake
[0.674s] -- Up-to-date: /home/shriperu/ros2_ws/install/vehicle_msgs/share/vehicle_msgs/cmake/vehicle_msgs__rosidl_typesupport_cExport.cmake
[0.674s] -- Up-to-date: /home/shriperu/ros2_ws/install/vehicle_msgs/share/vehicle_msgs/cmake/vehicle_msgs__rosidl_typesupport_cExport-noconfig.cmake
[0.675s] -- Up-to-date: /home/shriperu/ros2_ws/install/vehicle_msgs/share/vehicle_msgs/cmake/export_vehicle_msgs__rosidl_generator_cppExport.cmake
[0.675s] -- Up-to-date: /home/shriperu/ros2_ws/install/vehicle_msgs/share/vehicle_msgs/cmake/export_vehicle_msgs__rosidl_typesupport_fastrtps_cppExport.cmake
[0.675s] -- Up-to-date: /home/shriperu/ros2_ws/install/vehicle_msgs/share/vehicle_msgs/cmake/export_vehicle_msgs__rosidl_typesupport_fastrtps_cppExport-noconfig.cmake
[0.675s] -- Up-to-date: /home/shriperu/ros2_ws/install/vehicle_msgs/share/vehicle_msgs/cmake/vehicle_msgs__rosidl_typesupport_introspection_cppExport.cmake
[0.676s] -- Up-to-date: /home/shriperu/ros2_ws/install/vehicle_msgs/share/vehicle_msgs/cmake/vehicle_msgs__rosidl_typesupport_introspection_cppExport-noconfig.cmake
[0.676s] -- Up-to-date: /home/shriperu/ros2_ws/install/vehicle_msgs/share/vehicle_msgs/cmake/vehicle_msgs__rosidl_typesupport_cppExport.cmake
[0.676s] -- Up-to-date: /home/shriperu/ros2_ws/install/vehicle_msgs/share/vehicle_msgs/cmake/vehicle_msgs__rosidl_typesupport_cppExport-noconfig.cmake
[0.676s] -- Up-to-date: /home/shriperu/ros2_ws/install/vehicle_msgs/share/vehicle_msgs/cmake/export_vehicle_msgs__rosidl_generator_pyExport.cmake
[0.676s] -- Up-to-date: /home/shriperu/ros2_ws/install/vehicle_msgs/share/vehicle_msgs/cmake/export_vehicle_msgs__rosidl_generator_pyExport-noconfig.cmake
[0.680s] Invoked command in '/home/shriperu/ros2_ws/build/vehicle_msgs' returned '0': CMAKE_PREFIX_PATH=${CMAKE_PREFIX_PATH}:/opt/ros/jazzy DEBUGINFOD_URLS=https://debuginfod.ubuntu.com /usr/bin/cmake --install /home/shriperu/ros2_ws/build/vehicle_msgs
