[ 50%] [32mBuilding CXX object CMakeFiles/local_planner_node.dir/src/local_planner_node.cpp.o[0m
[100%] [32m[1mLinking CXX executable local_planner_node[0m
[100%] Built target local_planner_node
-- Install configuration: ""
-- Execute custom install script
-- Up-to-date symlink: /home/shriperu/ros2_ws/install/local_planner/lib/local_planner/local_planner_node
-- Up-to-date symlink: /home/shriperu/ros2_ws/install/local_planner/share/ament_index/resource_index/package_run_dependencies/local_planner
-- Up-to-date symlink: /home/shriperu/ros2_ws/install/local_planner/share/ament_index/resource_index/parent_prefix_path/local_planner
-- Up-to-date symlink: /home/shriperu/ros2_ws/install/local_planner/share/local_planner/environment/ament_prefix_path.sh
-- Up-to-date symlink: /home/shriperu/ros2_ws/install/local_planner/share/local_planner/environment/ament_prefix_path.dsv
-- Up-to-date symlink: /home/shriperu/ros2_ws/install/local_planner/share/local_planner/environment/path.sh
-- Up-to-date symlink: /home/shriperu/ros2_ws/install/local_planner/share/local_planner/environment/path.dsv
-- Up-to-date symlink: /home/shriperu/ros2_ws/install/local_planner/share/local_planner/local_setup.bash
-- Up-to-date symlink: /home/shriperu/ros2_ws/install/local_planner/share/local_planner/local_setup.sh
-- Up-to-date symlink: /home/shriperu/ros2_ws/install/local_planner/share/local_planner/local_setup.zsh
-- Up-to-date symlink: /home/shriperu/ros2_ws/install/local_planner/share/local_planner/local_setup.dsv
-- Symlinking: /home/shriperu/ros2_ws/install/local_planner/share/local_planner/package.dsv
-- Up-to-date symlink: /home/shriperu/ros2_ws/install/local_planner/share/ament_index/resource_index/packages/local_planner
-- Up-to-date symlink: /home/shriperu/ros2_ws/install/local_planner/share/local_planner/cmake/local_plannerConfig.cmake
-- Up-to-date symlink: /home/shriperu/ros2_ws/install/local_planner/share/local_planner/cmake/local_plannerConfig-version.cmake
-- Up-to-date symlink: /home/shriperu/ros2_ws/install/local_planner/share/local_planner/package.xml
