[0.021s] Invoking command in '/home/shriperu/ros2_ws/build/mujoco_sim_node': CMAKE_PREFIX_PATH=${CMAKE_PREFIX_PATH}:/opt/ros/jazzy DEBUGINFOD_URLS=https://debuginfod.ubuntu.com /usr/bin/cmake --build /home/shriperu/ros2_ws/build/mujoco_sim_node -- -j16 -l16
[0.058s] -- Found ament_cmake: 2.5.6 (/opt/ros/jazzy/share/ament_cmake/cmake)
[0.319s] -- Override CMake install command with custom implementation using symlinks instead of copying resources
[0.328s] -- Found rclcpp: 28.1.21 (/opt/ros/jazzy/share/rclcpp/cmake)
[0.842s] -- Found rosidl_generator_c: 4.6.9 (/opt/ros/jazzy/share/rosidl_generator_c/cmake)
[0.853s] -- Found rosidl_generator_cpp: 4.6.9 (/opt/ros/jazzy/share/rosidl_generator_cpp/cmake)
[0.865s] -- Using all available rosidl_typesupport_c: rosidl_typesupport_fastrtps_c;rosidl_typesupport_introspection_c
[0.883s] -- Using all available rosidl_typesupport_cpp: rosidl_typesupport_fastrtps_cpp;rosidl_typesupport_introspection_cpp
[0.951s] -- Found rmw_implementation_cmake: 7.3.3 (/opt/ros/jazzy/share/rmw_implementation_cmake/cmake)
[0.952s] -- Found rmw_fastrtps_cpp: 8.4.4 (/opt/ros/jazzy/share/rmw_fastrtps_cpp/cmake)
[1.684s] -- Using RMW implementation 'rmw_fastrtps_cpp' as default
[2.289s] -- Found geometry_msgs: 5.3.8 (/opt/ros/jazzy/share/geometry_msgs/cmake)
[2.323s] -- Found ament_lint_auto: 0.17.5 (/opt/ros/jazzy/share/ament_lint_auto/cmake)
[2.444s] -- Added test 'cppcheck' to perform static code analysis on C / C++ code
[2.444s] -- Configured cppcheck include dirs: 
[2.445s] -- Configured cppcheck exclude dirs and/or files: 
[2.445s] -- Added test 'lint_cmake' to check CMake code style
[2.446s] -- Added test 'uncrustify' to check C / C++ code style
[2.446s] -- Configured uncrustify additional arguments: 
[2.447s] -- Added test 'xmllint' to check XML markup files
[2.449s] -- Configuring done (2.4s)
[2.463s] -- Generating done (0.0s)
[2.468s] -- Build files have been written to: /home/shriperu/ros2_ws/build/mujoco_sim_node
[2.547s] [ 50%] [32m[1mLinking CXX executable mujoco_sim_node[0m
[3.286s] [100%] Built target mujoco_sim_node
[3.302s] Invoked command in '/home/shriperu/ros2_ws/build/mujoco_sim_node' returned '0': CMAKE_PREFIX_PATH=${CMAKE_PREFIX_PATH}:/opt/ros/jazzy DEBUGINFOD_URLS=https://debuginfod.ubuntu.com /usr/bin/cmake --build /home/shriperu/ros2_ws/build/mujoco_sim_node -- -j16 -l16
[3.315s] Invoking command in '/home/shriperu/ros2_ws/build/mujoco_sim_node': CMAKE_PREFIX_PATH=${CMAKE_PREFIX_PATH}:/opt/ros/jazzy DEBUGINFOD_URLS=https://debuginfod.ubuntu.com /usr/bin/cmake --install /home/shriperu/ros2_ws/build/mujoco_sim_node
[3.328s] -- Install configuration: ""
[3.329s] -- Execute custom install script
[3.329s] -- Up-to-date symlink: /home/shriperu/ros2_ws/install/mujoco_sim_node/lib/mujoco_sim_node/mujoco_sim_node
[3.329s] -- Up-to-date symlink: /home/shriperu/ros2_ws/install/mujoco_sim_node/share/mujoco_sim_node/model.xml
[3.329s] -- Up-to-date symlink: /home/shriperu/ros2_ws/install/mujoco_sim_node/share/ament_index/resource_index/package_run_dependencies/mujoco_sim_node
[3.330s] -- Up-to-date symlink: /home/shriperu/ros2_ws/install/mujoco_sim_node/share/ament_index/resource_index/parent_prefix_path/mujoco_sim_node
[3.330s] -- Up-to-date symlink: /home/shriperu/ros2_ws/install/mujoco_sim_node/share/mujoco_sim_node/environment/ament_prefix_path.sh
[3.330s] -- Up-to-date symlink: /home/shriperu/ros2_ws/install/mujoco_sim_node/share/mujoco_sim_node/environment/ament_prefix_path.dsv
[3.330s] -- Up-to-date symlink: /home/shriperu/ros2_ws/install/mujoco_sim_node/share/mujoco_sim_node/environment/path.sh
[3.331s] -- Up-to-date symlink: /home/shriperu/ros2_ws/install/mujoco_sim_node/share/mujoco_sim_node/environment/path.dsv
[3.331s] -- Up-to-date symlink: /home/shriperu/ros2_ws/install/mujoco_sim_node/share/mujoco_sim_node/local_setup.bash
[3.331s] -- Up-to-date symlink: /home/shriperu/ros2_ws/install/mujoco_sim_node/share/mujoco_sim_node/local_setup.sh
[3.331s] -- Up-to-date symlink: /home/shriperu/ros2_ws/install/mujoco_sim_node/share/mujoco_sim_node/local_setup.zsh
[3.332s] -- Up-to-date symlink: /home/shriperu/ros2_ws/install/mujoco_sim_node/share/mujoco_sim_node/local_setup.dsv
[3.332s] -- Symlinking: /home/shriperu/ros2_ws/install/mujoco_sim_node/share/mujoco_sim_node/package.dsv
[3.345s] -- Up-to-date symlink: /home/shriperu/ros2_ws/install/mujoco_sim_node/share/ament_index/resource_index/packages/mujoco_sim_node
[3.345s] -- Up-to-date symlink: /home/shriperu/ros2_ws/install/mujoco_sim_node/share/mujoco_sim_node/cmake/mujoco_sim_nodeConfig.cmake
[3.346s] -- Up-to-date symlink: /home/shriperu/ros2_ws/install/mujoco_sim_node/share/mujoco_sim_node/cmake/mujoco_sim_nodeConfig-version.cmake
[3.346s] -- Up-to-date symlink: /home/shriperu/ros2_ws/install/mujoco_sim_node/share/mujoco_sim_node/package.xml
[3.349s] Invoked command in '/home/shriperu/ros2_ws/build/mujoco_sim_node' returned '0': CMAKE_PREFIX_PATH=${CMAKE_PREFIX_PATH}:/opt/ros/jazzy DEBUGINFOD_URLS=https://debuginfod.ubuntu.com /usr/bin/cmake --install /home/shriperu/ros2_ws/build/mujoco_sim_node
