-- Found ament_cmake: 2.5.6 (/opt/ros/jazzy/share/ament_cmake/cmake)
-- Override CMake install command with custom implementation using symlinks instead of copying resources
-- Found rclcpp: 28.1.21 (/opt/ros/jazzy/share/rclcpp/cmake)
-- Found rosidl_generator_c: 4.6.9 (/opt/ros/jazzy/share/rosidl_generator_c/cmake)
-- Found rosidl_generator_cpp: 4.6.9 (/opt/ros/jazzy/share/rosidl_generator_cpp/cmake)
-- Using all available rosidl_typesupport_c: rosidl_typesupport_fastrtps_c;rosidl_typesupport_introspection_c
-- Using all available rosidl_typesupport_cpp: rosidl_typesupport_fastrtps_cpp;rosidl_typesupport_introspection_cpp
-- Found rmw_implementation_cmake: 7.3.3 (/opt/ros/jazzy/share/rmw_implementation_cmake/cmake)
-- Found rmw_fastrtps_cpp: 8.4.4 (/opt/ros/jazzy/share/rmw_fastrtps_cpp/cmake)
-- Using RMW implementation 'rmw_fastrtps_cpp' as default
-- Found nav_msgs: 5.3.8 (/opt/ros/jazzy/share/nav_msgs/cmake)
-- Found vehicle_msgs: 0.0.0 (/home/shriperu/ros2_ws/install/vehicle_msgs/share/vehicle_msgs/cmake)
-- Found ament_lint_auto: 0.17.5 (/opt/ros/jazzy/share/ament_lint_auto/cmake)
-- Added test 'cppcheck' to perform static code analysis on C / C++ code
-- Configured cppcheck include dirs: 
-- Configured cppcheck exclude dirs and/or files: 
-- Added test 'lint_cmake' to check CMake code style
-- Added test 'uncrustify' to check C / C++ code style
-- Configured uncrustify additional arguments: 
-- Added test 'xmllint' to check XML markup files
-- Configuring done (2.6s)
-- Generating done (0.0s)
-- Build files have been written to: /home/shriperu/ros2_ws/build/local_planner
[ 50%] [32mBuilding CXX object CMakeFiles/local_planner_node.dir/src/local_planner_node.cpp.o[0m
[100%] [32m[1mLinking CXX executable local_planner_node[0m
[100%] Built target local_planner_node
-- Install configuration: ""
-- Execute custom install script
-- Symlinking: /home/shriperu/ros2_ws/install/local_planner/lib/local_planner/local_planner_node
-- Symlinking: /home/shriperu/ros2_ws/install/local_planner/share/ament_index/resource_index/package_run_dependencies/local_planner
-- Symlinking: /home/shriperu/ros2_ws/install/local_planner/share/ament_index/resource_index/parent_prefix_path/local_planner
-- Symlinking: /home/shriperu/ros2_ws/install/local_planner/share/local_planner/environment/ament_prefix_path.sh
-- Symlinking: /home/shriperu/ros2_ws/install/local_planner/share/local_planner/environment/ament_prefix_path.dsv
-- Symlinking: /home/shriperu/ros2_ws/install/local_planner/share/local_planner/environment/path.sh
-- Symlinking: /home/shriperu/ros2_ws/install/local_planner/share/local_planner/environment/path.dsv
-- Symlinking: /home/shriperu/ros2_ws/install/local_planner/share/local_planner/local_setup.bash
-- Symlinking: /home/shriperu/ros2_ws/install/local_planner/share/local_planner/local_setup.sh
-- Symlinking: /home/shriperu/ros2_ws/install/local_planner/share/local_planner/local_setup.zsh
-- Symlinking: /home/shriperu/ros2_ws/install/local_planner/share/local_planner/local_setup.dsv
-- Symlinking: /home/shriperu/ros2_ws/install/local_planner/share/local_planner/package.dsv
-- Symlinking: /home/shriperu/ros2_ws/install/local_planner/share/ament_index/resource_index/packages/local_planner
-- Symlinking: /home/shriperu/ros2_ws/install/local_planner/share/local_planner/cmake/local_plannerConfig.cmake
-- Symlinking: /home/shriperu/ros2_ws/install/local_planner/share/local_planner/cmake/local_plannerConfig-version.cmake
-- Symlinking: /home/shriperu/ros2_ws/install/local_planner/share/local_planner/package.xml
