[0.303s] DEBUG:colcon:Command line arguments: ['/usr/bin/colcon', 'build', '--packages-select', 'mujoco_sim_node']
[0.303s] DEBUG:colcon:Parsed command line arguments: Namespace(log_base=None, log_level=None, verb_name='build', build_base='build', install_base='install', merge_install=False, symlink_install=False, test_result_base=None, continue_on_error=False, executor='parallel', parallel_workers=16, event_handlers=None, ignore_user_meta=False, metas=['./colcon.meta'], base_paths=['.'], packages_ignore=None, packages_ignore_regex=None, paths=None, packages_up_to=None, packages_up_to_regex=None, packages_above=None, packages_above_and_dependencies=None, packages_above_depth=None, packages_select_by_dep=None, packages_skip_by_dep=None, packages_skip_up_to=None, packages_select_build_failed=False, packages_skip_build_finished=False, packages_select_test_failures=False, packages_skip_test_passed=False, packages_select=['mujoco_sim_node'], packages_skip=None, packages_select_regex=None, packages_skip_regex=None, packages_start=None, packages_end=None, cmake_args=None, cmake_target=None, cmake_target_skip_unavailable=False, cmake_clean_cache=False, cmake_clean_first=False, cmake_force_configure=False, ament_cmake_args=None, catkin_cmake_args=None, catkin_skip_building_tests=False, verb_parser=<colcon_defaults.argument_parser.defaults.DefaultArgumentsDecorator object at 0x79e0ddffe0f0>, verb_extension=<colcon_core.verb.build.BuildVerb object at 0x79e0ddf45d30>, main=<bound method BuildVerb.main of <colcon_core.verb.build.BuildVerb object at 0x79e0ddf45d30>>)
[0.352s] Level 1:colcon.colcon_core.package_discovery:discover_packages(colcon_meta) check parameters
[0.353s] Level 1:colcon.colcon_core.package_discovery:discover_packages(recursive) check parameters
[0.353s] Level 1:colcon.colcon_core.package_discovery:discover_packages(ignore) check parameters
[0.353s] Level 1:colcon.colcon_core.package_discovery:discover_packages(path) check parameters
[0.353s] Level 1:colcon.colcon_core.package_discovery:discover_packages(colcon_meta) discover
[0.353s] Level 1:colcon.colcon_core.package_discovery:discover_packages(recursive) discover
[0.353s] INFO:colcon.colcon_core.package_discovery:Crawling recursively for packages in '/home/shriperu/ros2_ws'
[0.353s] Level 1:colcon.colcon_core.package_identification:_identify(.) by extensions ['ignore', 'ignore_ament_install']
[0.353s] Level 1:colcon.colcon_core.package_identification:_identify(.) by extension 'ignore'
[0.353s] Level 1:colcon.colcon_core.package_identification:_identify(.) by extension 'ignore_ament_install'
[0.353s] Level 1:colcon.colcon_core.package_identification:_identify(.) by extensions ['colcon_pkg']
[0.353s] Level 1:colcon.colcon_core.package_identification:_identify(.) by extension 'colcon_pkg'
[0.353s] Level 1:colcon.colcon_core.package_identification:_identify(.) by extensions ['colcon_meta']
[0.353s] Level 1:colcon.colcon_core.package_identification:_identify(.) by extension 'colcon_meta'
[0.353s] Level 1:colcon.colcon_core.package_identification:_identify(.) by extensions ['ros']
[0.354s] Level 1:colcon.colcon_core.package_identification:_identify(.) by extension 'ros'
[0.385s] Level 1:colcon.colcon_core.package_identification:_identify(.) by extensions ['cmake', 'python']
[0.385s] Level 1:colcon.colcon_core.package_identification:_identify(.) by extension 'cmake'
[0.385s] Level 1:colcon.colcon_core.package_identification:_identify(.) by extension 'python'
[0.385s] Level 1:colcon.colcon_core.package_identification:_identify(.) by extensions ['python_setup_py']
[0.385s] Level 1:colcon.colcon_core.package_identification:_identify(.) by extension 'python_setup_py'
[0.386s] Level 1:colcon.colcon_core.package_identification:_identify(build) by extensions ['ignore', 'ignore_ament_install']
[0.386s] Level 1:colcon.colcon_core.package_identification:_identify(build) by extension 'ignore'
[0.386s] Level 1:colcon.colcon_core.package_identification:_identify(build) ignored
[0.386s] Level 1:colcon.colcon_core.package_identification:_identify(install) by extensions ['ignore', 'ignore_ament_install']
[0.386s] Level 1:colcon.colcon_core.package_identification:_identify(install) by extension 'ignore'
[0.387s] Level 1:colcon.colcon_core.package_identification:_identify(install) ignored
[0.387s] Level 1:colcon.colcon_core.package_identification:_identify(log) by extensions ['ignore', 'ignore_ament_install']
[0.387s] Level 1:colcon.colcon_core.package_identification:_identify(log) by extension 'ignore'
[0.387s] Level 1:colcon.colcon_core.package_identification:_identify(log) ignored
[0.387s] Level 1:colcon.colcon_core.package_identification:_identify(src) by extensions ['ignore', 'ignore_ament_install']
[0.388s] Level 1:colcon.colcon_core.package_identification:_identify(src) by extension 'ignore'
[0.388s] Level 1:colcon.colcon_core.package_identification:_identify(src) by extension 'ignore_ament_install'
[0.388s] Level 1:colcon.colcon_core.package_identification:_identify(src) by extensions ['colcon_pkg']
[0.388s] Level 1:colcon.colcon_core.package_identification:_identify(src) by extension 'colcon_pkg'
[0.388s] Level 1:colcon.colcon_core.package_identification:_identify(src) by extensions ['colcon_meta']
[0.388s] Level 1:colcon.colcon_core.package_identification:_identify(src) by extension 'colcon_meta'
[0.388s] Level 1:colcon.colcon_core.package_identification:_identify(src) by extensions ['ros']
[0.388s] Level 1:colcon.colcon_core.package_identification:_identify(src) by extension 'ros'
[0.388s] Level 1:colcon.colcon_core.package_identification:_identify(src) by extensions ['cmake', 'python']
[0.388s] Level 1:colcon.colcon_core.package_identification:_identify(src) by extension 'cmake'
[0.388s] Level 1:colcon.colcon_core.package_identification:_identify(src) by extension 'python'
[0.388s] Level 1:colcon.colcon_core.package_identification:_identify(src) by extensions ['python_setup_py']
[0.389s] Level 1:colcon.colcon_core.package_identification:_identify(src) by extension 'python_setup_py'
[0.389s] Level 1:colcon.colcon_core.package_identification:_identify(src/mujoco_sim_node) by extensions ['ignore', 'ignore_ament_install']
[0.389s] Level 1:colcon.colcon_core.package_identification:_identify(src/mujoco_sim_node) by extension 'ignore'
[0.389s] Level 1:colcon.colcon_core.package_identification:_identify(src/mujoco_sim_node) by extension 'ignore_ament_install'
[0.389s] Level 1:colcon.colcon_core.package_identification:_identify(src/mujoco_sim_node) by extensions ['colcon_pkg']
[0.389s] Level 1:colcon.colcon_core.package_identification:_identify(src/mujoco_sim_node) by extension 'colcon_pkg'
[0.389s] Level 1:colcon.colcon_core.package_identification:_identify(src/mujoco_sim_node) by extensions ['colcon_meta']
[0.389s] Level 1:colcon.colcon_core.package_identification:_identify(src/mujoco_sim_node) by extension 'colcon_meta'
[0.389s] Level 1:colcon.colcon_core.package_identification:_identify(src/mujoco_sim_node) by extensions ['ros']
[0.389s] Level 1:colcon.colcon_core.package_identification:_identify(src/mujoco_sim_node) by extension 'ros'
[0.393s] DEBUG:colcon.colcon_core.package_identification:Package 'src/mujoco_sim_node' with type 'ros.ament_cmake' and name 'mujoco_sim_node'
[0.393s] Level 1:colcon.colcon_core.package_discovery:discover_packages(recursive) using defaults
[0.393s] Level 1:colcon.colcon_core.package_discovery:discover_packages(ignore) discover
[0.393s] Level 1:colcon.colcon_core.package_discovery:discover_packages(ignore) using defaults
[0.393s] Level 1:colcon.colcon_core.package_discovery:discover_packages(path) discover
[0.393s] Level 1:colcon.colcon_core.package_discovery:discover_packages(path) using defaults
[0.415s] Level 5:colcon.colcon_core.verb:set package 'mujoco_sim_node' build argument 'cmake_args' from command line to 'None'
[0.415s] Level 5:colcon.colcon_core.verb:set package 'mujoco_sim_node' build argument 'cmake_target' from command line to 'None'
[0.415s] Level 5:colcon.colcon_core.verb:set package 'mujoco_sim_node' build argument 'cmake_target_skip_unavailable' from command line to 'False'
[0.415s] Level 5:colcon.colcon_core.verb:set package 'mujoco_sim_node' build argument 'cmake_clean_cache' from command line to 'False'
[0.415s] Level 5:colcon.colcon_core.verb:set package 'mujoco_sim_node' build argument 'cmake_clean_first' from command line to 'False'
[0.415s] Level 5:colcon.colcon_core.verb:set package 'mujoco_sim_node' build argument 'cmake_force_configure' from command line to 'False'
[0.415s] Level 5:colcon.colcon_core.verb:set package 'mujoco_sim_node' build argument 'ament_cmake_args' from command line to 'None'
[0.415s] Level 5:colcon.colcon_core.verb:set package 'mujoco_sim_node' build argument 'catkin_cmake_args' from command line to 'None'
[0.415s] Level 5:colcon.colcon_core.verb:set package 'mujoco_sim_node' build argument 'catkin_skip_building_tests' from command line to 'False'
[0.415s] DEBUG:colcon.colcon_core.verb:Building package 'mujoco_sim_node' with the following arguments: {'ament_cmake_args': None, 'build_base': '/home/shriperu/ros2_ws/build/mujoco_sim_node', 'catkin_cmake_args': None, 'catkin_skip_building_tests': False, 'cmake_args': None, 'cmake_clean_cache': False, 'cmake_clean_first': False, 'cmake_force_configure': False, 'cmake_target': None, 'cmake_target_skip_unavailable': False, 'install_base': '/home/shriperu/ros2_ws/install/mujoco_sim_node', 'merge_install': False, 'path': '/home/shriperu/ros2_ws/src/mujoco_sim_node', 'symlink_install': False, 'test_result_base': None}
[0.416s] INFO:colcon.colcon_core.executor:Executing jobs using 'parallel' executor
[0.417s] DEBUG:colcon.colcon_parallel_executor.executor.parallel:run_until_complete
[0.418s] INFO:colcon.colcon_ros.task.ament_cmake.build:Building ROS package in '/home/shriperu/ros2_ws/src/mujoco_sim_node' with build type 'ament_cmake'
[0.418s] INFO:colcon.colcon_cmake.task.cmake.build:Building CMake package in '/home/shriperu/ros2_ws/src/mujoco_sim_node'
[0.421s] INFO:colcon.colcon_core.plugin_system:Skipping extension 'colcon_core.shell.bat': Not used on non-Windows systems
[0.422s] DEBUG:colcon.colcon_core.shell:Skip shell extension 'dsv' for command environment
[0.439s] DEBUG:colcon.colcon_core.event_handler.log_command:Invoking command in '/home/shriperu/ros2_ws/build/mujoco_sim_node': CMAKE_PREFIX_PATH=${CMAKE_PREFIX_PATH}:/opt/ros/jazzy DEBUGINFOD_URLS=https://debuginfod.ubuntu.com /usr/bin/cmake --build /home/shriperu/ros2_ws/build/mujoco_sim_node -- -j16 -l16
[6.701s] DEBUG:colcon.colcon_core.event_handler.log_command:Invoked command in '/home/shriperu/ros2_ws/build/mujoco_sim_node' returned '0': CMAKE_PREFIX_PATH=${CMAKE_PREFIX_PATH}:/opt/ros/jazzy DEBUGINFOD_URLS=https://debuginfod.ubuntu.com /usr/bin/cmake --build /home/shriperu/ros2_ws/build/mujoco_sim_node -- -j16 -l16
[6.716s] DEBUG:colcon.colcon_core.event_handler.log_command:Invoking command in '/home/shriperu/ros2_ws/build/mujoco_sim_node': CMAKE_PREFIX_PATH=${CMAKE_PREFIX_PATH}:/opt/ros/jazzy DEBUGINFOD_URLS=https://debuginfod.ubuntu.com /usr/bin/cmake --install /home/shriperu/ros2_ws/build/mujoco_sim_node
[6.752s] Level 1:colcon.colcon_core.environment:create_environment_scripts_only(mujoco_sim_node)
[6.753s] DEBUG:colcon.colcon_core.event_handler.log_command:Invoked command in '/home/shriperu/ros2_ws/build/mujoco_sim_node' returned '0': CMAKE_PREFIX_PATH=${CMAKE_PREFIX_PATH}:/opt/ros/jazzy DEBUGINFOD_URLS=https://debuginfod.ubuntu.com /usr/bin/cmake --install /home/shriperu/ros2_ws/build/mujoco_sim_node
[6.756s] Level 1:colcon.colcon_core.environment:checking '/home/shriperu/ros2_ws/install/mujoco_sim_node' for CMake module files
[6.757s] Level 1:colcon.colcon_core.environment:checking '/home/shriperu/ros2_ws/install/mujoco_sim_node' for CMake config files
[6.757s] Level 1:colcon.colcon_core.shell:create_environment_hook('mujoco_sim_node', 'cmake_prefix_path')
[6.757s] INFO:colcon.colcon_core.shell:Creating environment descriptor '/home/shriperu/ros2_ws/install/mujoco_sim_node/share/mujoco_sim_node/hook/cmake_prefix_path.dsv'
[6.758s] INFO:colcon.colcon_core.shell:Creating environment hook '/home/shriperu/ros2_ws/install/mujoco_sim_node/share/mujoco_sim_node/hook/cmake_prefix_path.sh'
[6.759s] Level 1:colcon.colcon_core.environment:checking '/home/shriperu/ros2_ws/install/mujoco_sim_node/lib'
[6.759s] Level 1:colcon.colcon_core.environment:checking '/home/shriperu/ros2_ws/install/mujoco_sim_node/bin'
[6.759s] Level 1:colcon.colcon_core.environment:checking '/home/shriperu/ros2_ws/install/mujoco_sim_node/lib/pkgconfig/mujoco_sim_node.pc'
[6.762s] Level 1:colcon.colcon_core.environment:checking '/home/shriperu/ros2_ws/install/mujoco_sim_node/lib/python3.12/site-packages'
[6.762s] Level 1:colcon.colcon_core.environment:checking '/home/shriperu/ros2_ws/install/mujoco_sim_node/bin'
[6.763s] INFO:colcon.colcon_core.shell:Creating package descriptor '/home/shriperu/ros2_ws/install/mujoco_sim_node/share/mujoco_sim_node/package.dsv'
[6.764s] INFO:colcon.colcon_core.shell:Creating package script '/home/shriperu/ros2_ws/install/mujoco_sim_node/share/mujoco_sim_node/package.sh'
[6.764s] INFO:colcon.colcon_core.shell:Creating package script '/home/shriperu/ros2_ws/install/mujoco_sim_node/share/mujoco_sim_node/package.bash'
[6.765s] INFO:colcon.colcon_core.shell:Creating package script '/home/shriperu/ros2_ws/install/mujoco_sim_node/share/mujoco_sim_node/package.zsh'
[6.766s] Level 1:colcon.colcon_core.environment:create_file_with_runtime_dependencies(/home/shriperu/ros2_ws/install/mujoco_sim_node/share/colcon-core/packages/mujoco_sim_node)
[6.767s] Level 1:colcon.colcon_core.environment:create_environment_scripts_only(mujoco_sim_node)
[6.767s] Level 1:colcon.colcon_core.environment:checking '/home/shriperu/ros2_ws/install/mujoco_sim_node' for CMake module files
[6.768s] Level 1:colcon.colcon_core.environment:checking '/home/shriperu/ros2_ws/install/mujoco_sim_node' for CMake config files
[6.768s] Level 1:colcon.colcon_core.shell:create_environment_hook('mujoco_sim_node', 'cmake_prefix_path')
[6.768s] INFO:colcon.colcon_core.shell:Creating environment descriptor '/home/shriperu/ros2_ws/install/mujoco_sim_node/share/mujoco_sim_node/hook/cmake_prefix_path.dsv'
[6.769s] INFO:colcon.colcon_core.shell:Creating environment hook '/home/shriperu/ros2_ws/install/mujoco_sim_node/share/mujoco_sim_node/hook/cmake_prefix_path.sh'
[6.770s] Level 1:colcon.colcon_core.environment:checking '/home/shriperu/ros2_ws/install/mujoco_sim_node/lib'
[6.770s] Level 1:colcon.colcon_core.environment:checking '/home/shriperu/ros2_ws/install/mujoco_sim_node/bin'
[6.770s] Level 1:colcon.colcon_core.environment:checking '/home/shriperu/ros2_ws/install/mujoco_sim_node/lib/pkgconfig/mujoco_sim_node.pc'
[6.770s] Level 1:colcon.colcon_core.environment:checking '/home/shriperu/ros2_ws/install/mujoco_sim_node/lib/python3.12/site-packages'
[6.771s] Level 1:colcon.colcon_core.environment:checking '/home/shriperu/ros2_ws/install/mujoco_sim_node/bin'
[6.771s] INFO:colcon.colcon_core.shell:Creating package descriptor '/home/shriperu/ros2_ws/install/mujoco_sim_node/share/mujoco_sim_node/package.dsv'
[6.771s] INFO:colcon.colcon_core.shell:Creating package script '/home/shriperu/ros2_ws/install/mujoco_sim_node/share/mujoco_sim_node/package.sh'
[6.772s] INFO:colcon.colcon_core.shell:Creating package script '/home/shriperu/ros2_ws/install/mujoco_sim_node/share/mujoco_sim_node/package.bash'
[6.772s] INFO:colcon.colcon_core.shell:Creating package script '/home/shriperu/ros2_ws/install/mujoco_sim_node/share/mujoco_sim_node/package.zsh'
[6.773s] Level 1:colcon.colcon_core.environment:create_file_with_runtime_dependencies(/home/shriperu/ros2_ws/install/mujoco_sim_node/share/colcon-core/packages/mujoco_sim_node)
[6.773s] DEBUG:colcon.colcon_parallel_executor.executor.parallel:closing loop
[6.774s] DEBUG:colcon.colcon_parallel_executor.executor.parallel:loop closed
[6.774s] DEBUG:colcon.colcon_parallel_executor.executor.parallel:run_until_complete finished with '0'
[6.775s] DEBUG:colcon.colcon_core.event_reactor:joining thread
[6.988s] INFO:colcon.colcon_core.plugin_system:Skipping extension 'colcon_notification.desktop_notification.notify_send': Could not find 'notify-send'
[6.988s] INFO:colcon.colcon_core.plugin_system:Skipping extension 'colcon_notification.desktop_notification.terminal_notifier': Not used on non-Darwin systems
[6.988s] INFO:colcon.colcon_core.plugin_system:Skipping extension 'colcon_notification.desktop_notification.win32': Not used on non-Windows systems
[6.988s] INFO:colcon.colcon_notification.desktop_notification:Sending desktop notification using 'notify2'
[6.997s] DEBUG:colcon.colcon_notification.desktop_notification.notify2:Failed to initialize notify2: org.freedesktop.DBus.Error.ServiceUnknown: The name org.freedesktop.Notifications was not provided by any .service files
[6.998s] DEBUG:colcon.colcon_core.event_reactor:joined thread
[6.998s] INFO:colcon.colcon_core.shell:Creating prefix script '/home/shriperu/ros2_ws/install/local_setup.sh'
[6.999s] INFO:colcon.colcon_core.shell:Creating prefix util module '/home/shriperu/ros2_ws/install/_local_setup_util_sh.py'
[7.000s] INFO:colcon.colcon_core.shell:Creating prefix chain script '/home/shriperu/ros2_ws/install/setup.sh'
[7.002s] INFO:colcon.colcon_core.shell:Creating prefix script '/home/shriperu/ros2_ws/install/local_setup.bash'
[7.002s] INFO:colcon.colcon_core.shell:Creating prefix chain script '/home/shriperu/ros2_ws/install/setup.bash'
[7.003s] INFO:colcon.colcon_core.shell:Creating prefix script '/home/shriperu/ros2_ws/install/local_setup.zsh'
[7.004s] INFO:colcon.colcon_core.shell:Creating prefix chain script '/home/shriperu/ros2_ws/install/setup.zsh'
