[0.354s] DEBUG:colcon:Command line arguments: ['/usr/bin/colcon', 'build', '--symlink-install']
[0.355s] DEBUG:colcon:Parsed command line arguments: Namespace(log_base=None, log_level=None, verb_name='build', build_base='build', install_base='install', merge_install=False, symlink_install=True, test_result_base=None, continue_on_error=False, executor='parallel', parallel_workers=16, event_handlers=None, ignore_user_meta=False, metas=['./colcon.meta'], base_paths=['.'], packages_ignore=None, packages_ignore_regex=None, paths=None, packages_up_to=None, packages_up_to_regex=None, packages_above=None, packages_above_and_dependencies=None, packages_above_depth=None, packages_select_by_dep=None, packages_skip_by_dep=None, packages_skip_up_to=None, packages_select_build_failed=False, packages_skip_build_finished=False, packages_select_test_failures=False, packages_skip_test_passed=False, packages_select=None, packages_skip=None, packages_select_regex=None, packages_skip_regex=None, packages_start=None, packages_end=None, cmake_args=None, cmake_target=None, cmake_target_skip_unavailable=False, cmake_clean_cache=False, cmake_clean_first=False, cmake_force_configure=False, ament_cmake_args=None, catkin_cmake_args=None, catkin_skip_building_tests=False, verb_parser=<colcon_defaults.argument_parser.defaults.DefaultArgumentsDecorator object at 0x7f6726f0a1e0>, verb_extension=<colcon_core.verb.build.BuildVerb object at 0x7f67270272f0>, main=<bound method BuildVerb.main of <colcon_core.verb.build.BuildVerb object at 0x7f67270272f0>>)
[0.407s] Level 1:colcon.colcon_core.package_discovery:discover_packages(colcon_meta) check parameters
[0.407s] Level 1:colcon.colcon_core.package_discovery:discover_packages(recursive) check parameters
[0.407s] Level 1:colcon.colcon_core.package_discovery:discover_packages(ignore) check parameters
[0.407s] Level 1:colcon.colcon_core.package_discovery:discover_packages(path) check parameters
[0.407s] Level 1:colcon.colcon_core.package_discovery:discover_packages(colcon_meta) discover
[0.407s] Level 1:colcon.colcon_core.package_discovery:discover_packages(recursive) discover
[0.407s] INFO:colcon.colcon_core.package_discovery:Crawling recursively for packages in '/home/shriperu/ros2_ws'
[0.408s] Level 1:colcon.colcon_core.package_identification:_identify(.) by extensions ['ignore', 'ignore_ament_install']
[0.408s] Level 1:colcon.colcon_core.package_identification:_identify(.) by extension 'ignore'
[0.408s] Level 1:colcon.colcon_core.package_identification:_identify(.) by extension 'ignore_ament_install'
[0.408s] Level 1:colcon.colcon_core.package_identification:_identify(.) by extensions ['colcon_pkg']
[0.408s] Level 1:colcon.colcon_core.package_identification:_identify(.) by extension 'colcon_pkg'
[0.408s] Level 1:colcon.colcon_core.package_identification:_identify(.) by extensions ['colcon_meta']
[0.408s] Level 1:colcon.colcon_core.package_identification:_identify(.) by extension 'colcon_meta'
[0.408s] Level 1:colcon.colcon_core.package_identification:_identify(.) by extensions ['ros']
[0.408s] Level 1:colcon.colcon_core.package_identification:_identify(.) by extension 'ros'
[0.440s] Level 1:colcon.colcon_core.package_identification:_identify(.) by extensions ['cmake', 'python']
[0.440s] Level 1:colcon.colcon_core.package_identification:_identify(.) by extension 'cmake'
[0.440s] Level 1:colcon.colcon_core.package_identification:_identify(.) by extension 'python'
[0.440s] Level 1:colcon.colcon_core.package_identification:_identify(.) by extensions ['python_setup_py']
[0.440s] Level 1:colcon.colcon_core.package_identification:_identify(.) by extension 'python_setup_py'
[0.440s] Level 1:colcon.colcon_core.package_identification:_identify(build) by extensions ['ignore', 'ignore_ament_install']
[0.440s] Level 1:colcon.colcon_core.package_identification:_identify(build) by extension 'ignore'
[0.440s] Level 1:colcon.colcon_core.package_identification:_identify(build) ignored
[0.440s] Level 1:colcon.colcon_core.package_identification:_identify(install) by extensions ['ignore', 'ignore_ament_install']
[0.440s] Level 1:colcon.colcon_core.package_identification:_identify(install) by extension 'ignore'
[0.440s] Level 1:colcon.colcon_core.package_identification:_identify(install) ignored
[0.441s] Level 1:colcon.colcon_core.package_identification:_identify(log) by extensions ['ignore', 'ignore_ament_install']
[0.441s] Level 1:colcon.colcon_core.package_identification:_identify(log) by extension 'ignore'
[0.441s] Level 1:colcon.colcon_core.package_identification:_identify(log) ignored
[0.441s] Level 1:colcon.colcon_core.package_identification:_identify(src) by extensions ['ignore', 'ignore_ament_install']
[0.441s] Level 1:colcon.colcon_core.package_identification:_identify(src) by extension 'ignore'
[0.441s] Level 1:colcon.colcon_core.package_identification:_identify(src) by extension 'ignore_ament_install'
[0.441s] Level 1:colcon.colcon_core.package_identification:_identify(src) by extensions ['colcon_pkg']
[0.441s] Level 1:colcon.colcon_core.package_identification:_identify(src) by extension 'colcon_pkg'
[0.441s] Level 1:colcon.colcon_core.package_identification:_identify(src) by extensions ['colcon_meta']
[0.441s] Level 1:colcon.colcon_core.package_identification:_identify(src) by extension 'colcon_meta'
[0.441s] Level 1:colcon.colcon_core.package_identification:_identify(src) by extensions ['ros']
[0.441s] Level 1:colcon.colcon_core.package_identification:_identify(src) by extension 'ros'
[0.441s] Level 1:colcon.colcon_core.package_identification:_identify(src) by extensions ['cmake', 'python']
[0.441s] Level 1:colcon.colcon_core.package_identification:_identify(src) by extension 'cmake'
[0.441s] Level 1:colcon.colcon_core.package_identification:_identify(src) by extension 'python'
[0.441s] Level 1:colcon.colcon_core.package_identification:_identify(src) by extensions ['python_setup_py']
[0.441s] Level 1:colcon.colcon_core.package_identification:_identify(src) by extension 'python_setup_py'
[0.442s] Level 1:colcon.colcon_core.package_identification:_identify(src/global_planner) by extensions ['ignore', 'ignore_ament_install']
[0.442s] Level 1:colcon.colcon_core.package_identification:_identify(src/global_planner) by extension 'ignore'
[0.442s] Level 1:colcon.colcon_core.package_identification:_identify(src/global_planner) by extension 'ignore_ament_install'
[0.442s] Level 1:colcon.colcon_core.package_identification:_identify(src/global_planner) by extensions ['colcon_pkg']
[0.442s] Level 1:colcon.colcon_core.package_identification:_identify(src/global_planner) by extension 'colcon_pkg'
[0.442s] Level 1:colcon.colcon_core.package_identification:_identify(src/global_planner) by extensions ['colcon_meta']
[0.442s] Level 1:colcon.colcon_core.package_identification:_identify(src/global_planner) by extension 'colcon_meta'
[0.442s] Level 1:colcon.colcon_core.package_identification:_identify(src/global_planner) by extensions ['ros']
[0.442s] Level 1:colcon.colcon_core.package_identification:_identify(src/global_planner) by extension 'ros'
[0.445s] DEBUG:colcon.colcon_core.package_identification:Package 'src/global_planner' with type 'ros.ament_cmake' and name 'global_planner'
[0.445s] Level 1:colcon.colcon_core.package_identification:_identify(src/local_planner) by extensions ['ignore', 'ignore_ament_install']
[0.445s] Level 1:colcon.colcon_core.package_identification:_identify(src/local_planner) by extension 'ignore'
[0.445s] Level 1:colcon.colcon_core.package_identification:_identify(src/local_planner) by extension 'ignore_ament_install'
[0.445s] Level 1:colcon.colcon_core.package_identification:_identify(src/local_planner) by extensions ['colcon_pkg']
[0.445s] Level 1:colcon.colcon_core.package_identification:_identify(src/local_planner) by extension 'colcon_pkg'
[0.445s] Level 1:colcon.colcon_core.package_identification:_identify(src/local_planner) by extensions ['colcon_meta']
[0.445s] Level 1:colcon.colcon_core.package_identification:_identify(src/local_planner) by extension 'colcon_meta'
[0.445s] Level 1:colcon.colcon_core.package_identification:_identify(src/local_planner) by extensions ['ros']
[0.445s] Level 1:colcon.colcon_core.package_identification:_identify(src/local_planner) by extension 'ros'
[0.446s] DEBUG:colcon.colcon_core.package_identification:Package 'src/local_planner' with type 'ros.ament_cmake' and name 'local_planner'
[0.446s] Level 1:colcon.colcon_core.package_identification:_identify(src/mujoco_sim_node) by extensions ['ignore', 'ignore_ament_install']
[0.446s] Level 1:colcon.colcon_core.package_identification:_identify(src/mujoco_sim_node) by extension 'ignore'
[0.446s] Level 1:colcon.colcon_core.package_identification:_identify(src/mujoco_sim_node) by extension 'ignore_ament_install'
[0.446s] Level 1:colcon.colcon_core.package_identification:_identify(src/mujoco_sim_node) by extensions ['colcon_pkg']
[0.446s] Level 1:colcon.colcon_core.package_identification:_identify(src/mujoco_sim_node) by extension 'colcon_pkg'
[0.446s] Level 1:colcon.colcon_core.package_identification:_identify(src/mujoco_sim_node) by extensions ['colcon_meta']
[0.446s] Level 1:colcon.colcon_core.package_identification:_identify(src/mujoco_sim_node) by extension 'colcon_meta'
[0.446s] Level 1:colcon.colcon_core.package_identification:_identify(src/mujoco_sim_node) by extensions ['ros']
[0.446s] Level 1:colcon.colcon_core.package_identification:_identify(src/mujoco_sim_node) by extension 'ros'
[0.447s] DEBUG:colcon.colcon_core.package_identification:Package 'src/mujoco_sim_node' with type 'ros.ament_cmake' and name 'mujoco_sim_node'
[0.447s] Level 1:colcon.colcon_core.package_identification:_identify(src/vehicle_msgs) by extensions ['ignore', 'ignore_ament_install']
[0.447s] Level 1:colcon.colcon_core.package_identification:_identify(src/vehicle_msgs) by extension 'ignore'
[0.447s] Level 1:colcon.colcon_core.package_identification:_identify(src/vehicle_msgs) by extension 'ignore_ament_install'
[0.447s] Level 1:colcon.colcon_core.package_identification:_identify(src/vehicle_msgs) by extensions ['colcon_pkg']
[0.447s] Level 1:colcon.colcon_core.package_identification:_identify(src/vehicle_msgs) by extension 'colcon_pkg'
[0.447s] Level 1:colcon.colcon_core.package_identification:_identify(src/vehicle_msgs) by extensions ['colcon_meta']
[0.447s] Level 1:colcon.colcon_core.package_identification:_identify(src/vehicle_msgs) by extension 'colcon_meta'
[0.447s] Level 1:colcon.colcon_core.package_identification:_identify(src/vehicle_msgs) by extensions ['ros']
[0.447s] Level 1:colcon.colcon_core.package_identification:_identify(src/vehicle_msgs) by extension 'ros'
[0.449s] DEBUG:colcon.colcon_core.package_identification:Package 'src/vehicle_msgs' with type 'ros.ament_cmake' and name 'vehicle_msgs'
[0.449s] Level 1:colcon.colcon_core.package_discovery:discover_packages(recursive) using defaults
[0.449s] Level 1:colcon.colcon_core.package_discovery:discover_packages(ignore) discover
[0.449s] Level 1:colcon.colcon_core.package_discovery:discover_packages(ignore) using defaults
[0.449s] Level 1:colcon.colcon_core.package_discovery:discover_packages(path) discover
[0.449s] Level 1:colcon.colcon_core.package_discovery:discover_packages(path) using defaults
[0.469s] Level 5:colcon.colcon_core.verb:set package 'global_planner' build argument 'cmake_args' from command line to 'None'
[0.469s] Level 5:colcon.colcon_core.verb:set package 'global_planner' build argument 'cmake_target' from command line to 'None'
[0.469s] Level 5:colcon.colcon_core.verb:set package 'global_planner' build argument 'cmake_target_skip_unavailable' from command line to 'False'
[0.469s] Level 5:colcon.colcon_core.verb:set package 'global_planner' build argument 'cmake_clean_cache' from command line to 'False'
[0.469s] Level 5:colcon.colcon_core.verb:set package 'global_planner' build argument 'cmake_clean_first' from command line to 'False'
[0.469s] Level 5:colcon.colcon_core.verb:set package 'global_planner' build argument 'cmake_force_configure' from command line to 'False'
[0.469s] Level 5:colcon.colcon_core.verb:set package 'global_planner' build argument 'ament_cmake_args' from command line to 'None'
[0.469s] Level 5:colcon.colcon_core.verb:set package 'global_planner' build argument 'catkin_cmake_args' from command line to 'None'
[0.469s] Level 5:colcon.colcon_core.verb:set package 'global_planner' build argument 'catkin_skip_building_tests' from command line to 'False'
[0.469s] DEBUG:colcon.colcon_core.verb:Building package 'global_planner' with the following arguments: {'ament_cmake_args': None, 'build_base': '/home/shriperu/ros2_ws/build/global_planner', 'catkin_cmake_args': None, 'catkin_skip_building_tests': False, 'cmake_args': None, 'cmake_clean_cache': False, 'cmake_clean_first': False, 'cmake_force_configure': False, 'cmake_target': None, 'cmake_target_skip_unavailable': False, 'install_base': '/home/shriperu/ros2_ws/install/global_planner', 'merge_install': False, 'path': '/home/shriperu/ros2_ws/src/global_planner', 'symlink_install': True, 'test_result_base': None}
[0.469s] Level 5:colcon.colcon_core.verb:set package 'vehicle_msgs' build argument 'cmake_args' from command line to 'None'
[0.469s] Level 5:colcon.colcon_core.verb:set package 'vehicle_msgs' build argument 'cmake_target' from command line to 'None'
[0.470s] Level 5:colcon.colcon_core.verb:set package 'vehicle_msgs' build argument 'cmake_target_skip_unavailable' from command line to 'False'
[0.470s] Level 5:colcon.colcon_core.verb:set package 'vehicle_msgs' build argument 'cmake_clean_cache' from command line to 'False'
[0.470s] Level 5:colcon.colcon_core.verb:set package 'vehicle_msgs' build argument 'cmake_clean_first' from command line to 'False'
[0.470s] Level 5:colcon.colcon_core.verb:set package 'vehicle_msgs' build argument 'cmake_force_configure' from command line to 'False'
[0.470s] Level 5:colcon.colcon_core.verb:set package 'vehicle_msgs' build argument 'ament_cmake_args' from command line to 'None'
[0.470s] Level 5:colcon.colcon_core.verb:set package 'vehicle_msgs' build argument 'catkin_cmake_args' from command line to 'None'
[0.470s] Level 5:colcon.colcon_core.verb:set package 'vehicle_msgs' build argument 'catkin_skip_building_tests' from command line to 'False'
[0.470s] DEBUG:colcon.colcon_core.verb:Building package 'vehicle_msgs' with the following arguments: {'ament_cmake_args': None, 'build_base': '/home/shriperu/ros2_ws/build/vehicle_msgs', 'catkin_cmake_args': None, 'catkin_skip_building_tests': False, 'cmake_args': None, 'cmake_clean_cache': False, 'cmake_clean_first': False, 'cmake_force_configure': False, 'cmake_target': None, 'cmake_target_skip_unavailable': False, 'install_base': '/home/shriperu/ros2_ws/install/vehicle_msgs', 'merge_install': False, 'path': '/home/shriperu/ros2_ws/src/vehicle_msgs', 'symlink_install': True, 'test_result_base': None}
[0.470s] Level 5:colcon.colcon_core.verb:set package 'local_planner' build argument 'cmake_args' from command line to 'None'
[0.470s] Level 5:colcon.colcon_core.verb:set package 'local_planner' build argument 'cmake_target' from command line to 'None'
[0.470s] Level 5:colcon.colcon_core.verb:set package 'local_planner' build argument 'cmake_target_skip_unavailable' from command line to 'False'
[0.470s] Level 5:colcon.colcon_core.verb:set package 'local_planner' build argument 'cmake_clean_cache' from command line to 'False'
[0.470s] Level 5:colcon.colcon_core.verb:set package 'local_planner' build argument 'cmake_clean_first' from command line to 'False'
[0.470s] Level 5:colcon.colcon_core.verb:set package 'local_planner' build argument 'cmake_force_configure' from command line to 'False'
[0.470s] Level 5:colcon.colcon_core.verb:set package 'local_planner' build argument 'ament_cmake_args' from command line to 'None'
[0.470s] Level 5:colcon.colcon_core.verb:set package 'local_planner' build argument 'catkin_cmake_args' from command line to 'None'
[0.470s] Level 5:colcon.colcon_core.verb:set package 'local_planner' build argument 'catkin_skip_building_tests' from command line to 'False'
[0.470s] DEBUG:colcon.colcon_core.verb:Building package 'local_planner' with the following arguments: {'ament_cmake_args': None, 'build_base': '/home/shriperu/ros2_ws/build/local_planner', 'catkin_cmake_args': None, 'catkin_skip_building_tests': False, 'cmake_args': None, 'cmake_clean_cache': False, 'cmake_clean_first': False, 'cmake_force_configure': False, 'cmake_target': None, 'cmake_target_skip_unavailable': False, 'install_base': '/home/shriperu/ros2_ws/install/local_planner', 'merge_install': False, 'path': '/home/shriperu/ros2_ws/src/local_planner', 'symlink_install': True, 'test_result_base': None}
[0.470s] Level 5:colcon.colcon_core.verb:set package 'mujoco_sim_node' build argument 'cmake_args' from command line to 'None'
[0.470s] Level 5:colcon.colcon_core.verb:set package 'mujoco_sim_node' build argument 'cmake_target' from command line to 'None'
[0.470s] Level 5:colcon.colcon_core.verb:set package 'mujoco_sim_node' build argument 'cmake_target_skip_unavailable' from command line to 'False'
[0.470s] Level 5:colcon.colcon_core.verb:set package 'mujoco_sim_node' build argument 'cmake_clean_cache' from command line to 'False'
[0.470s] Level 5:colcon.colcon_core.verb:set package 'mujoco_sim_node' build argument 'cmake_clean_first' from command line to 'False'
[0.470s] Level 5:colcon.colcon_core.verb:set package 'mujoco_sim_node' build argument 'cmake_force_configure' from command line to 'False'
[0.470s] Level 5:colcon.colcon_core.verb:set package 'mujoco_sim_node' build argument 'ament_cmake_args' from command line to 'None'
[0.470s] Level 5:colcon.colcon_core.verb:set package 'mujoco_sim_node' build argument 'catkin_cmake_args' from command line to 'None'
[0.470s] Level 5:colcon.colcon_core.verb:set package 'mujoco_sim_node' build argument 'catkin_skip_building_tests' from command line to 'False'
[0.471s] DEBUG:colcon.colcon_core.verb:Building package 'mujoco_sim_node' with the following arguments: {'ament_cmake_args': None, 'build_base': '/home/shriperu/ros2_ws/build/mujoco_sim_node', 'catkin_cmake_args': None, 'catkin_skip_building_tests': False, 'cmake_args': None, 'cmake_clean_cache': False, 'cmake_clean_first': False, 'cmake_force_configure': False, 'cmake_target': None, 'cmake_target_skip_unavailable': False, 'install_base': '/home/shriperu/ros2_ws/install/mujoco_sim_node', 'merge_install': False, 'path': '/home/shriperu/ros2_ws/src/mujoco_sim_node', 'symlink_install': True, 'test_result_base': None}
[0.471s] INFO:colcon.colcon_core.executor:Executing jobs using 'parallel' executor
[0.472s] DEBUG:colcon.colcon_parallel_executor.executor.parallel:run_until_complete
[0.473s] INFO:colcon.colcon_ros.task.ament_cmake.build:Building ROS package in '/home/shriperu/ros2_ws/src/vehicle_msgs' with build type 'ament_cmake'
[0.473s] INFO:colcon.colcon_cmake.task.cmake.build:Building CMake package in '/home/shriperu/ros2_ws/src/vehicle_msgs'
[0.475s] INFO:colcon.colcon_core.plugin_system:Skipping extension 'colcon_core.shell.bat': Not used on non-Windows systems
[0.475s] DEBUG:colcon.colcon_core.shell:Skip shell extension 'dsv' for command environment
[0.477s] WARNING:colcon.colcon_ros.prefix_path.ament:The path '/home/shriperu/ros2_ws/install/vehicle_msgs' in the environment variable AMENT_PREFIX_PATH doesn't exist
[0.478s] WARNING:colcon.colcon_ros.prefix_path.catkin:The path '/home/shriperu/ros2_ws/install/vehicle_msgs' in the environment variable CMAKE_PREFIX_PATH doesn't exist
[0.483s] INFO:colcon.colcon_ros.task.ament_cmake.build:Building ROS package in '/home/shriperu/ros2_ws/src/global_planner' with build type 'ament_cmake'
[0.484s] INFO:colcon.colcon_cmake.task.cmake.build:Building CMake package in '/home/shriperu/ros2_ws/src/global_planner'
[0.484s] DEBUG:colcon.colcon_core.shell:Skip shell extension 'dsv' for command environment
[0.500s] DEBUG:colcon.colcon_core.event_handler.log_command:Invoking command in '/home/shriperu/ros2_ws/build/vehicle_msgs': CMAKE_PREFIX_PATH=${CMAKE_PREFIX_PATH}:/opt/ros/jazzy DEBUGINFOD_URLS=https://debuginfod.ubuntu.com /usr/bin/cmake /home/shriperu/ros2_ws/src/vehicle_msgs -DAMENT_CMAKE_SYMLINK_INSTALL=1 -DCMAKE_INSTALL_PREFIX=/home/shriperu/ros2_ws/install/vehicle_msgs
[0.504s] DEBUG:colcon.colcon_core.event_handler.log_command:Invoking command in '/home/shriperu/ros2_ws/build/global_planner': CMAKE_PREFIX_PATH=${CMAKE_PREFIX_PATH}:/opt/ros/jazzy DEBUGINFOD_URLS=https://debuginfod.ubuntu.com /usr/bin/cmake --build /home/shriperu/ros2_ws/build/global_planner -- -j16 -l16
[0.653s] DEBUG:colcon.colcon_core.event_handler.log_command:Invoked command in '/home/shriperu/ros2_ws/build/global_planner' returned '0': CMAKE_PREFIX_PATH=${CMAKE_PREFIX_PATH}:/opt/ros/jazzy DEBUGINFOD_URLS=https://debuginfod.ubuntu.com /usr/bin/cmake --build /home/shriperu/ros2_ws/build/global_planner -- -j16 -l16
[0.668s] DEBUG:colcon.colcon_core.event_handler.log_command:Invoking command in '/home/shriperu/ros2_ws/build/global_planner': CMAKE_PREFIX_PATH=${CMAKE_PREFIX_PATH}:/opt/ros/jazzy DEBUGINFOD_URLS=https://debuginfod.ubuntu.com /usr/bin/cmake --install /home/shriperu/ros2_ws/build/global_planner
[0.701s] Level 1:colcon.colcon_core.environment:create_environment_scripts_only(global_planner)
[0.702s] DEBUG:colcon.colcon_core.event_handler.log_command:Invoked command in '/home/shriperu/ros2_ws/build/global_planner' returned '0': CMAKE_PREFIX_PATH=${CMAKE_PREFIX_PATH}:/opt/ros/jazzy DEBUGINFOD_URLS=https://debuginfod.ubuntu.com /usr/bin/cmake --install /home/shriperu/ros2_ws/build/global_planner
[0.705s] Level 1:colcon.colcon_core.environment:checking '/home/shriperu/ros2_ws/install/global_planner' for CMake module files
[0.705s] Level 1:colcon.colcon_core.environment:checking '/home/shriperu/ros2_ws/install/global_planner' for CMake config files
[0.706s] Level 1:colcon.colcon_core.shell:create_environment_hook('global_planner', 'cmake_prefix_path')
[0.706s] INFO:colcon.colcon_core.shell:Creating environment descriptor '/home/shriperu/ros2_ws/install/global_planner/share/global_planner/hook/cmake_prefix_path.dsv'
[0.707s] INFO:colcon.colcon_core.shell:Creating environment hook '/home/shriperu/ros2_ws/install/global_planner/share/global_planner/hook/cmake_prefix_path.sh'
[0.708s] Level 1:colcon.colcon_core.environment:checking '/home/shriperu/ros2_ws/install/global_planner/lib'
[0.708s] Level 1:colcon.colcon_core.environment:checking '/home/shriperu/ros2_ws/install/global_planner/bin'
[0.708s] Level 1:colcon.colcon_core.environment:checking '/home/shriperu/ros2_ws/install/global_planner/lib/pkgconfig/global_planner.pc'
[0.710s] Level 1:colcon.colcon_core.environment:checking '/home/shriperu/ros2_ws/install/global_planner/lib/python3.12/site-packages'
[0.710s] Level 1:colcon.colcon_core.environment:checking '/home/shriperu/ros2_ws/install/global_planner/bin'
[0.711s] INFO:colcon.colcon_core.shell:Creating package descriptor '/home/shriperu/ros2_ws/install/global_planner/share/global_planner/package.dsv'
[0.711s] INFO:colcon.colcon_core.shell:Creating package script '/home/shriperu/ros2_ws/install/global_planner/share/global_planner/package.sh'
[0.712s] INFO:colcon.colcon_core.shell:Creating package script '/home/shriperu/ros2_ws/install/global_planner/share/global_planner/package.bash'
[0.713s] INFO:colcon.colcon_core.shell:Creating package script '/home/shriperu/ros2_ws/install/global_planner/share/global_planner/package.zsh'
[0.714s] Level 1:colcon.colcon_core.environment:create_file_with_runtime_dependencies(/home/shriperu/ros2_ws/install/global_planner/share/colcon-core/packages/global_planner)
[0.714s] Level 1:colcon.colcon_core.environment:create_environment_scripts_only(global_planner)
[0.715s] Level 1:colcon.colcon_core.environment:checking '/home/shriperu/ros2_ws/install/global_planner' for CMake module files
[0.715s] Level 1:colcon.colcon_core.environment:checking '/home/shriperu/ros2_ws/install/global_planner' for CMake config files
[0.715s] Level 1:colcon.colcon_core.shell:create_environment_hook('global_planner', 'cmake_prefix_path')
[0.715s] INFO:colcon.colcon_core.shell:Creating environment descriptor '/home/shriperu/ros2_ws/install/global_planner/share/global_planner/hook/cmake_prefix_path.dsv'
[0.716s] INFO:colcon.colcon_core.shell:Creating environment hook '/home/shriperu/ros2_ws/install/global_planner/share/global_planner/hook/cmake_prefix_path.sh'
[0.716s] Level 1:colcon.colcon_core.environment:checking '/home/shriperu/ros2_ws/install/global_planner/lib'
[0.717s] Level 1:colcon.colcon_core.environment:checking '/home/shriperu/ros2_ws/install/global_planner/bin'
[0.717s] Level 1:colcon.colcon_core.environment:checking '/home/shriperu/ros2_ws/install/global_planner/lib/pkgconfig/global_planner.pc'
[0.717s] Level 1:colcon.colcon_core.environment:checking '/home/shriperu/ros2_ws/install/global_planner/lib/python3.12/site-packages'
[0.717s] Level 1:colcon.colcon_core.environment:checking '/home/shriperu/ros2_ws/install/global_planner/bin'
[0.718s] INFO:colcon.colcon_core.shell:Creating package descriptor '/home/shriperu/ros2_ws/install/global_planner/share/global_planner/package.dsv'
[0.718s] INFO:colcon.colcon_core.shell:Creating package script '/home/shriperu/ros2_ws/install/global_planner/share/global_planner/package.sh'
[0.719s] INFO:colcon.colcon_core.shell:Creating package script '/home/shriperu/ros2_ws/install/global_planner/share/global_planner/package.bash'
[0.719s] INFO:colcon.colcon_core.shell:Creating package script '/home/shriperu/ros2_ws/install/global_planner/share/global_planner/package.zsh'
[0.719s] Level 1:colcon.colcon_core.environment:create_file_with_runtime_dependencies(/home/shriperu/ros2_ws/install/global_planner/share/colcon-core/packages/global_planner)
[14.403s] DEBUG:colcon.colcon_core.event_handler.log_command:Invoked command in '/home/shriperu/ros2_ws/build/vehicle_msgs' returned '0': CMAKE_PREFIX_PATH=${CMAKE_PREFIX_PATH}:/opt/ros/jazzy DEBUGINFOD_URLS=https://debuginfod.ubuntu.com /usr/bin/cmake /home/shriperu/ros2_ws/src/vehicle_msgs -DAMENT_CMAKE_SYMLINK_INSTALL=1 -DCMAKE_INSTALL_PREFIX=/home/shriperu/ros2_ws/install/vehicle_msgs
[14.404s] DEBUG:colcon.colcon_core.event_handler.log_command:Invoking command in '/home/shriperu/ros2_ws/build/vehicle_msgs': CMAKE_PREFIX_PATH=${CMAKE_PREFIX_PATH}:/opt/ros/jazzy DEBUGINFOD_URLS=https://debuginfod.ubuntu.com /usr/bin/cmake --build /home/shriperu/ros2_ws/build/vehicle_msgs -- -j16 -l16
[19.416s] DEBUG:colcon.colcon_core.event_handler.log_command:Invoked command in '/home/shriperu/ros2_ws/build/vehicle_msgs' returned '0': CMAKE_PREFIX_PATH=${CMAKE_PREFIX_PATH}:/opt/ros/jazzy DEBUGINFOD_URLS=https://debuginfod.ubuntu.com /usr/bin/cmake --build /home/shriperu/ros2_ws/build/vehicle_msgs -- -j16 -l16
[19.418s] DEBUG:colcon.colcon_core.event_handler.log_command:Invoking command in '/home/shriperu/ros2_ws/build/vehicle_msgs': CMAKE_PREFIX_PATH=${CMAKE_PREFIX_PATH}:/opt/ros/jazzy DEBUGINFOD_URLS=https://debuginfod.ubuntu.com /usr/bin/cmake --install /home/shriperu/ros2_ws/build/vehicle_msgs
[20.570s] Level 1:colcon.colcon_core.environment:create_environment_scripts_only(vehicle_msgs)
[20.571s] Level 1:colcon.colcon_core.environment:checking '/home/shriperu/ros2_ws/install/vehicle_msgs' for CMake module files
[20.571s] DEBUG:colcon.colcon_core.event_handler.log_command:Invoked command in '/home/shriperu/ros2_ws/build/vehicle_msgs' returned '0': CMAKE_PREFIX_PATH=${CMAKE_PREFIX_PATH}:/opt/ros/jazzy DEBUGINFOD_URLS=https://debuginfod.ubuntu.com /usr/bin/cmake --install /home/shriperu/ros2_ws/build/vehicle_msgs
[20.572s] Level 1:colcon.colcon_core.environment:checking '/home/shriperu/ros2_ws/install/vehicle_msgs' for CMake config files
[20.573s] Level 1:colcon.colcon_core.shell:create_environment_hook('vehicle_msgs', 'cmake_prefix_path')
[20.573s] INFO:colcon.colcon_core.shell:Creating environment descriptor '/home/shriperu/ros2_ws/install/vehicle_msgs/share/vehicle_msgs/hook/cmake_prefix_path.dsv'
[20.575s] INFO:colcon.colcon_core.shell:Creating environment hook '/home/shriperu/ros2_ws/install/vehicle_msgs/share/vehicle_msgs/hook/cmake_prefix_path.sh'
[20.576s] Level 1:colcon.colcon_core.environment:checking '/home/shriperu/ros2_ws/install/vehicle_msgs/lib'
[20.576s] Level 1:colcon.colcon_core.shell:create_environment_hook('vehicle_msgs', 'ld_library_path_lib')
[20.576s] INFO:colcon.colcon_core.shell:Creating environment descriptor '/home/shriperu/ros2_ws/install/vehicle_msgs/share/vehicle_msgs/hook/ld_library_path_lib.dsv'
[20.576s] INFO:colcon.colcon_core.shell:Creating environment hook '/home/shriperu/ros2_ws/install/vehicle_msgs/share/vehicle_msgs/hook/ld_library_path_lib.sh'
[20.577s] Level 1:colcon.colcon_core.environment:checking '/home/shriperu/ros2_ws/install/vehicle_msgs/bin'
[20.577s] Level 1:colcon.colcon_core.environment:checking '/home/shriperu/ros2_ws/install/vehicle_msgs/lib/pkgconfig/vehicle_msgs.pc'
[20.577s] Level 1:colcon.colcon_core.environment:checking '/home/shriperu/ros2_ws/install/vehicle_msgs/lib/python3.12/site-packages'
[20.577s] Level 1:colcon.colcon_core.shell:create_environment_hook('vehicle_msgs', 'pythonpath')
[20.577s] INFO:colcon.colcon_core.shell:Creating environment descriptor '/home/shriperu/ros2_ws/install/vehicle_msgs/share/vehicle_msgs/hook/pythonpath.dsv'
[20.577s] INFO:colcon.colcon_core.shell:Creating environment hook '/home/shriperu/ros2_ws/install/vehicle_msgs/share/vehicle_msgs/hook/pythonpath.sh'
[20.578s] Level 1:colcon.colcon_core.environment:checking '/home/shriperu/ros2_ws/install/vehicle_msgs/bin'
[20.578s] INFO:colcon.colcon_core.shell:Creating package descriptor '/home/shriperu/ros2_ws/install/vehicle_msgs/share/vehicle_msgs/package.dsv'
[20.579s] INFO:colcon.colcon_core.shell:Creating package script '/home/shriperu/ros2_ws/install/vehicle_msgs/share/vehicle_msgs/package.sh'
[20.579s] INFO:colcon.colcon_core.shell:Creating package script '/home/shriperu/ros2_ws/install/vehicle_msgs/share/vehicle_msgs/package.bash'
[20.580s] INFO:colcon.colcon_core.shell:Creating package script '/home/shriperu/ros2_ws/install/vehicle_msgs/share/vehicle_msgs/package.zsh'
[20.580s] Level 1:colcon.colcon_core.environment:create_file_with_runtime_dependencies(/home/shriperu/ros2_ws/install/vehicle_msgs/share/colcon-core/packages/vehicle_msgs)
[20.582s] Level 1:colcon.colcon_core.environment:create_environment_scripts_only(vehicle_msgs)
[20.582s] Level 1:colcon.colcon_core.environment:checking '/home/shriperu/ros2_ws/install/vehicle_msgs' for CMake module files
[20.583s] Level 1:colcon.colcon_core.environment:checking '/home/shriperu/ros2_ws/install/vehicle_msgs' for CMake config files
[20.584s] Level 1:colcon.colcon_core.shell:create_environment_hook('vehicle_msgs', 'cmake_prefix_path')
[20.584s] INFO:colcon.colcon_core.shell:Creating environment descriptor '/home/shriperu/ros2_ws/install/vehicle_msgs/share/vehicle_msgs/hook/cmake_prefix_path.dsv'
[20.584s] INFO:colcon.colcon_core.shell:Creating environment hook '/home/shriperu/ros2_ws/install/vehicle_msgs/share/vehicle_msgs/hook/cmake_prefix_path.sh'
[20.585s] Level 1:colcon.colcon_core.environment:checking '/home/shriperu/ros2_ws/install/vehicle_msgs/lib'
[20.585s] Level 1:colcon.colcon_core.shell:create_environment_hook('vehicle_msgs', 'ld_library_path_lib')
[20.585s] INFO:colcon.colcon_core.shell:Creating environment descriptor '/home/shriperu/ros2_ws/install/vehicle_msgs/share/vehicle_msgs/hook/ld_library_path_lib.dsv'
[20.585s] INFO:colcon.colcon_core.shell:Creating environment hook '/home/shriperu/ros2_ws/install/vehicle_msgs/share/vehicle_msgs/hook/ld_library_path_lib.sh'
[20.586s] Level 1:colcon.colcon_core.environment:checking '/home/shriperu/ros2_ws/install/vehicle_msgs/bin'
[20.586s] Level 1:colcon.colcon_core.environment:checking '/home/shriperu/ros2_ws/install/vehicle_msgs/lib/pkgconfig/vehicle_msgs.pc'
[20.586s] Level 1:colcon.colcon_core.environment:checking '/home/shriperu/ros2_ws/install/vehicle_msgs/lib/python3.12/site-packages'
[20.586s] Level 1:colcon.colcon_core.shell:create_environment_hook('vehicle_msgs', 'pythonpath')
[20.587s] INFO:colcon.colcon_core.shell:Creating environment descriptor '/home/shriperu/ros2_ws/install/vehicle_msgs/share/vehicle_msgs/hook/pythonpath.dsv'
[20.587s] INFO:colcon.colcon_core.shell:Creating environment hook '/home/shriperu/ros2_ws/install/vehicle_msgs/share/vehicle_msgs/hook/pythonpath.sh'
[20.588s] Level 1:colcon.colcon_core.environment:checking '/home/shriperu/ros2_ws/install/vehicle_msgs/bin'
[20.588s] INFO:colcon.colcon_core.shell:Creating package descriptor '/home/shriperu/ros2_ws/install/vehicle_msgs/share/vehicle_msgs/package.dsv'
[20.588s] INFO:colcon.colcon_core.shell:Creating package script '/home/shriperu/ros2_ws/install/vehicle_msgs/share/vehicle_msgs/package.sh'
[20.589s] INFO:colcon.colcon_core.shell:Creating package script '/home/shriperu/ros2_ws/install/vehicle_msgs/share/vehicle_msgs/package.bash'
[20.589s] INFO:colcon.colcon_core.shell:Creating package script '/home/shriperu/ros2_ws/install/vehicle_msgs/share/vehicle_msgs/package.zsh'
[20.590s] Level 1:colcon.colcon_core.environment:create_file_with_runtime_dependencies(/home/shriperu/ros2_ws/install/vehicle_msgs/share/colcon-core/packages/vehicle_msgs)
[20.590s] INFO:colcon.colcon_ros.task.ament_cmake.build:Building ROS package in '/home/shriperu/ros2_ws/src/local_planner' with build type 'ament_cmake'
[20.590s] INFO:colcon.colcon_cmake.task.cmake.build:Building CMake package in '/home/shriperu/ros2_ws/src/local_planner'
[20.591s] DEBUG:colcon.colcon_core.shell:Skip shell extension 'dsv' for command environment
[20.596s] INFO:colcon.colcon_ros.task.ament_cmake.build:Building ROS package in '/home/shriperu/ros2_ws/src/mujoco_sim_node' with build type 'ament_cmake'
[20.596s] INFO:colcon.colcon_cmake.task.cmake.build:Building CMake package in '/home/shriperu/ros2_ws/src/mujoco_sim_node'
[20.597s] DEBUG:colcon.colcon_core.shell:Skip shell extension 'dsv' for command environment
[21.205s] DEBUG:colcon.colcon_core.event_handler.log_command:Invoking command in '/home/shriperu/ros2_ws/build/local_planner': CMAKE_PREFIX_PATH=/home/shriperu/ros2_ws/install/vehicle_msgs:/home/shriperu/ros2_ws/install/local_planner:/home/shriperu/ros2_ws/install/mujoco_sim_node:/home/shriperu/ros2_ws/install/global_planner:/opt/ros/jazzy/opt/gz_sim_vendor:/opt/ros/jazzy/opt/gz_sensors_vendor:/opt/ros/jazzy/opt/gz_physics_vendor:/opt/ros/jazzy/opt/sdformat_vendor:/opt/ros/jazzy/opt/gz_gui_vendor:/opt/ros/jazzy/opt/gz_transport_vendor:/opt/ros/jazzy/opt/gz_rendering_vendor:/opt/ros/jazzy/opt/gz_plugin_vendor:/opt/ros/jazzy/opt/gz_fuel_tools_vendor:/opt/ros/jazzy/opt/gz_msgs_vendor:/opt/ros/jazzy/opt/gz_common_vendor:/opt/ros/jazzy/opt/gz_math_vendor:/opt/ros/jazzy/opt/gz_utils_vendor:/opt/ros/jazzy/opt/gz_tools_vendor:/opt/ros/jazzy/opt/gz_ogre_next_vendor:/opt/ros/jazzy/opt/gz_dartsim_vendor:/opt/ros/jazzy/opt/gz_cmake_vendor:/opt/ros/jazzy DEBUGINFOD_URLS=https://debuginfod.ubuntu.com LD_LIBRARY_PATH=/home/shriperu/ros2_ws/install/vehicle_msgs/lib:/opt/ros/jazzy/opt/gz_sim_vendor/lib:/opt/ros/jazzy/opt/gz_sensors_vendor/lib:/opt/ros/jazzy/opt/gz_physics_vendor/lib:/opt/ros/jazzy/opt/sdformat_vendor/lib:/opt/ros/jazzy/opt/rviz_ogre_vendor/lib:/opt/ros/jazzy/lib/x86_64-linux-gnu:/opt/ros/jazzy/opt/gz_gui_vendor/lib:/opt/ros/jazzy/opt/gz_transport_vendor/lib:/opt/ros/jazzy/opt/gz_rendering_vendor/lib:/opt/ros/jazzy/opt/gz_plugin_vendor/lib:/opt/ros/jazzy/opt/gz_fuel_tools_vendor/lib:/opt/ros/jazzy/opt/gz_msgs_vendor/lib:/opt/ros/jazzy/opt/gz_common_vendor/lib:/opt/ros/jazzy/opt/gz_math_vendor/lib:/opt/ros/jazzy/opt/gz_utils_vendor/lib:/opt/ros/jazzy/opt/gz_tools_vendor/lib:/opt/ros/jazzy/opt/gz_ogre_next_vendor/lib:/opt/ros/jazzy/opt/gz_dartsim_vendor/lib:/opt/ros/jazzy/opt/gz_cmake_vendor/lib:/opt/ros/jazzy/lib:/usr/local/cuda-12.6/lib64:/usr/local/cuda/lib64 /usr/bin/cmake --build /home/shriperu/ros2_ws/build/local_planner -- -j16 -l16
[21.209s] DEBUG:colcon.colcon_core.event_handler.log_command:Invoking command in '/home/shriperu/ros2_ws/build/mujoco_sim_node': CMAKE_PREFIX_PATH=/home/shriperu/ros2_ws/install/vehicle_msgs:/home/shriperu/ros2_ws/install/local_planner:/home/shriperu/ros2_ws/install/mujoco_sim_node:/home/shriperu/ros2_ws/install/global_planner:/opt/ros/jazzy/opt/gz_sim_vendor:/opt/ros/jazzy/opt/gz_sensors_vendor:/opt/ros/jazzy/opt/gz_physics_vendor:/opt/ros/jazzy/opt/sdformat_vendor:/opt/ros/jazzy/opt/gz_gui_vendor:/opt/ros/jazzy/opt/gz_transport_vendor:/opt/ros/jazzy/opt/gz_rendering_vendor:/opt/ros/jazzy/opt/gz_plugin_vendor:/opt/ros/jazzy/opt/gz_fuel_tools_vendor:/opt/ros/jazzy/opt/gz_msgs_vendor:/opt/ros/jazzy/opt/gz_common_vendor:/opt/ros/jazzy/opt/gz_math_vendor:/opt/ros/jazzy/opt/gz_utils_vendor:/opt/ros/jazzy/opt/gz_tools_vendor:/opt/ros/jazzy/opt/gz_ogre_next_vendor:/opt/ros/jazzy/opt/gz_dartsim_vendor:/opt/ros/jazzy/opt/gz_cmake_vendor:/opt/ros/jazzy DEBUGINFOD_URLS=https://debuginfod.ubuntu.com LD_LIBRARY_PATH=/home/shriperu/ros2_ws/install/vehicle_msgs/lib:/opt/ros/jazzy/opt/gz_sim_vendor/lib:/opt/ros/jazzy/opt/gz_sensors_vendor/lib:/opt/ros/jazzy/opt/gz_physics_vendor/lib:/opt/ros/jazzy/opt/sdformat_vendor/lib:/opt/ros/jazzy/opt/rviz_ogre_vendor/lib:/opt/ros/jazzy/lib/x86_64-linux-gnu:/opt/ros/jazzy/opt/gz_gui_vendor/lib:/opt/ros/jazzy/opt/gz_transport_vendor/lib:/opt/ros/jazzy/opt/gz_rendering_vendor/lib:/opt/ros/jazzy/opt/gz_plugin_vendor/lib:/opt/ros/jazzy/opt/gz_fuel_tools_vendor/lib:/opt/ros/jazzy/opt/gz_msgs_vendor/lib:/opt/ros/jazzy/opt/gz_common_vendor/lib:/opt/ros/jazzy/opt/gz_math_vendor/lib:/opt/ros/jazzy/opt/gz_utils_vendor/lib:/opt/ros/jazzy/opt/gz_tools_vendor/lib:/opt/ros/jazzy/opt/gz_ogre_next_vendor/lib:/opt/ros/jazzy/opt/gz_dartsim_vendor/lib:/opt/ros/jazzy/opt/gz_cmake_vendor/lib:/opt/ros/jazzy/lib:/usr/local/cuda-12.6/lib64:/usr/local/cuda/lib64 /usr/bin/cmake /home/shriperu/ros2_ws/src/mujoco_sim_node -DAMENT_CMAKE_SYMLINK_INSTALL=1 -DCMAKE_INSTALL_PREFIX=/home/shriperu/ros2_ws/install/mujoco_sim_node
[23.456s] DEBUG:colcon.colcon_core.event_handler.log_command:Invoked command in '/home/shriperu/ros2_ws/build/mujoco_sim_node' returned '0': CMAKE_PREFIX_PATH=/home/shriperu/ros2_ws/install/vehicle_msgs:/home/shriperu/ros2_ws/install/local_planner:/home/shriperu/ros2_ws/install/mujoco_sim_node:/home/shriperu/ros2_ws/install/global_planner:/opt/ros/jazzy/opt/gz_sim_vendor:/opt/ros/jazzy/opt/gz_sensors_vendor:/opt/ros/jazzy/opt/gz_physics_vendor:/opt/ros/jazzy/opt/sdformat_vendor:/opt/ros/jazzy/opt/gz_gui_vendor:/opt/ros/jazzy/opt/gz_transport_vendor:/opt/ros/jazzy/opt/gz_rendering_vendor:/opt/ros/jazzy/opt/gz_plugin_vendor:/opt/ros/jazzy/opt/gz_fuel_tools_vendor:/opt/ros/jazzy/opt/gz_msgs_vendor:/opt/ros/jazzy/opt/gz_common_vendor:/opt/ros/jazzy/opt/gz_math_vendor:/opt/ros/jazzy/opt/gz_utils_vendor:/opt/ros/jazzy/opt/gz_tools_vendor:/opt/ros/jazzy/opt/gz_ogre_next_vendor:/opt/ros/jazzy/opt/gz_dartsim_vendor:/opt/ros/jazzy/opt/gz_cmake_vendor:/opt/ros/jazzy DEBUGINFOD_URLS=https://debuginfod.ubuntu.com LD_LIBRARY_PATH=/home/shriperu/ros2_ws/install/vehicle_msgs/lib:/opt/ros/jazzy/opt/gz_sim_vendor/lib:/opt/ros/jazzy/opt/gz_sensors_vendor/lib:/opt/ros/jazzy/opt/gz_physics_vendor/lib:/opt/ros/jazzy/opt/sdformat_vendor/lib:/opt/ros/jazzy/opt/rviz_ogre_vendor/lib:/opt/ros/jazzy/lib/x86_64-linux-gnu:/opt/ros/jazzy/opt/gz_gui_vendor/lib:/opt/ros/jazzy/opt/gz_transport_vendor/lib:/opt/ros/jazzy/opt/gz_rendering_vendor/lib:/opt/ros/jazzy/opt/gz_plugin_vendor/lib:/opt/ros/jazzy/opt/gz_fuel_tools_vendor/lib:/opt/ros/jazzy/opt/gz_msgs_vendor/lib:/opt/ros/jazzy/opt/gz_common_vendor/lib:/opt/ros/jazzy/opt/gz_math_vendor/lib:/opt/ros/jazzy/opt/gz_utils_vendor/lib:/opt/ros/jazzy/opt/gz_tools_vendor/lib:/opt/ros/jazzy/opt/gz_ogre_next_vendor/lib:/opt/ros/jazzy/opt/gz_dartsim_vendor/lib:/opt/ros/jazzy/opt/gz_cmake_vendor/lib:/opt/ros/jazzy/lib:/usr/local/cuda-12.6/lib64:/usr/local/cuda/lib64 /usr/bin/cmake /home/shriperu/ros2_ws/src/mujoco_sim_node -DAMENT_CMAKE_SYMLINK_INSTALL=1 -DCMAKE_INSTALL_PREFIX=/home/shriperu/ros2_ws/install/mujoco_sim_node
[23.458s] DEBUG:colcon.colcon_core.event_handler.log_command:Invoking command in '/home/shriperu/ros2_ws/build/mujoco_sim_node': CMAKE_PREFIX_PATH=/home/shriperu/ros2_ws/install/vehicle_msgs:/home/shriperu/ros2_ws/install/local_planner:/home/shriperu/ros2_ws/install/mujoco_sim_node:/home/shriperu/ros2_ws/install/global_planner:/opt/ros/jazzy/opt/gz_sim_vendor:/opt/ros/jazzy/opt/gz_sensors_vendor:/opt/ros/jazzy/opt/gz_physics_vendor:/opt/ros/jazzy/opt/sdformat_vendor:/opt/ros/jazzy/opt/gz_gui_vendor:/opt/ros/jazzy/opt/gz_transport_vendor:/opt/ros/jazzy/opt/gz_rendering_vendor:/opt/ros/jazzy/opt/gz_plugin_vendor:/opt/ros/jazzy/opt/gz_fuel_tools_vendor:/opt/ros/jazzy/opt/gz_msgs_vendor:/opt/ros/jazzy/opt/gz_common_vendor:/opt/ros/jazzy/opt/gz_math_vendor:/opt/ros/jazzy/opt/gz_utils_vendor:/opt/ros/jazzy/opt/gz_tools_vendor:/opt/ros/jazzy/opt/gz_ogre_next_vendor:/opt/ros/jazzy/opt/gz_dartsim_vendor:/opt/ros/jazzy/opt/gz_cmake_vendor:/opt/ros/jazzy DEBUGINFOD_URLS=https://debuginfod.ubuntu.com LD_LIBRARY_PATH=/home/shriperu/ros2_ws/install/vehicle_msgs/lib:/opt/ros/jazzy/opt/gz_sim_vendor/lib:/opt/ros/jazzy/opt/gz_sensors_vendor/lib:/opt/ros/jazzy/opt/gz_physics_vendor/lib:/opt/ros/jazzy/opt/sdformat_vendor/lib:/opt/ros/jazzy/opt/rviz_ogre_vendor/lib:/opt/ros/jazzy/lib/x86_64-linux-gnu:/opt/ros/jazzy/opt/gz_gui_vendor/lib:/opt/ros/jazzy/opt/gz_transport_vendor/lib:/opt/ros/jazzy/opt/gz_rendering_vendor/lib:/opt/ros/jazzy/opt/gz_plugin_vendor/lib:/opt/ros/jazzy/opt/gz_fuel_tools_vendor/lib:/opt/ros/jazzy/opt/gz_msgs_vendor/lib:/opt/ros/jazzy/opt/gz_common_vendor/lib:/opt/ros/jazzy/opt/gz_math_vendor/lib:/opt/ros/jazzy/opt/gz_utils_vendor/lib:/opt/ros/jazzy/opt/gz_tools_vendor/lib:/opt/ros/jazzy/opt/gz_ogre_next_vendor/lib:/opt/ros/jazzy/opt/gz_dartsim_vendor/lib:/opt/ros/jazzy/opt/gz_cmake_vendor/lib:/opt/ros/jazzy/lib:/usr/local/cuda-12.6/lib64:/usr/local/cuda/lib64 /usr/bin/cmake --build /home/shriperu/ros2_ws/build/mujoco_sim_node -- -j16 -l16
[23.961s] DEBUG:colcon.colcon_core.event_handler.log_command:Invoked command in '/home/shriperu/ros2_ws/build/mujoco_sim_node' returned '2': CMAKE_PREFIX_PATH=/home/shriperu/ros2_ws/install/vehicle_msgs:/home/shriperu/ros2_ws/install/local_planner:/home/shriperu/ros2_ws/install/mujoco_sim_node:/home/shriperu/ros2_ws/install/global_planner:/opt/ros/jazzy/opt/gz_sim_vendor:/opt/ros/jazzy/opt/gz_sensors_vendor:/opt/ros/jazzy/opt/gz_physics_vendor:/opt/ros/jazzy/opt/sdformat_vendor:/opt/ros/jazzy/opt/gz_gui_vendor:/opt/ros/jazzy/opt/gz_transport_vendor:/opt/ros/jazzy/opt/gz_rendering_vendor:/opt/ros/jazzy/opt/gz_plugin_vendor:/opt/ros/jazzy/opt/gz_fuel_tools_vendor:/opt/ros/jazzy/opt/gz_msgs_vendor:/opt/ros/jazzy/opt/gz_common_vendor:/opt/ros/jazzy/opt/gz_math_vendor:/opt/ros/jazzy/opt/gz_utils_vendor:/opt/ros/jazzy/opt/gz_tools_vendor:/opt/ros/jazzy/opt/gz_ogre_next_vendor:/opt/ros/jazzy/opt/gz_dartsim_vendor:/opt/ros/jazzy/opt/gz_cmake_vendor:/opt/ros/jazzy DEBUGINFOD_URLS=https://debuginfod.ubuntu.com LD_LIBRARY_PATH=/home/shriperu/ros2_ws/install/vehicle_msgs/lib:/opt/ros/jazzy/opt/gz_sim_vendor/lib:/opt/ros/jazzy/opt/gz_sensors_vendor/lib:/opt/ros/jazzy/opt/gz_physics_vendor/lib:/opt/ros/jazzy/opt/sdformat_vendor/lib:/opt/ros/jazzy/opt/rviz_ogre_vendor/lib:/opt/ros/jazzy/lib/x86_64-linux-gnu:/opt/ros/jazzy/opt/gz_gui_vendor/lib:/opt/ros/jazzy/opt/gz_transport_vendor/lib:/opt/ros/jazzy/opt/gz_rendering_vendor/lib:/opt/ros/jazzy/opt/gz_plugin_vendor/lib:/opt/ros/jazzy/opt/gz_fuel_tools_vendor/lib:/opt/ros/jazzy/opt/gz_msgs_vendor/lib:/opt/ros/jazzy/opt/gz_common_vendor/lib:/opt/ros/jazzy/opt/gz_math_vendor/lib:/opt/ros/jazzy/opt/gz_utils_vendor/lib:/opt/ros/jazzy/opt/gz_tools_vendor/lib:/opt/ros/jazzy/opt/gz_ogre_next_vendor/lib:/opt/ros/jazzy/opt/gz_dartsim_vendor/lib:/opt/ros/jazzy/opt/gz_cmake_vendor/lib:/opt/ros/jazzy/lib:/usr/local/cuda-12.6/lib64:/usr/local/cuda/lib64 /usr/bin/cmake --build /home/shriperu/ros2_ws/build/mujoco_sim_node -- -j16 -l16
[23.962s] Level 1:colcon.colcon_core.environment:create_environment_scripts_only(mujoco_sim_node)
[23.962s] Level 1:colcon.colcon_core.environment:checking '/home/shriperu/ros2_ws/install/mujoco_sim_node' for CMake module files
[23.962s] Level 1:colcon.colcon_core.environment:checking '/home/shriperu/ros2_ws/install/mujoco_sim_node' for CMake config files
[23.963s] Level 1:colcon.colcon_core.shell:create_environment_hook('mujoco_sim_node', 'cmake_prefix_path')
[23.963s] INFO:colcon.colcon_core.shell:Creating environment descriptor '/home/shriperu/ros2_ws/install/mujoco_sim_node/share/mujoco_sim_node/hook/cmake_prefix_path.dsv'
[23.963s] INFO:colcon.colcon_core.shell:Creating environment hook '/home/shriperu/ros2_ws/install/mujoco_sim_node/share/mujoco_sim_node/hook/cmake_prefix_path.sh'
[23.964s] Level 1:colcon.colcon_core.environment:checking '/home/shriperu/ros2_ws/install/mujoco_sim_node/lib'
[23.964s] Level 1:colcon.colcon_core.environment:checking '/home/shriperu/ros2_ws/install/mujoco_sim_node/bin'
[23.964s] Level 1:colcon.colcon_core.environment:checking '/home/shriperu/ros2_ws/install/mujoco_sim_node/lib/pkgconfig/mujoco_sim_node.pc'
[23.964s] Level 1:colcon.colcon_core.environment:checking '/home/shriperu/ros2_ws/install/mujoco_sim_node/lib/python3.12/site-packages'
[23.964s] Level 1:colcon.colcon_core.environment:checking '/home/shriperu/ros2_ws/install/mujoco_sim_node/bin'
[23.965s] INFO:colcon.colcon_core.shell:Creating package descriptor '/home/shriperu/ros2_ws/install/mujoco_sim_node/share/mujoco_sim_node/package.dsv'
[23.965s] INFO:colcon.colcon_core.shell:Creating package script '/home/shriperu/ros2_ws/install/mujoco_sim_node/share/mujoco_sim_node/package.sh'
[23.965s] INFO:colcon.colcon_core.shell:Creating package script '/home/shriperu/ros2_ws/install/mujoco_sim_node/share/mujoco_sim_node/package.bash'
[23.966s] INFO:colcon.colcon_core.shell:Creating package script '/home/shriperu/ros2_ws/install/mujoco_sim_node/share/mujoco_sim_node/package.zsh'
[23.966s] Level 1:colcon.colcon_core.environment:create_file_with_runtime_dependencies(/home/shriperu/ros2_ws/install/mujoco_sim_node/share/colcon-core/packages/mujoco_sim_node)
[37.484s] DEBUG:colcon.colcon_parallel_executor.executor.parallel:closing loop
[37.485s] DEBUG:colcon.colcon_parallel_executor.executor.parallel:loop closed
[37.485s] DEBUG:colcon.colcon_parallel_executor.executor.parallel:run_until_complete finished with '2'
[37.485s] DEBUG:colcon.colcon_core.event_reactor:joining thread
[37.704s] INFO:colcon.colcon_core.plugin_system:Skipping extension 'colcon_notification.desktop_notification.notify_send': Could not find 'notify-send'
[37.704s] INFO:colcon.colcon_core.plugin_system:Skipping extension 'colcon_notification.desktop_notification.terminal_notifier': Not used on non-Darwin systems
[37.704s] INFO:colcon.colcon_core.plugin_system:Skipping extension 'colcon_notification.desktop_notification.win32': Not used on non-Windows systems
[37.704s] INFO:colcon.colcon_notification.desktop_notification:Sending desktop notification using 'notify2'
[37.714s] DEBUG:colcon.colcon_notification.desktop_notification.notify2:Failed to initialize notify2: org.freedesktop.DBus.Error.ServiceUnknown: The name org.freedesktop.Notifications was not provided by any .service files
[37.715s] DEBUG:colcon.colcon_core.event_reactor:joined thread
[37.715s] INFO:colcon.colcon_core.shell:Creating prefix script '/home/shriperu/ros2_ws/install/local_setup.sh'
[37.716s] INFO:colcon.colcon_core.shell:Creating prefix util module '/home/shriperu/ros2_ws/install/_local_setup_util_sh.py'
[37.717s] INFO:colcon.colcon_core.shell:Creating prefix chain script '/home/shriperu/ros2_ws/install/setup.sh'
[37.719s] INFO:colcon.colcon_core.shell:Creating prefix script '/home/shriperu/ros2_ws/install/local_setup.bash'
[37.719s] INFO:colcon.colcon_core.shell:Creating prefix chain script '/home/shriperu/ros2_ws/install/setup.bash'
[37.720s] INFO:colcon.colcon_core.shell:Creating prefix script '/home/shriperu/ros2_ws/install/local_setup.zsh'
[37.721s] INFO:colcon.colcon_core.shell:Creating prefix chain script '/home/shriperu/ros2_ws/install/setup.zsh'
