[0.034s] Invoking command in '/home/shriperu/ros2_ws/build/global_planner': CMAKE_PREFIX_PATH=${CMAKE_PREFIX_PATH}:/opt/ros/jazzy DEBUGINFOD_URLS=https://debuginfod.ubuntu.com /usr/bin/cmake /home/shriperu/ros2_ws/src/global_planner -DAMENT_CMAKE_SYMLINK_INSTALL=1 -DCMAKE_INSTALL_PREFIX=/home/shriperu/ros2_ws/install/global_planner
[0.096s] -- Found ament_cmake: 2.5.6 (/opt/ros/jazzy/share/ament_cmake/cmake)
[0.373s] -- Override CMake install command with custom implementation using symlinks instead of copying resources
[0.403s] -- Found rclcpp: 28.1.21 (/opt/ros/jazzy/share/rclcpp/cmake)
[0.960s] -- Found rosidl_generator_c: 4.6.9 (/opt/ros/jazzy/share/rosidl_generator_c/cmake)
[0.976s] -- Found rosidl_generator_cpp: 4.6.9 (/opt/ros/jazzy/share/rosidl_generator_cpp/cmake)
[0.998s] -- Using all available rosidl_typesupport_c: rosidl_typesupport_fastrtps_c;rosidl_typesupport_introspection_c
[1.025s] -- Using all available rosidl_typesupport_cpp: rosidl_typesupport_fastrtps_cpp;rosidl_typesupport_introspection_cpp
[1.145s] -- Found rmw_implementation_cmake: 7.3.3 (/opt/ros/jazzy/share/rmw_implementation_cmake/cmake)
[1.148s] -- Found rmw_fastrtps_cpp: 8.4.4 (/opt/ros/jazzy/share/rmw_fastrtps_cpp/cmake)
[1.856s] -- Using RMW implementation 'rmw_fastrtps_cpp' as default
[2.410s] -- Found geometry_msgs: 5.3.8 (/opt/ros/jazzy/share/geometry_msgs/cmake)
[2.476s] -- Found nav_msgs: 5.3.8 (/opt/ros/jazzy/share/nav_msgs/cmake)
[2.514s] -- Found ament_lint_auto: 0.17.5 (/opt/ros/jazzy/share/ament_lint_auto/cmake)
[2.642s] -- Added test 'cppcheck' to perform static code analysis on C / C++ code
[2.642s] -- Configured cppcheck include dirs: /home/shriperu/ros2_ws/src/global_planner/include
[2.642s] -- Configured cppcheck exclude dirs and/or files: 
[2.645s] -- Added test 'lint_cmake' to check CMake code style
[2.650s] -- Added test 'uncrustify' to check C / C++ code style
[2.650s] -- Configured uncrustify additional arguments: 
[2.653s] -- Added test 'xmllint' to check XML markup files
[2.658s] -- Configuring done (2.6s)
[2.680s] -- Generating done (0.0s)
[2.685s] -- Build files have been written to: /home/shriperu/ros2_ws/build/global_planner
[2.698s] Invoked command in '/home/shriperu/ros2_ws/build/global_planner' returned '0': CMAKE_PREFIX_PATH=${CMAKE_PREFIX_PATH}:/opt/ros/jazzy DEBUGINFOD_URLS=https://debuginfod.ubuntu.com /usr/bin/cmake /home/shriperu/ros2_ws/src/global_planner -DAMENT_CMAKE_SYMLINK_INSTALL=1 -DCMAKE_INSTALL_PREFIX=/home/shriperu/ros2_ws/install/global_planner
[2.699s] Invoking command in '/home/shriperu/ros2_ws/build/global_planner': CMAKE_PREFIX_PATH=${CMAKE_PREFIX_PATH}:/opt/ros/jazzy DEBUGINFOD_URLS=https://debuginfod.ubuntu.com /usr/bin/cmake --build /home/shriperu/ros2_ws/build/global_planner -- -j16 -l16
[2.776s] [ 66%] [32mBuilding C object CMakeFiles/global_planner_node.dir/src/dubins.c.o[0m
[2.776s] [ 66%] [32mBuilding CXX object CMakeFiles/global_planner_node.dir/src/global_planner_node.cpp.o[0m
[2.840s] [01m[K/home/shriperu/ros2_ws/src/global_planner/src/dubins.c:26:10:[m[K [01;31m[Kfatal error: [m[Kdubins.h: No such file or directory
[2.840s]    26 | #include [01;31m[K"dubins.h"[m[K
[2.840s]       |          [01;31m[K^~~~~~~~~~[m[K
[2.841s] compilation terminated.
[2.841s] gmake[2]: *** [CMakeFiles/global_planner_node.dir/build.make:90: CMakeFiles/global_planner_node.dir/src/dubins.c.o] Error 1
[2.842s] gmake[2]: *** Waiting for unfinished jobs....
[6.490s] gmake[1]: *** [CMakeFiles/Makefile2:137: CMakeFiles/global_planner_node.dir/all] Error 2
[6.490s] gmake: *** [Makefile:146: all] Error 2
[6.493s] Invoked command in '/home/shriperu/ros2_ws/build/global_planner' returned '2': CMAKE_PREFIX_PATH=${CMAKE_PREFIX_PATH}:/opt/ros/jazzy DEBUGINFOD_URLS=https://debuginfod.ubuntu.com /usr/bin/cmake --build /home/shriperu/ros2_ws/build/global_planner -- -j16 -l16
