[0.015s] Invoking command in '/home/shriperu/ros2_ws/build/global_planner': CMAKE_PREFIX_PATH=${CMAKE_PREFIX_PATH}:/opt/ros/jazzy DEBUGINFOD_URLS=https://debuginfod.ubuntu.com /usr/bin/cmake --build /home/shriperu/ros2_ws/build/global_planner -- -j16 -l16
[0.097s] [ 15%] Built target gtest_main
[0.100s] [ 30%] Built target test_trajectory_following
[0.102s] [ 46%] Built target gtest
[0.109s] [ 61%] Built target test_ompl_dubins
[0.115s] [ 76%] Built target global_planner_node
[0.142s] [100%] Built target test_dubins
[0.162s] Invoked command in '/home/shriperu/ros2_ws/build/global_planner' returned '0': CMAKE_PREFIX_PATH=${CMAKE_PREFIX_PATH}:/opt/ros/jazzy DEBUGINFOD_URLS=https://debuginfod.ubuntu.com /usr/bin/cmake --build /home/shriperu/ros2_ws/build/global_planner -- -j16 -l16
[0.176s] Invoking command in '/home/shriperu/ros2_ws/build/global_planner': CMAKE_PREFIX_PATH=${CMAKE_PREFIX_PATH}:/opt/ros/jazzy DEBUGINFOD_URLS=https://debuginfod.ubuntu.com /usr/bin/cmake --install /home/shriperu/ros2_ws/build/global_planner
[0.187s] -- Install configuration: ""
[0.188s] -- Execute custom install script
[0.188s] -- Up-to-date symlink: /home/shriperu/ros2_ws/install/global_planner/lib/global_planner/global_planner_node
[0.189s] -- Up-to-date symlink: /home/shriperu/ros2_ws/install/global_planner/share/ament_index/resource_index/package_run_dependencies/global_planner
[0.189s] -- Up-to-date symlink: /home/shriperu/ros2_ws/install/global_planner/share/ament_index/resource_index/parent_prefix_path/global_planner
[0.189s] -- Up-to-date symlink: /home/shriperu/ros2_ws/install/global_planner/share/global_planner/environment/ament_prefix_path.sh
[0.189s] -- Up-to-date symlink: /home/shriperu/ros2_ws/install/global_planner/share/global_planner/environment/ament_prefix_path.dsv
[0.189s] -- Up-to-date symlink: /home/shriperu/ros2_ws/install/global_planner/share/global_planner/environment/path.sh
[0.190s] -- Up-to-date symlink: /home/shriperu/ros2_ws/install/global_planner/share/global_planner/environment/path.dsv
[0.190s] -- Up-to-date symlink: /home/shriperu/ros2_ws/install/global_planner/share/global_planner/local_setup.bash
[0.190s] -- Up-to-date symlink: /home/shriperu/ros2_ws/install/global_planner/share/global_planner/local_setup.sh
[0.191s] -- Up-to-date symlink: /home/shriperu/ros2_ws/install/global_planner/share/global_planner/local_setup.zsh
[0.191s] -- Up-to-date symlink: /home/shriperu/ros2_ws/install/global_planner/share/global_planner/local_setup.dsv
[0.191s] -- Symlinking: /home/shriperu/ros2_ws/install/global_planner/share/global_planner/package.dsv
[0.206s] -- Up-to-date symlink: /home/shriperu/ros2_ws/install/global_planner/share/ament_index/resource_index/packages/global_planner
[0.207s] -- Up-to-date symlink: /home/shriperu/ros2_ws/install/global_planner/share/global_planner/cmake/global_plannerConfig.cmake
[0.207s] -- Up-to-date symlink: /home/shriperu/ros2_ws/install/global_planner/share/global_planner/cmake/global_plannerConfig-version.cmake
[0.207s] -- Up-to-date symlink: /home/shriperu/ros2_ws/install/global_planner/share/global_planner/package.xml
[0.210s] Invoked command in '/home/shriperu/ros2_ws/build/global_planner' returned '0': CMAKE_PREFIX_PATH=${CMAKE_PREFIX_PATH}:/opt/ros/jazzy DEBUGINFOD_URLS=https://debuginfod.ubuntu.com /usr/bin/cmake --install /home/shriperu/ros2_ws/build/global_planner
