[0.022s] Invoking command in '/home/shriperu/ros2_ws/build/mujoco_sim_node': CMAKE_PREFIX_PATH=${CMAKE_PREFIX_PATH}:/opt/ros/jazzy DEBUGINFOD_URLS=https://debuginfod.ubuntu.com /usr/bin/cmake --build /home/shriperu/ros2_ws/build/mujoco_sim_node -- -j16 -l16
[0.140s] [100%] Built target mujoco_sim_node
[0.162s] Invoked command in '/home/shriperu/ros2_ws/build/mujoco_sim_node' returned '0': CMAKE_PREFIX_PATH=${CMAKE_PREFIX_PATH}:/opt/ros/jazzy DEBUGINFOD_URLS=https://debuginfod.ubuntu.com /usr/bin/cmake --build /home/shriperu/ros2_ws/build/mujoco_sim_node -- -j16 -l16
[0.184s] Invoking command in '/home/shriperu/ros2_ws/build/mujoco_sim_node': CMAKE_PREFIX_PATH=${CMAKE_PREFIX_PATH}:/opt/ros/jazzy DEBUGINFOD_URLS=https://debuginfod.ubuntu.com /usr/bin/cmake --install /home/shriperu/ros2_ws/build/mujoco_sim_node
[0.200s] -- Install configuration: ""
[0.201s] -- Execute custom install script
[0.202s] -- Up-to-date symlink: /home/shriperu/ros2_ws/install/mujoco_sim_node/lib/mujoco_sim_node/mujoco_sim_node
[0.202s] -- Up-to-date symlink: /home/shriperu/ros2_ws/install/mujoco_sim_node/share/mujoco_sim_node/model.xml
[0.202s] -- Up-to-date symlink: /home/shriperu/ros2_ws/install/mujoco_sim_node/share/ament_index/resource_index/package_run_dependencies/mujoco_sim_node
[0.203s] -- Up-to-date symlink: /home/shriperu/ros2_ws/install/mujoco_sim_node/share/ament_index/resource_index/parent_prefix_path/mujoco_sim_node
[0.203s] -- Up-to-date symlink: /home/shriperu/ros2_ws/install/mujoco_sim_node/share/mujoco_sim_node/environment/ament_prefix_path.sh
[0.203s] -- Up-to-date symlink: /home/shriperu/ros2_ws/install/mujoco_sim_node/share/mujoco_sim_node/environment/ament_prefix_path.dsv
[0.203s] -- Up-to-date symlink: /home/shriperu/ros2_ws/install/mujoco_sim_node/share/mujoco_sim_node/environment/path.sh
[0.204s] -- Up-to-date symlink: /home/shriperu/ros2_ws/install/mujoco_sim_node/share/mujoco_sim_node/environment/path.dsv
[0.204s] -- Up-to-date symlink: /home/shriperu/ros2_ws/install/mujoco_sim_node/share/mujoco_sim_node/local_setup.bash
[0.204s] -- Up-to-date symlink: /home/shriperu/ros2_ws/install/mujoco_sim_node/share/mujoco_sim_node/local_setup.sh
[0.204s] -- Up-to-date symlink: /home/shriperu/ros2_ws/install/mujoco_sim_node/share/mujoco_sim_node/local_setup.zsh
[0.205s] -- Up-to-date symlink: /home/shriperu/ros2_ws/install/mujoco_sim_node/share/mujoco_sim_node/local_setup.dsv
[0.205s] -- Symlinking: /home/shriperu/ros2_ws/install/mujoco_sim_node/share/mujoco_sim_node/package.dsv
[0.222s] -- Up-to-date symlink: /home/shriperu/ros2_ws/install/mujoco_sim_node/share/ament_index/resource_index/packages/mujoco_sim_node
[0.222s] -- Up-to-date symlink: /home/shriperu/ros2_ws/install/mujoco_sim_node/share/mujoco_sim_node/cmake/mujoco_sim_nodeConfig.cmake
[0.222s] -- Up-to-date symlink: /home/shriperu/ros2_ws/install/mujoco_sim_node/share/mujoco_sim_node/cmake/mujoco_sim_nodeConfig-version.cmake
[0.223s] -- Up-to-date symlink: /home/shriperu/ros2_ws/install/mujoco_sim_node/share/mujoco_sim_node/package.xml
[0.225s] Invoked command in '/home/shriperu/ros2_ws/build/mujoco_sim_node' returned '0': CMAKE_PREFIX_PATH=${CMAKE_PREFIX_PATH}:/opt/ros/jazzy DEBUGINFOD_URLS=https://debuginfod.ubuntu.com /usr/bin/cmake --install /home/shriperu/ros2_ws/build/mujoco_sim_node
