[0.478s] DEBUG:colcon:Command line arguments: ['/usr/bin/colcon', 'build', '--symlink-install']
[0.478s] DEBUG:colcon:Parsed command line arguments: Namespace(log_base=None, log_level=None, verb_name='build', build_base='build', install_base='install', merge_install=False, symlink_install=True, test_result_base=None, continue_on_error=False, executor='parallel', parallel_workers=16, event_handlers=None, ignore_user_meta=False, metas=['./colcon.meta'], base_paths=['.'], packages_ignore=None, packages_ignore_regex=None, paths=None, packages_up_to=None, packages_up_to_regex=None, packages_above=None, packages_above_and_dependencies=None, packages_above_depth=None, packages_select_by_dep=None, packages_skip_by_dep=None, packages_skip_up_to=None, packages_select_build_failed=False, packages_skip_build_finished=False, packages_select_test_failures=False, packages_skip_test_passed=False, packages_select=None, packages_skip=None, packages_select_regex=None, packages_skip_regex=None, packages_start=None, packages_end=None, cmake_args=None, cmake_target=None, cmake_target_skip_unavailable=False, cmake_clean_cache=False, cmake_clean_first=False, cmake_force_configure=False, ament_cmake_args=None, catkin_cmake_args=None, catkin_skip_building_tests=False, verb_parser=<colcon_defaults.argument_parser.defaults.DefaultArgumentsDecorator object at 0x767e6abf2420>, verb_extension=<colcon_core.verb.build.BuildVerb object at 0x767e6b4327e0>, main=<bound method BuildVerb.main of <colcon_core.verb.build.BuildVerb object at 0x767e6b4327e0>>)
[0.565s] Level 1:colcon.colcon_core.package_discovery:discover_packages(colcon_meta) check parameters
[0.565s] Level 1:colcon.colcon_core.package_discovery:discover_packages(recursive) check parameters
[0.565s] Level 1:colcon.colcon_core.package_discovery:discover_packages(ignore) check parameters
[0.565s] Level 1:colcon.colcon_core.package_discovery:discover_packages(path) check parameters
[0.565s] Level 1:colcon.colcon_core.package_discovery:discover_packages(colcon_meta) discover
[0.565s] Level 1:colcon.colcon_core.package_discovery:discover_packages(recursive) discover
[0.565s] INFO:colcon.colcon_core.package_discovery:Crawling recursively for packages in '/home/shriperu/ros2_ws'
[0.565s] Level 1:colcon.colcon_core.package_identification:_identify(.) by extensions ['ignore', 'ignore_ament_install']
[0.565s] Level 1:colcon.colcon_core.package_identification:_identify(.) by extension 'ignore'
[0.566s] Level 1:colcon.colcon_core.package_identification:_identify(.) by extension 'ignore_ament_install'
[0.566s] Level 1:colcon.colcon_core.package_identification:_identify(.) by extensions ['colcon_pkg']
[0.566s] Level 1:colcon.colcon_core.package_identification:_identify(.) by extension 'colcon_pkg'
[0.566s] Level 1:colcon.colcon_core.package_identification:_identify(.) by extensions ['colcon_meta']
[0.566s] Level 1:colcon.colcon_core.package_identification:_identify(.) by extension 'colcon_meta'
[0.566s] Level 1:colcon.colcon_core.package_identification:_identify(.) by extensions ['ros']
[0.566s] Level 1:colcon.colcon_core.package_identification:_identify(.) by extension 'ros'
[0.608s] Level 1:colcon.colcon_core.package_identification:_identify(.) by extensions ['cmake', 'python']
[0.608s] Level 1:colcon.colcon_core.package_identification:_identify(.) by extension 'cmake'
[0.608s] Level 1:colcon.colcon_core.package_identification:_identify(.) by extension 'python'
[0.608s] Level 1:colcon.colcon_core.package_identification:_identify(.) by extensions ['python_setup_py']
[0.608s] Level 1:colcon.colcon_core.package_identification:_identify(.) by extension 'python_setup_py'
[0.608s] Level 1:colcon.colcon_core.package_identification:_identify(build) by extensions ['ignore', 'ignore_ament_install']
[0.608s] Level 1:colcon.colcon_core.package_identification:_identify(build) by extension 'ignore'
[0.608s] Level 1:colcon.colcon_core.package_identification:_identify(build) ignored
[0.609s] Level 1:colcon.colcon_core.package_identification:_identify(install) by extensions ['ignore', 'ignore_ament_install']
[0.609s] Level 1:colcon.colcon_core.package_identification:_identify(install) by extension 'ignore'
[0.609s] Level 1:colcon.colcon_core.package_identification:_identify(install) ignored
[0.609s] Level 1:colcon.colcon_core.package_identification:_identify(log) by extensions ['ignore', 'ignore_ament_install']
[0.610s] Level 1:colcon.colcon_core.package_identification:_identify(log) by extension 'ignore'
[0.610s] Level 1:colcon.colcon_core.package_identification:_identify(log) ignored
[0.610s] Level 1:colcon.colcon_core.package_identification:_identify(src) by extensions ['ignore', 'ignore_ament_install']
[0.610s] Level 1:colcon.colcon_core.package_identification:_identify(src) by extension 'ignore'
[0.610s] Level 1:colcon.colcon_core.package_identification:_identify(src) by extension 'ignore_ament_install'
[0.611s] Level 1:colcon.colcon_core.package_identification:_identify(src) by extensions ['colcon_pkg']
[0.611s] Level 1:colcon.colcon_core.package_identification:_identify(src) by extension 'colcon_pkg'
[0.611s] Level 1:colcon.colcon_core.package_identification:_identify(src) by extensions ['colcon_meta']
[0.611s] Level 1:colcon.colcon_core.package_identification:_identify(src) by extension 'colcon_meta'
[0.611s] Level 1:colcon.colcon_core.package_identification:_identify(src) by extensions ['ros']
[0.611s] Level 1:colcon.colcon_core.package_identification:_identify(src) by extension 'ros'
[0.611s] Level 1:colcon.colcon_core.package_identification:_identify(src) by extensions ['cmake', 'python']
[0.611s] Level 1:colcon.colcon_core.package_identification:_identify(src) by extension 'cmake'
[0.611s] Level 1:colcon.colcon_core.package_identification:_identify(src) by extension 'python'
[0.611s] Level 1:colcon.colcon_core.package_identification:_identify(src) by extensions ['python_setup_py']
[0.612s] Level 1:colcon.colcon_core.package_identification:_identify(src) by extension 'python_setup_py'
[0.612s] Level 1:colcon.colcon_core.package_identification:_identify(src/mujoco_sim_node) by extensions ['ignore', 'ignore_ament_install']
[0.612s] Level 1:colcon.colcon_core.package_identification:_identify(src/mujoco_sim_node) by extension 'ignore'
[0.612s] Level 1:colcon.colcon_core.package_identification:_identify(src/mujoco_sim_node) by extension 'ignore_ament_install'
[0.612s] Level 1:colcon.colcon_core.package_identification:_identify(src/mujoco_sim_node) by extensions ['colcon_pkg']
[0.612s] Level 1:colcon.colcon_core.package_identification:_identify(src/mujoco_sim_node) by extension 'colcon_pkg'
[0.612s] Level 1:colcon.colcon_core.package_identification:_identify(src/mujoco_sim_node) by extensions ['colcon_meta']
[0.612s] Level 1:colcon.colcon_core.package_identification:_identify(src/mujoco_sim_node) by extension 'colcon_meta'
[0.612s] Level 1:colcon.colcon_core.package_identification:_identify(src/mujoco_sim_node) by extensions ['ros']
[0.612s] Level 1:colcon.colcon_core.package_identification:_identify(src/mujoco_sim_node) by extension 'ros'
[0.617s] DEBUG:colcon.colcon_core.package_identification:Package 'src/mujoco_sim_node' with type 'ros.ament_cmake' and name 'mujoco_sim_node'
[0.617s] Level 1:colcon.colcon_core.package_discovery:discover_packages(recursive) using defaults
[0.617s] Level 1:colcon.colcon_core.package_discovery:discover_packages(ignore) discover
[0.617s] Level 1:colcon.colcon_core.package_discovery:discover_packages(ignore) using defaults
[0.617s] Level 1:colcon.colcon_core.package_discovery:discover_packages(path) discover
[0.617s] Level 1:colcon.colcon_core.package_discovery:discover_packages(path) using defaults
[0.653s] Level 5:colcon.colcon_core.verb:set package 'mujoco_sim_node' build argument 'cmake_args' from command line to 'None'
[0.653s] Level 5:colcon.colcon_core.verb:set package 'mujoco_sim_node' build argument 'cmake_target' from command line to 'None'
[0.653s] Level 5:colcon.colcon_core.verb:set package 'mujoco_sim_node' build argument 'cmake_target_skip_unavailable' from command line to 'False'
[0.653s] Level 5:colcon.colcon_core.verb:set package 'mujoco_sim_node' build argument 'cmake_clean_cache' from command line to 'False'
[0.653s] Level 5:colcon.colcon_core.verb:set package 'mujoco_sim_node' build argument 'cmake_clean_first' from command line to 'False'
[0.653s] Level 5:colcon.colcon_core.verb:set package 'mujoco_sim_node' build argument 'cmake_force_configure' from command line to 'False'
[0.653s] Level 5:colcon.colcon_core.verb:set package 'mujoco_sim_node' build argument 'ament_cmake_args' from command line to 'None'
[0.653s] Level 5:colcon.colcon_core.verb:set package 'mujoco_sim_node' build argument 'catkin_cmake_args' from command line to 'None'
[0.653s] Level 5:colcon.colcon_core.verb:set package 'mujoco_sim_node' build argument 'catkin_skip_building_tests' from command line to 'False'
[0.653s] DEBUG:colcon.colcon_core.verb:Building package 'mujoco_sim_node' with the following arguments: {'ament_cmake_args': None, 'build_base': '/home/shriperu/ros2_ws/build/mujoco_sim_node', 'catkin_cmake_args': None, 'catkin_skip_building_tests': False, 'cmake_args': None, 'cmake_clean_cache': False, 'cmake_clean_first': False, 'cmake_force_configure': False, 'cmake_target': None, 'cmake_target_skip_unavailable': False, 'install_base': '/home/shriperu/ros2_ws/install/mujoco_sim_node', 'merge_install': False, 'path': '/home/shriperu/ros2_ws/src/mujoco_sim_node', 'symlink_install': True, 'test_result_base': None}
[0.653s] INFO:colcon.colcon_core.executor:Executing jobs using 'parallel' executor
[0.655s] DEBUG:colcon.colcon_parallel_executor.executor.parallel:run_until_complete
[0.655s] INFO:colcon.colcon_ros.task.ament_cmake.build:Building ROS package in '/home/shriperu/ros2_ws/src/mujoco_sim_node' with build type 'ament_cmake'
[0.656s] INFO:colcon.colcon_cmake.task.cmake.build:Building CMake package in '/home/shriperu/ros2_ws/src/mujoco_sim_node'
[0.663s] INFO:colcon.colcon_core.plugin_system:Skipping extension 'colcon_core.shell.bat': Not used on non-Windows systems
[0.663s] DEBUG:colcon.colcon_core.shell:Skip shell extension 'dsv' for command environment
[0.685s] DEBUG:colcon.colcon_core.event_handler.log_command:Invoking command in '/home/shriperu/ros2_ws/build/mujoco_sim_node': CMAKE_PREFIX_PATH=${CMAKE_PREFIX_PATH}:/opt/ros/jazzy DEBUGINFOD_URLS=https://debuginfod.ubuntu.com /usr/bin/cmake /home/shriperu/ros2_ws/src/mujoco_sim_node -DAMENT_CMAKE_SYMLINK_INSTALL=1 -DCMAKE_INSTALL_PREFIX=/home/shriperu/ros2_ws/install/mujoco_sim_node
[3.429s] DEBUG:colcon.colcon_core.event_handler.log_command:Invoked command in '/home/shriperu/ros2_ws/build/mujoco_sim_node' returned '0': CMAKE_PREFIX_PATH=${CMAKE_PREFIX_PATH}:/opt/ros/jazzy DEBUGINFOD_URLS=https://debuginfod.ubuntu.com /usr/bin/cmake /home/shriperu/ros2_ws/src/mujoco_sim_node -DAMENT_CMAKE_SYMLINK_INSTALL=1 -DCMAKE_INSTALL_PREFIX=/home/shriperu/ros2_ws/install/mujoco_sim_node
[3.431s] DEBUG:colcon.colcon_core.event_handler.log_command:Invoking command in '/home/shriperu/ros2_ws/build/mujoco_sim_node': CMAKE_PREFIX_PATH=${CMAKE_PREFIX_PATH}:/opt/ros/jazzy DEBUGINFOD_URLS=https://debuginfod.ubuntu.com /usr/bin/cmake --build /home/shriperu/ros2_ws/build/mujoco_sim_node -- -j16 -l16
[3.546s] DEBUG:colcon.colcon_core.event_handler.log_command:Invoked command in '/home/shriperu/ros2_ws/build/mujoco_sim_node' returned '0': CMAKE_PREFIX_PATH=${CMAKE_PREFIX_PATH}:/opt/ros/jazzy DEBUGINFOD_URLS=https://debuginfod.ubuntu.com /usr/bin/cmake --build /home/shriperu/ros2_ws/build/mujoco_sim_node -- -j16 -l16
[3.563s] DEBUG:colcon.colcon_core.event_handler.log_command:Invoking command in '/home/shriperu/ros2_ws/build/mujoco_sim_node': CMAKE_PREFIX_PATH=${CMAKE_PREFIX_PATH}:/opt/ros/jazzy DEBUGINFOD_URLS=https://debuginfod.ubuntu.com /usr/bin/cmake --install /home/shriperu/ros2_ws/build/mujoco_sim_node
[3.599s] Level 1:colcon.colcon_core.environment:create_environment_scripts_only(mujoco_sim_node)
[3.600s] DEBUG:colcon.colcon_core.event_handler.log_command:Invoked command in '/home/shriperu/ros2_ws/build/mujoco_sim_node' returned '0': CMAKE_PREFIX_PATH=${CMAKE_PREFIX_PATH}:/opt/ros/jazzy DEBUGINFOD_URLS=https://debuginfod.ubuntu.com /usr/bin/cmake --install /home/shriperu/ros2_ws/build/mujoco_sim_node
[3.607s] Level 1:colcon.colcon_core.environment:checking '/home/shriperu/ros2_ws/install/mujoco_sim_node' for CMake module files
[3.608s] Level 1:colcon.colcon_core.environment:checking '/home/shriperu/ros2_ws/install/mujoco_sim_node' for CMake config files
[3.609s] Level 1:colcon.colcon_core.shell:create_environment_hook('mujoco_sim_node', 'cmake_prefix_path')
[3.609s] INFO:colcon.colcon_core.shell:Creating environment descriptor '/home/shriperu/ros2_ws/install/mujoco_sim_node/share/mujoco_sim_node/hook/cmake_prefix_path.dsv'
[3.610s] INFO:colcon.colcon_core.shell:Creating environment hook '/home/shriperu/ros2_ws/install/mujoco_sim_node/share/mujoco_sim_node/hook/cmake_prefix_path.sh'
[3.612s] Level 1:colcon.colcon_core.environment:checking '/home/shriperu/ros2_ws/install/mujoco_sim_node/lib'
[3.612s] Level 1:colcon.colcon_core.environment:checking '/home/shriperu/ros2_ws/install/mujoco_sim_node/bin'
[3.612s] Level 1:colcon.colcon_core.environment:checking '/home/shriperu/ros2_ws/install/mujoco_sim_node/lib/pkgconfig/mujoco_sim_node.pc'
[3.614s] Level 1:colcon.colcon_core.environment:checking '/home/shriperu/ros2_ws/install/mujoco_sim_node/lib/python3.12/site-packages'
[3.614s] Level 1:colcon.colcon_core.environment:checking '/home/shriperu/ros2_ws/install/mujoco_sim_node/bin'
[3.615s] INFO:colcon.colcon_core.shell:Creating package descriptor '/home/shriperu/ros2_ws/install/mujoco_sim_node/share/mujoco_sim_node/package.dsv'
[3.616s] INFO:colcon.colcon_core.shell:Creating package script '/home/shriperu/ros2_ws/install/mujoco_sim_node/share/mujoco_sim_node/package.sh'
[3.617s] INFO:colcon.colcon_core.shell:Creating package script '/home/shriperu/ros2_ws/install/mujoco_sim_node/share/mujoco_sim_node/package.bash'
[3.618s] INFO:colcon.colcon_core.shell:Creating package script '/home/shriperu/ros2_ws/install/mujoco_sim_node/share/mujoco_sim_node/package.zsh'
[3.619s] Level 1:colcon.colcon_core.environment:create_file_with_runtime_dependencies(/home/shriperu/ros2_ws/install/mujoco_sim_node/share/colcon-core/packages/mujoco_sim_node)
[3.619s] Level 1:colcon.colcon_core.environment:create_environment_scripts_only(mujoco_sim_node)
[3.620s] Level 1:colcon.colcon_core.environment:checking '/home/shriperu/ros2_ws/install/mujoco_sim_node' for CMake module files
[3.620s] Level 1:colcon.colcon_core.environment:checking '/home/shriperu/ros2_ws/install/mujoco_sim_node' for CMake config files
[3.620s] Level 1:colcon.colcon_core.shell:create_environment_hook('mujoco_sim_node', 'cmake_prefix_path')
[3.621s] INFO:colcon.colcon_core.shell:Creating environment descriptor '/home/shriperu/ros2_ws/install/mujoco_sim_node/share/mujoco_sim_node/hook/cmake_prefix_path.dsv'
[3.621s] INFO:colcon.colcon_core.shell:Creating environment hook '/home/shriperu/ros2_ws/install/mujoco_sim_node/share/mujoco_sim_node/hook/cmake_prefix_path.sh'
[3.622s] Level 1:colcon.colcon_core.environment:checking '/home/shriperu/ros2_ws/install/mujoco_sim_node/lib'
[3.622s] Level 1:colcon.colcon_core.environment:checking '/home/shriperu/ros2_ws/install/mujoco_sim_node/bin'
[3.623s] Level 1:colcon.colcon_core.environment:checking '/home/shriperu/ros2_ws/install/mujoco_sim_node/lib/pkgconfig/mujoco_sim_node.pc'
[3.623s] Level 1:colcon.colcon_core.environment:checking '/home/shriperu/ros2_ws/install/mujoco_sim_node/lib/python3.12/site-packages'
[3.623s] Level 1:colcon.colcon_core.environment:checking '/home/shriperu/ros2_ws/install/mujoco_sim_node/bin'
[3.624s] INFO:colcon.colcon_core.shell:Creating package descriptor '/home/shriperu/ros2_ws/install/mujoco_sim_node/share/mujoco_sim_node/package.dsv'
[3.624s] INFO:colcon.colcon_core.shell:Creating package script '/home/shriperu/ros2_ws/install/mujoco_sim_node/share/mujoco_sim_node/package.sh'
[3.625s] INFO:colcon.colcon_core.shell:Creating package script '/home/shriperu/ros2_ws/install/mujoco_sim_node/share/mujoco_sim_node/package.bash'
[3.625s] INFO:colcon.colcon_core.shell:Creating package script '/home/shriperu/ros2_ws/install/mujoco_sim_node/share/mujoco_sim_node/package.zsh'
[3.626s] Level 1:colcon.colcon_core.environment:create_file_with_runtime_dependencies(/home/shriperu/ros2_ws/install/mujoco_sim_node/share/colcon-core/packages/mujoco_sim_node)
[3.626s] DEBUG:colcon.colcon_parallel_executor.executor.parallel:closing loop
[3.627s] DEBUG:colcon.colcon_parallel_executor.executor.parallel:loop closed
[3.627s] DEBUG:colcon.colcon_parallel_executor.executor.parallel:run_until_complete finished with '0'
[3.627s] DEBUG:colcon.colcon_core.event_reactor:joining thread
[3.809s] INFO:colcon.colcon_core.plugin_system:Skipping extension 'colcon_notification.desktop_notification.notify_send': Could not find 'notify-send'
[3.809s] INFO:colcon.colcon_core.plugin_system:Skipping extension 'colcon_notification.desktop_notification.terminal_notifier': Not used on non-Darwin systems
[3.809s] INFO:colcon.colcon_core.plugin_system:Skipping extension 'colcon_notification.desktop_notification.win32': Not used on non-Windows systems
[3.809s] INFO:colcon.colcon_notification.desktop_notification:Sending desktop notification using 'notify2'
[3.828s] DEBUG:colcon.colcon_notification.desktop_notification.notify2:Failed to initialize notify2: org.freedesktop.DBus.Error.ServiceUnknown: The name org.freedesktop.Notifications was not provided by any .service files
[3.828s] DEBUG:colcon.colcon_core.event_reactor:joined thread
[3.829s] INFO:colcon.colcon_core.shell:Creating prefix script '/home/shriperu/ros2_ws/install/local_setup.sh'
[3.830s] INFO:colcon.colcon_core.shell:Creating prefix util module '/home/shriperu/ros2_ws/install/_local_setup_util_sh.py'
[3.832s] INFO:colcon.colcon_core.shell:Creating prefix chain script '/home/shriperu/ros2_ws/install/setup.sh'
[3.833s] INFO:colcon.colcon_core.shell:Creating prefix script '/home/shriperu/ros2_ws/install/local_setup.bash'
[3.835s] INFO:colcon.colcon_core.shell:Creating prefix chain script '/home/shriperu/ros2_ws/install/setup.bash'
[3.836s] INFO:colcon.colcon_core.shell:Creating prefix script '/home/shriperu/ros2_ws/install/local_setup.zsh'
[3.837s] INFO:colcon.colcon_core.shell:Creating prefix chain script '/home/shriperu/ros2_ws/install/setup.zsh'
