[0.450s] DEBUG:colcon:Command line arguments: ['/usr/bin/colcon', 'build', '--packages-select', 'vehicle_msgs']
[0.450s] DEBUG:colcon:Parsed command line arguments: Namespace(log_base=None, log_level=None, verb_name='build', build_base='build', install_base='install', merge_install=False, symlink_install=False, test_result_base=None, continue_on_error=False, executor='parallel', parallel_workers=16, event_handlers=None, ignore_user_meta=False, metas=['./colcon.meta'], base_paths=['.'], packages_ignore=None, packages_ignore_regex=None, paths=None, packages_up_to=None, packages_up_to_regex=None, packages_above=None, packages_above_and_dependencies=None, packages_above_depth=None, packages_select_by_dep=None, packages_skip_by_dep=None, packages_skip_up_to=None, packages_select_build_failed=False, packages_skip_build_finished=False, packages_select_test_failures=False, packages_skip_test_passed=False, packages_select=['vehicle_msgs'], packages_skip=None, packages_select_regex=None, packages_skip_regex=None, packages_start=None, packages_end=None, cmake_args=None, cmake_target=None, cmake_target_skip_unavailable=False, cmake_clean_cache=False, cmake_clean_first=False, cmake_force_configure=False, ament_cmake_args=None, catkin_cmake_args=None, catkin_skip_building_tests=False, verb_parser=<colcon_defaults.argument_parser.defaults.DefaultArgumentsDecorator object at 0x79ec63ef25a0>, verb_extension=<colcon_core.verb.build.BuildVerb object at 0x79ec63e12810>, main=<bound method BuildVerb.main of <colcon_core.verb.build.BuildVerb object at 0x79ec63e12810>>)
[0.536s] Level 1:colcon.colcon_core.package_discovery:discover_packages(colcon_meta) check parameters
[0.536s] Level 1:colcon.colcon_core.package_discovery:discover_packages(recursive) check parameters
[0.536s] Level 1:colcon.colcon_core.package_discovery:discover_packages(ignore) check parameters
[0.536s] Level 1:colcon.colcon_core.package_discovery:discover_packages(path) check parameters
[0.536s] Level 1:colcon.colcon_core.package_discovery:discover_packages(colcon_meta) discover
[0.536s] Level 1:colcon.colcon_core.package_discovery:discover_packages(recursive) discover
[0.536s] INFO:colcon.colcon_core.package_discovery:Crawling recursively for packages in '/home/shriperu/ros2_ws'
[0.536s] Level 1:colcon.colcon_core.package_identification:_identify(.) by extensions ['ignore', 'ignore_ament_install']
[0.536s] Level 1:colcon.colcon_core.package_identification:_identify(.) by extension 'ignore'
[0.536s] Level 1:colcon.colcon_core.package_identification:_identify(.) by extension 'ignore_ament_install'
[0.537s] Level 1:colcon.colcon_core.package_identification:_identify(.) by extensions ['colcon_pkg']
[0.537s] Level 1:colcon.colcon_core.package_identification:_identify(.) by extension 'colcon_pkg'
[0.537s] Level 1:colcon.colcon_core.package_identification:_identify(.) by extensions ['colcon_meta']
[0.537s] Level 1:colcon.colcon_core.package_identification:_identify(.) by extension 'colcon_meta'
[0.537s] Level 1:colcon.colcon_core.package_identification:_identify(.) by extensions ['ros']
[0.537s] Level 1:colcon.colcon_core.package_identification:_identify(.) by extension 'ros'
[0.575s] Level 1:colcon.colcon_core.package_identification:_identify(.) by extensions ['cmake', 'python']
[0.575s] Level 1:colcon.colcon_core.package_identification:_identify(.) by extension 'cmake'
[0.575s] Level 1:colcon.colcon_core.package_identification:_identify(.) by extension 'python'
[0.575s] Level 1:colcon.colcon_core.package_identification:_identify(.) by extensions ['python_setup_py']
[0.575s] Level 1:colcon.colcon_core.package_identification:_identify(.) by extension 'python_setup_py'
[0.575s] Level 1:colcon.colcon_core.package_identification:_identify(build) by extensions ['ignore', 'ignore_ament_install']
[0.576s] Level 1:colcon.colcon_core.package_identification:_identify(build) by extension 'ignore'
[0.576s] Level 1:colcon.colcon_core.package_identification:_identify(build) ignored
[0.576s] Level 1:colcon.colcon_core.package_identification:_identify(install) by extensions ['ignore', 'ignore_ament_install']
[0.576s] Level 1:colcon.colcon_core.package_identification:_identify(install) by extension 'ignore'
[0.576s] Level 1:colcon.colcon_core.package_identification:_identify(install) ignored
[0.576s] Level 1:colcon.colcon_core.package_identification:_identify(log) by extensions ['ignore', 'ignore_ament_install']
[0.576s] Level 1:colcon.colcon_core.package_identification:_identify(log) by extension 'ignore'
[0.576s] Level 1:colcon.colcon_core.package_identification:_identify(log) ignored
[0.576s] Level 1:colcon.colcon_core.package_identification:_identify(src) by extensions ['ignore', 'ignore_ament_install']
[0.577s] Level 1:colcon.colcon_core.package_identification:_identify(src) by extension 'ignore'
[0.577s] Level 1:colcon.colcon_core.package_identification:_identify(src) by extension 'ignore_ament_install'
[0.577s] Level 1:colcon.colcon_core.package_identification:_identify(src) by extensions ['colcon_pkg']
[0.577s] Level 1:colcon.colcon_core.package_identification:_identify(src) by extension 'colcon_pkg'
[0.577s] Level 1:colcon.colcon_core.package_identification:_identify(src) by extensions ['colcon_meta']
[0.577s] Level 1:colcon.colcon_core.package_identification:_identify(src) by extension 'colcon_meta'
[0.577s] Level 1:colcon.colcon_core.package_identification:_identify(src) by extensions ['ros']
[0.577s] Level 1:colcon.colcon_core.package_identification:_identify(src) by extension 'ros'
[0.577s] Level 1:colcon.colcon_core.package_identification:_identify(src) by extensions ['cmake', 'python']
[0.577s] Level 1:colcon.colcon_core.package_identification:_identify(src) by extension 'cmake'
[0.577s] Level 1:colcon.colcon_core.package_identification:_identify(src) by extension 'python'
[0.577s] Level 1:colcon.colcon_core.package_identification:_identify(src) by extensions ['python_setup_py']
[0.577s] Level 1:colcon.colcon_core.package_identification:_identify(src) by extension 'python_setup_py'
[0.578s] Level 1:colcon.colcon_core.package_identification:_identify(src/global_planner) by extensions ['ignore', 'ignore_ament_install']
[0.578s] Level 1:colcon.colcon_core.package_identification:_identify(src/global_planner) by extension 'ignore'
[0.578s] Level 1:colcon.colcon_core.package_identification:_identify(src/global_planner) by extension 'ignore_ament_install'
[0.578s] Level 1:colcon.colcon_core.package_identification:_identify(src/global_planner) by extensions ['colcon_pkg']
[0.578s] Level 1:colcon.colcon_core.package_identification:_identify(src/global_planner) by extension 'colcon_pkg'
[0.578s] Level 1:colcon.colcon_core.package_identification:_identify(src/global_planner) by extensions ['colcon_meta']
[0.578s] Level 1:colcon.colcon_core.package_identification:_identify(src/global_planner) by extension 'colcon_meta'
[0.578s] Level 1:colcon.colcon_core.package_identification:_identify(src/global_planner) by extensions ['ros']
[0.578s] Level 1:colcon.colcon_core.package_identification:_identify(src/global_planner) by extension 'ros'
[0.582s] DEBUG:colcon.colcon_core.package_identification:Package 'src/global_planner' with type 'ros.ament_cmake' and name 'global_planner'
[0.583s] Level 1:colcon.colcon_core.package_identification:_identify(src/mujoco_sim_node) by extensions ['ignore', 'ignore_ament_install']
[0.583s] Level 1:colcon.colcon_core.package_identification:_identify(src/mujoco_sim_node) by extension 'ignore'
[0.583s] Level 1:colcon.colcon_core.package_identification:_identify(src/mujoco_sim_node) by extension 'ignore_ament_install'
[0.583s] Level 1:colcon.colcon_core.package_identification:_identify(src/mujoco_sim_node) by extensions ['colcon_pkg']
[0.583s] Level 1:colcon.colcon_core.package_identification:_identify(src/mujoco_sim_node) by extension 'colcon_pkg'
[0.583s] Level 1:colcon.colcon_core.package_identification:_identify(src/mujoco_sim_node) by extensions ['colcon_meta']
[0.583s] Level 1:colcon.colcon_core.package_identification:_identify(src/mujoco_sim_node) by extension 'colcon_meta'
[0.583s] Level 1:colcon.colcon_core.package_identification:_identify(src/mujoco_sim_node) by extensions ['ros']
[0.583s] Level 1:colcon.colcon_core.package_identification:_identify(src/mujoco_sim_node) by extension 'ros'
[0.585s] DEBUG:colcon.colcon_core.package_identification:Package 'src/mujoco_sim_node' with type 'ros.ament_cmake' and name 'mujoco_sim_node'
[0.585s] Level 1:colcon.colcon_core.package_identification:_identify(src/vehicle_msgs) by extensions ['ignore', 'ignore_ament_install']
[0.585s] Level 1:colcon.colcon_core.package_identification:_identify(src/vehicle_msgs) by extension 'ignore'
[0.585s] Level 1:colcon.colcon_core.package_identification:_identify(src/vehicle_msgs) by extension 'ignore_ament_install'
[0.585s] Level 1:colcon.colcon_core.package_identification:_identify(src/vehicle_msgs) by extensions ['colcon_pkg']
[0.585s] Level 1:colcon.colcon_core.package_identification:_identify(src/vehicle_msgs) by extension 'colcon_pkg'
[0.585s] Level 1:colcon.colcon_core.package_identification:_identify(src/vehicle_msgs) by extensions ['colcon_meta']
[0.585s] Level 1:colcon.colcon_core.package_identification:_identify(src/vehicle_msgs) by extension 'colcon_meta'
[0.586s] Level 1:colcon.colcon_core.package_identification:_identify(src/vehicle_msgs) by extensions ['ros']
[0.586s] Level 1:colcon.colcon_core.package_identification:_identify(src/vehicle_msgs) by extension 'ros'
[0.586s] DEBUG:colcon.colcon_core.package_identification:Package 'src/vehicle_msgs' with type 'ros.ament_cmake' and name 'vehicle_msgs'
[0.586s] Level 1:colcon.colcon_core.package_discovery:discover_packages(recursive) using defaults
[0.586s] Level 1:colcon.colcon_core.package_discovery:discover_packages(ignore) discover
[0.586s] Level 1:colcon.colcon_core.package_discovery:discover_packages(ignore) using defaults
[0.586s] Level 1:colcon.colcon_core.package_discovery:discover_packages(path) discover
[0.586s] Level 1:colcon.colcon_core.package_discovery:discover_packages(path) using defaults
[0.620s] INFO:colcon.colcon_core.package_selection:Skipping not selected package 'global_planner' in 'src/global_planner'
[0.620s] INFO:colcon.colcon_core.package_selection:Skipping not selected package 'mujoco_sim_node' in 'src/mujoco_sim_node'
[0.620s] Level 5:colcon.colcon_core.verb:set package 'vehicle_msgs' build argument 'cmake_args' from command line to 'None'
[0.620s] Level 5:colcon.colcon_core.verb:set package 'vehicle_msgs' build argument 'cmake_target' from command line to 'None'
[0.620s] Level 5:colcon.colcon_core.verb:set package 'vehicle_msgs' build argument 'cmake_target_skip_unavailable' from command line to 'False'
[0.620s] Level 5:colcon.colcon_core.verb:set package 'vehicle_msgs' build argument 'cmake_clean_cache' from command line to 'False'
[0.620s] Level 5:colcon.colcon_core.verb:set package 'vehicle_msgs' build argument 'cmake_clean_first' from command line to 'False'
[0.620s] Level 5:colcon.colcon_core.verb:set package 'vehicle_msgs' build argument 'cmake_force_configure' from command line to 'False'
[0.620s] Level 5:colcon.colcon_core.verb:set package 'vehicle_msgs' build argument 'ament_cmake_args' from command line to 'None'
[0.620s] Level 5:colcon.colcon_core.verb:set package 'vehicle_msgs' build argument 'catkin_cmake_args' from command line to 'None'
[0.620s] Level 5:colcon.colcon_core.verb:set package 'vehicle_msgs' build argument 'catkin_skip_building_tests' from command line to 'False'
[0.621s] DEBUG:colcon.colcon_core.verb:Building package 'vehicle_msgs' with the following arguments: {'ament_cmake_args': None, 'build_base': '/home/shriperu/ros2_ws/build/vehicle_msgs', 'catkin_cmake_args': None, 'catkin_skip_building_tests': False, 'cmake_args': None, 'cmake_clean_cache': False, 'cmake_clean_first': False, 'cmake_force_configure': False, 'cmake_target': None, 'cmake_target_skip_unavailable': False, 'install_base': '/home/shriperu/ros2_ws/install/vehicle_msgs', 'merge_install': False, 'path': '/home/shriperu/ros2_ws/src/vehicle_msgs', 'symlink_install': False, 'test_result_base': None}
[0.621s] INFO:colcon.colcon_core.executor:Executing jobs using 'parallel' executor
[0.622s] DEBUG:colcon.colcon_parallel_executor.executor.parallel:run_until_complete
[0.623s] INFO:colcon.colcon_ros.task.ament_cmake.build:Building ROS package in '/home/shriperu/ros2_ws/src/vehicle_msgs' with build type 'ament_cmake'
[0.623s] INFO:colcon.colcon_cmake.task.cmake.build:Building CMake package in '/home/shriperu/ros2_ws/src/vehicle_msgs'
[0.630s] INFO:colcon.colcon_core.plugin_system:Skipping extension 'colcon_core.shell.bat': Not used on non-Windows systems
[0.630s] DEBUG:colcon.colcon_core.shell:Skip shell extension 'dsv' for command environment
[0.653s] DEBUG:colcon.colcon_core.event_handler.log_command:Invoking command in '/home/shriperu/ros2_ws/build/vehicle_msgs': CMAKE_PREFIX_PATH=${CMAKE_PREFIX_PATH}:/opt/ros/jazzy DEBUGINFOD_URLS=https://debuginfod.ubuntu.com /usr/bin/cmake /home/shriperu/ros2_ws/src/vehicle_msgs -DCMAKE_INSTALL_PREFIX=/home/shriperu/ros2_ws/install/vehicle_msgs
[14.684s] DEBUG:colcon.colcon_core.event_handler.log_command:Invoked command in '/home/shriperu/ros2_ws/build/vehicle_msgs' returned '0': CMAKE_PREFIX_PATH=${CMAKE_PREFIX_PATH}:/opt/ros/jazzy DEBUGINFOD_URLS=https://debuginfod.ubuntu.com /usr/bin/cmake /home/shriperu/ros2_ws/src/vehicle_msgs -DCMAKE_INSTALL_PREFIX=/home/shriperu/ros2_ws/install/vehicle_msgs
[14.687s] DEBUG:colcon.colcon_core.event_handler.log_command:Invoking command in '/home/shriperu/ros2_ws/build/vehicle_msgs': CMAKE_PREFIX_PATH=${CMAKE_PREFIX_PATH}:/opt/ros/jazzy DEBUGINFOD_URLS=https://debuginfod.ubuntu.com /usr/bin/cmake --build /home/shriperu/ros2_ws/build/vehicle_msgs -- -j16 -l16
[19.731s] DEBUG:colcon.colcon_core.event_handler.log_command:Invoked command in '/home/shriperu/ros2_ws/build/vehicle_msgs' returned '0': CMAKE_PREFIX_PATH=${CMAKE_PREFIX_PATH}:/opt/ros/jazzy DEBUGINFOD_URLS=https://debuginfod.ubuntu.com /usr/bin/cmake --build /home/shriperu/ros2_ws/build/vehicle_msgs -- -j16 -l16
[19.747s] DEBUG:colcon.colcon_core.event_handler.log_command:Invoking command in '/home/shriperu/ros2_ws/build/vehicle_msgs': CMAKE_PREFIX_PATH=${CMAKE_PREFIX_PATH}:/opt/ros/jazzy DEBUGINFOD_URLS=https://debuginfod.ubuntu.com /usr/bin/cmake --install /home/shriperu/ros2_ws/build/vehicle_msgs
[19.859s] Level 1:colcon.colcon_core.environment:create_environment_scripts_only(vehicle_msgs)
[19.860s] DEBUG:colcon.colcon_core.event_handler.log_command:Invoked command in '/home/shriperu/ros2_ws/build/vehicle_msgs' returned '0': CMAKE_PREFIX_PATH=${CMAKE_PREFIX_PATH}:/opt/ros/jazzy DEBUGINFOD_URLS=https://debuginfod.ubuntu.com /usr/bin/cmake --install /home/shriperu/ros2_ws/build/vehicle_msgs
[19.867s] Level 1:colcon.colcon_core.environment:checking '/home/shriperu/ros2_ws/install/vehicle_msgs' for CMake module files
[19.868s] Level 1:colcon.colcon_core.environment:checking '/home/shriperu/ros2_ws/install/vehicle_msgs' for CMake config files
[19.868s] Level 1:colcon.colcon_core.shell:create_environment_hook('vehicle_msgs', 'cmake_prefix_path')
[19.868s] INFO:colcon.colcon_core.shell:Creating environment descriptor '/home/shriperu/ros2_ws/install/vehicle_msgs/share/vehicle_msgs/hook/cmake_prefix_path.dsv'
[19.870s] INFO:colcon.colcon_core.shell:Creating environment hook '/home/shriperu/ros2_ws/install/vehicle_msgs/share/vehicle_msgs/hook/cmake_prefix_path.sh'
[19.871s] Level 1:colcon.colcon_core.environment:checking '/home/shriperu/ros2_ws/install/vehicle_msgs/lib'
[19.871s] Level 1:colcon.colcon_core.shell:create_environment_hook('vehicle_msgs', 'ld_library_path_lib')
[19.871s] INFO:colcon.colcon_core.shell:Creating environment descriptor '/home/shriperu/ros2_ws/install/vehicle_msgs/share/vehicle_msgs/hook/ld_library_path_lib.dsv'
[19.871s] INFO:colcon.colcon_core.shell:Creating environment hook '/home/shriperu/ros2_ws/install/vehicle_msgs/share/vehicle_msgs/hook/ld_library_path_lib.sh'
[19.872s] Level 1:colcon.colcon_core.environment:checking '/home/shriperu/ros2_ws/install/vehicle_msgs/bin'
[19.872s] Level 1:colcon.colcon_core.environment:checking '/home/shriperu/ros2_ws/install/vehicle_msgs/lib/pkgconfig/vehicle_msgs.pc'
[19.874s] Level 1:colcon.colcon_core.environment:checking '/home/shriperu/ros2_ws/install/vehicle_msgs/lib/python3.12/site-packages'
[19.874s] Level 1:colcon.colcon_core.shell:create_environment_hook('vehicle_msgs', 'pythonpath')
[19.875s] INFO:colcon.colcon_core.shell:Creating environment descriptor '/home/shriperu/ros2_ws/install/vehicle_msgs/share/vehicle_msgs/hook/pythonpath.dsv'
[19.875s] INFO:colcon.colcon_core.shell:Creating environment hook '/home/shriperu/ros2_ws/install/vehicle_msgs/share/vehicle_msgs/hook/pythonpath.sh'
[19.876s] Level 1:colcon.colcon_core.environment:checking '/home/shriperu/ros2_ws/install/vehicle_msgs/bin'
[19.876s] INFO:colcon.colcon_core.shell:Creating package descriptor '/home/shriperu/ros2_ws/install/vehicle_msgs/share/vehicle_msgs/package.dsv'
[19.877s] INFO:colcon.colcon_core.shell:Creating package script '/home/shriperu/ros2_ws/install/vehicle_msgs/share/vehicle_msgs/package.sh'
[19.878s] INFO:colcon.colcon_core.shell:Creating package script '/home/shriperu/ros2_ws/install/vehicle_msgs/share/vehicle_msgs/package.bash'
[19.878s] INFO:colcon.colcon_core.shell:Creating package script '/home/shriperu/ros2_ws/install/vehicle_msgs/share/vehicle_msgs/package.zsh'
[19.879s] Level 1:colcon.colcon_core.environment:create_file_with_runtime_dependencies(/home/shriperu/ros2_ws/install/vehicle_msgs/share/colcon-core/packages/vehicle_msgs)
[19.881s] Level 1:colcon.colcon_core.environment:create_environment_scripts_only(vehicle_msgs)
[19.881s] Level 1:colcon.colcon_core.environment:checking '/home/shriperu/ros2_ws/install/vehicle_msgs' for CMake module files
[19.882s] Level 1:colcon.colcon_core.environment:checking '/home/shriperu/ros2_ws/install/vehicle_msgs' for CMake config files
[19.882s] Level 1:colcon.colcon_core.shell:create_environment_hook('vehicle_msgs', 'cmake_prefix_path')
[19.882s] INFO:colcon.colcon_core.shell:Creating environment descriptor '/home/shriperu/ros2_ws/install/vehicle_msgs/share/vehicle_msgs/hook/cmake_prefix_path.dsv'
[19.883s] INFO:colcon.colcon_core.shell:Creating environment hook '/home/shriperu/ros2_ws/install/vehicle_msgs/share/vehicle_msgs/hook/cmake_prefix_path.sh'
[19.883s] Level 1:colcon.colcon_core.environment:checking '/home/shriperu/ros2_ws/install/vehicle_msgs/lib'
[19.883s] Level 1:colcon.colcon_core.shell:create_environment_hook('vehicle_msgs', 'ld_library_path_lib')
[19.884s] INFO:colcon.colcon_core.shell:Creating environment descriptor '/home/shriperu/ros2_ws/install/vehicle_msgs/share/vehicle_msgs/hook/ld_library_path_lib.dsv'
[19.884s] INFO:colcon.colcon_core.shell:Creating environment hook '/home/shriperu/ros2_ws/install/vehicle_msgs/share/vehicle_msgs/hook/ld_library_path_lib.sh'
[19.884s] Level 1:colcon.colcon_core.environment:checking '/home/shriperu/ros2_ws/install/vehicle_msgs/bin'
[19.884s] Level 1:colcon.colcon_core.environment:checking '/home/shriperu/ros2_ws/install/vehicle_msgs/lib/pkgconfig/vehicle_msgs.pc'
[19.885s] Level 1:colcon.colcon_core.environment:checking '/home/shriperu/ros2_ws/install/vehicle_msgs/lib/python3.12/site-packages'
[19.885s] Level 1:colcon.colcon_core.shell:create_environment_hook('vehicle_msgs', 'pythonpath')
[19.885s] INFO:colcon.colcon_core.shell:Creating environment descriptor '/home/shriperu/ros2_ws/install/vehicle_msgs/share/vehicle_msgs/hook/pythonpath.dsv'
[19.885s] INFO:colcon.colcon_core.shell:Creating environment hook '/home/shriperu/ros2_ws/install/vehicle_msgs/share/vehicle_msgs/hook/pythonpath.sh'
[19.886s] Level 1:colcon.colcon_core.environment:checking '/home/shriperu/ros2_ws/install/vehicle_msgs/bin'
[19.886s] INFO:colcon.colcon_core.shell:Creating package descriptor '/home/shriperu/ros2_ws/install/vehicle_msgs/share/vehicle_msgs/package.dsv'
[19.887s] INFO:colcon.colcon_core.shell:Creating package script '/home/shriperu/ros2_ws/install/vehicle_msgs/share/vehicle_msgs/package.sh'
[19.888s] INFO:colcon.colcon_core.shell:Creating package script '/home/shriperu/ros2_ws/install/vehicle_msgs/share/vehicle_msgs/package.bash'
[19.888s] INFO:colcon.colcon_core.shell:Creating package script '/home/shriperu/ros2_ws/install/vehicle_msgs/share/vehicle_msgs/package.zsh'
[19.888s] Level 1:colcon.colcon_core.environment:create_file_with_runtime_dependencies(/home/shriperu/ros2_ws/install/vehicle_msgs/share/colcon-core/packages/vehicle_msgs)
[19.889s] DEBUG:colcon.colcon_parallel_executor.executor.parallel:closing loop
[19.889s] DEBUG:colcon.colcon_parallel_executor.executor.parallel:loop closed
[19.890s] DEBUG:colcon.colcon_parallel_executor.executor.parallel:run_until_complete finished with '0'
[19.890s] DEBUG:colcon.colcon_core.event_reactor:joining thread
[20.126s] INFO:colcon.colcon_core.plugin_system:Skipping extension 'colcon_notification.desktop_notification.notify_send': Could not find 'notify-send'
[20.126s] INFO:colcon.colcon_core.plugin_system:Skipping extension 'colcon_notification.desktop_notification.terminal_notifier': Not used on non-Darwin systems
[20.126s] INFO:colcon.colcon_core.plugin_system:Skipping extension 'colcon_notification.desktop_notification.win32': Not used on non-Windows systems
[20.127s] INFO:colcon.colcon_notification.desktop_notification:Sending desktop notification using 'notify2'
[20.141s] DEBUG:colcon.colcon_notification.desktop_notification.notify2:Failed to initialize notify2: org.freedesktop.DBus.Error.ServiceUnknown: The name org.freedesktop.Notifications was not provided by any .service files
[20.142s] DEBUG:colcon.colcon_core.event_reactor:joined thread
[20.142s] INFO:colcon.colcon_core.shell:Creating prefix script '/home/shriperu/ros2_ws/install/local_setup.sh'
[20.144s] INFO:colcon.colcon_core.shell:Creating prefix util module '/home/shriperu/ros2_ws/install/_local_setup_util_sh.py'
[20.145s] INFO:colcon.colcon_core.shell:Creating prefix chain script '/home/shriperu/ros2_ws/install/setup.sh'
[20.146s] INFO:colcon.colcon_core.shell:Creating prefix script '/home/shriperu/ros2_ws/install/local_setup.bash'
[20.147s] INFO:colcon.colcon_core.shell:Creating prefix chain script '/home/shriperu/ros2_ws/install/setup.bash'
[20.148s] INFO:colcon.colcon_core.shell:Creating prefix script '/home/shriperu/ros2_ws/install/local_setup.zsh'
[20.149s] INFO:colcon.colcon_core.shell:Creating prefix chain script '/home/shriperu/ros2_ws/install/setup.zsh'
