[0.024s] Invoking command in '/home/shriperu/ros2_ws/build/vehicle_msgs': CMAKE_PREFIX_PATH=${CMAKE_PREFIX_PATH}:/opt/ros/jazzy DEBUGINFOD_URLS=https://debuginfod.ubuntu.com /usr/bin/cmake /home/shriperu/ros2_ws/src/vehicle_msgs -DAMENT_CMAKE_SYMLINK_INSTALL=1 -DCMAKE_INSTALL_PREFIX=/home/shriperu/ros2_ws/install/vehicle_msgs
[0.795s] -- The C compiler identification is GNU 13.3.0
[3.689s] -- The CXX compiler identification is GNU 13.3.0
[6.542s] -- Detecting C compiler ABI info
[7.827s] -- Detecting C compiler ABI info - done
[7.836s] -- Check for working C compiler: /usr/bin/cc - skipped
[7.837s] -- Detecting C compile features
[7.838s] -- Detecting C compile features - done
[8.434s] -- Detecting CXX compiler ABI info
[9.708s] -- Detecting CXX compiler ABI info - done
[9.718s] -- Check for working CXX compiler: /usr/bin/c++ - skipped
[9.719s] -- Detecting CXX compile features
[9.719s] -- Detecting CXX compile features - done
[9.732s] -- Found ament_cmake: 2.5.6 (/opt/ros/jazzy/share/ament_cmake/cmake)
[9.919s] -- Found Python3: /usr/bin/python3 (found version "3.12.3") found components: Interpreter 
[10.003s] -- Override CMake install command with custom implementation using symlinks instead of copying resources
[10.076s] -- Found rosidl_default_generators: 1.6.1 (/opt/ros/jazzy/share/rosidl_default_generators/cmake)
[10.089s] -- Using all available rosidl_typesupport_c: rosidl_typesupport_fastrtps_c;rosidl_typesupport_introspection_c
[10.669s] -- Using all available rosidl_typesupport_cpp: rosidl_typesupport_fastrtps_cpp;rosidl_typesupport_introspection_cpp
[10.753s] -- Found rosidl_adapter: 4.6.9 (/opt/ros/jazzy/share/rosidl_adapter/cmake)
[11.398s] -- Found ament_cmake_ros: 0.12.1 (/opt/ros/jazzy/share/ament_cmake_ros/cmake)
[11.884s] -- Using all available rosidl_typesupport_c: rosidl_typesupport_fastrtps_c;rosidl_typesupport_introspection_c
[12.514s] -- Using all available rosidl_typesupport_cpp: rosidl_typesupport_fastrtps_cpp;rosidl_typesupport_introspection_cpp
[12.520s] -- Found python_cmake_module: 0.11.1 (/opt/ros/jazzy/share/python_cmake_module/cmake)
[12.677s] -- Found PythonExtra: /usr/bin/python3  
[13.229s] -- Found Python3: /usr/bin/python3 (found version "3.12.3") found components: Interpreter Development NumPy Development.Module Development.Embed 
[13.302s] -- Found Python3: /usr/bin/python3 (found version "3.12.3") found components: Interpreter 
[13.320s] -- Configuring done (13.3s)
[13.392s] -- Generating done (0.1s)
[13.405s] -- Build files have been written to: /home/shriperu/ros2_ws/build/vehicle_msgs
[13.420s] Invoked command in '/home/shriperu/ros2_ws/build/vehicle_msgs' returned '0': CMAKE_PREFIX_PATH=${CMAKE_PREFIX_PATH}:/opt/ros/jazzy DEBUGINFOD_URLS=https://debuginfod.ubuntu.com /usr/bin/cmake /home/shriperu/ros2_ws/src/vehicle_msgs -DAMENT_CMAKE_SYMLINK_INSTALL=1 -DCMAKE_INSTALL_PREFIX=/home/shriperu/ros2_ws/install/vehicle_msgs
[13.424s] Invoking command in '/home/shriperu/ros2_ws/build/vehicle_msgs': CMAKE_PREFIX_PATH=${CMAKE_PREFIX_PATH}:/opt/ros/jazzy DEBUGINFOD_URLS=https://debuginfod.ubuntu.com /usr/bin/cmake --build /home/shriperu/ros2_ws/build/vehicle_msgs -- -j16 -l16
[13.504s] [  2%] [34m[1mGenerating Rust code for ROS interfaces[0m
[13.505s] [  5%] [34m[1mGenerating type hashes for ROS interfaces[0m
[13.521s] [  5%] Built target ament_cmake_python_symlink_vehicle_msgs
[13.737s] [  5%] Built target vehicle_msgs__rosidl_generator_type_description
[13.755s] [  8%] [34m[1mGenerating C code for ROS interfaces[0m
[13.772s] [  8%] Built target vehicle_msgs__rs
[13.772s] [ 11%] [34m[1mGenerating C++ code for ROS interfaces[0m
[13.798s] running egg_info
[13.798s] creating vehicle_msgs.egg-info
[13.824s] writing vehicle_msgs.egg-info/PKG-INFO
[13.825s] writing dependency_links to vehicle_msgs.egg-info/dependency_links.txt
[13.825s] writing top-level names to vehicle_msgs.egg-info/top_level.txt
[13.825s] writing manifest file 'vehicle_msgs.egg-info/SOURCES.txt'
[13.893s] reading manifest file 'vehicle_msgs.egg-info/SOURCES.txt'
[13.893s] writing manifest file 'vehicle_msgs.egg-info/SOURCES.txt'
[13.928s] [ 11%] Built target ament_cmake_python_build_vehicle_msgs_egg
[14.022s] [ 11%] Built target vehicle_msgs__cpp
[14.049s] [ 14%] [32mBuilding C object CMakeFiles/vehicle_msgs__rosidl_generator_c.dir/rosidl_generator_c/vehicle_msgs/msg/detail/steering_command__type_support.c.o[0m
[14.050s] [ 17%] [32mBuilding C object CMakeFiles/vehicle_msgs__rosidl_generator_c.dir/rosidl_generator_c/vehicle_msgs/msg/detail/steering_command__description.c.o[0m
[14.051s] [ 20%] [32mBuilding C object CMakeFiles/vehicle_msgs__rosidl_generator_c.dir/rosidl_generator_c/vehicle_msgs/msg/detail/steering_command__functions.c.o[0m
[14.106s] [ 22%] [32m[1mLinking C shared library libvehicle_msgs__rosidl_generator_c.so[0m
[14.772s] [ 22%] Built target vehicle_msgs__rosidl_generator_c
[14.794s] [ 25%] [34m[1mGenerating C++ type support dispatch for ROS interfaces[0m
[14.794s] [ 28%] [34m[1mGenerating C type support dispatch for ROS interfaces[0m
[14.797s] [ 31%] [34m[1mGenerating C++ type support for eProsima Fast-RTPS[0m
[14.803s] [ 34%] [34m[1mGenerating C++ introspection for ROS interfaces[0m
[14.804s] [ 37%] [34m[1mGenerating C introspection for ROS interfaces[0m
[14.804s] [ 40%] [34m[1mGenerating C type support for eProsima Fast-RTPS[0m
[15.068s] [ 42%] [32mBuilding CXX object CMakeFiles/vehicle_msgs__rosidl_typesupport_cpp.dir/rosidl_typesupport_cpp/vehicle_msgs/msg/steering_command__type_support.cpp.o[0m
[15.095s] [ 45%] [32mBuilding CXX object CMakeFiles/vehicle_msgs__rosidl_typesupport_c.dir/rosidl_typesupport_c/vehicle_msgs/msg/steering_command__type_support.cpp.o[0m
[15.112s] [ 48%] [32mBuilding CXX object CMakeFiles/vehicle_msgs__rosidl_typesupport_introspection_cpp.dir/rosidl_typesupport_introspection_cpp/vehicle_msgs/msg/detail/steering_command__type_support.cpp.o[0m
[15.128s] [ 51%] [32mBuilding C object CMakeFiles/vehicle_msgs__rosidl_typesupport_introspection_c.dir/rosidl_typesupport_introspection_c/vehicle_msgs/msg/detail/steering_command__type_support.c.o[0m
[15.133s] [ 54%] [32mBuilding CXX object CMakeFiles/vehicle_msgs__rosidl_typesupport_fastrtps_cpp.dir/rosidl_typesupport_fastrtps_cpp/vehicle_msgs/msg/detail/dds_fastrtps/steering_command__type_support.cpp.o[0m
[15.140s] [ 57%] [32mBuilding CXX object CMakeFiles/vehicle_msgs__rosidl_typesupport_fastrtps_c.dir/rosidl_typesupport_fastrtps_c/vehicle_msgs/msg/detail/steering_command__type_support_c.cpp.o[0m
[15.162s] [ 60%] [32m[1mLinking CXX shared library libvehicle_msgs__rosidl_typesupport_c.so[0m
[15.183s] [ 62%] [32m[1mLinking C shared library libvehicle_msgs__rosidl_typesupport_introspection_c.so[0m
[15.502s] [ 65%] [32m[1mLinking CXX shared library libvehicle_msgs__rosidl_typesupport_cpp.so[0m
[15.549s] [ 68%] [32m[1mLinking CXX shared library libvehicle_msgs__rosidl_typesupport_introspection_cpp.so[0m
[15.742s] [ 71%] [32m[1mLinking CXX shared library libvehicle_msgs__rosidl_typesupport_fastrtps_c.so[0m
[15.742s] [ 71%] Built target vehicle_msgs__rosidl_typesupport_introspection_c
[15.755s] [ 71%] Built target vehicle_msgs__rosidl_typesupport_c
[15.763s] [ 74%] [32m[1mLinking CXX shared library libvehicle_msgs__rosidl_typesupport_fastrtps_cpp.so[0m
[16.049s] [ 74%] Built target vehicle_msgs__rosidl_typesupport_cpp
[16.198s] [ 74%] Built target vehicle_msgs__rosidl_typesupport_introspection_cpp
[16.367s] [ 74%] Built target vehicle_msgs__rosidl_typesupport_fastrtps_c
[16.407s] [ 74%] Built target vehicle_msgs__rosidl_typesupport_fastrtps_cpp
[16.437s] [ 74%] Built target vehicle_msgs
[16.478s] [ 77%] [34m[1mGenerating Python code for ROS interfaces[0m
[16.766s] [ 77%] Built target vehicle_msgs__py
[16.805s] [ 80%] [32mBuilding C object CMakeFiles/vehicle_msgs__rosidl_generator_py.dir/rosidl_generator_py/vehicle_msgs/msg/_steering_command_s.c.o[0m
[16.981s] [ 82%] [32m[1mLinking C shared library libvehicle_msgs__rosidl_generator_py.so[0m
[17.728s] [ 82%] Built target vehicle_msgs__rosidl_generator_py
[17.758s] [ 88%] [32mBuilding C object CMakeFiles/vehicle_msgs_s__rosidl_typesupport_c.dir/rosidl_generator_py/vehicle_msgs/_vehicle_msgs_s.ep.rosidl_typesupport_c.c.o[0m
[17.758s] [ 88%] [32mBuilding C object CMakeFiles/vehicle_msgs_s__rosidl_typesupport_fastrtps_c.dir/rosidl_generator_py/vehicle_msgs/_vehicle_msgs_s.ep.rosidl_typesupport_fastrtps_c.c.o[0m
[17.758s] [ 91%] [32mBuilding C object CMakeFiles/vehicle_msgs_s__rosidl_typesupport_introspection_c.dir/rosidl_generator_py/vehicle_msgs/_vehicle_msgs_s.ep.rosidl_typesupport_introspection_c.c.o[0m
[17.877s] [ 94%] [32m[1mLinking C shared module rosidl_generator_py/vehicle_msgs/vehicle_msgs_s__rosidl_typesupport_introspection_c.so[0m
[17.888s] [ 97%] [32m[1mLinking C shared module rosidl_generator_py/vehicle_msgs/vehicle_msgs_s__rosidl_typesupport_c.so[0m
[17.889s] [100%] [32m[1mLinking C shared module rosidl_generator_py/vehicle_msgs/vehicle_msgs_s__rosidl_typesupport_fastrtps_c.so[0m
[18.337s] [100%] Built target vehicle_msgs_s__rosidl_typesupport_fastrtps_c
[18.337s] [100%] Built target vehicle_msgs_s__rosidl_typesupport_c
[18.338s] [100%] Built target vehicle_msgs_s__rosidl_typesupport_introspection_c
[18.356s] Invoked command in '/home/shriperu/ros2_ws/build/vehicle_msgs' returned '0': CMAKE_PREFIX_PATH=${CMAKE_PREFIX_PATH}:/opt/ros/jazzy DEBUGINFOD_URLS=https://debuginfod.ubuntu.com /usr/bin/cmake --build /home/shriperu/ros2_ws/build/vehicle_msgs -- -j16 -l16
[18.357s] Invoking command in '/home/shriperu/ros2_ws/build/vehicle_msgs': CMAKE_PREFIX_PATH=${CMAKE_PREFIX_PATH}:/opt/ros/jazzy DEBUGINFOD_URLS=https://debuginfod.ubuntu.com /usr/bin/cmake --install /home/shriperu/ros2_ws/build/vehicle_msgs
[18.372s] -- Install configuration: ""
[18.372s] -- Execute custom install script
[18.376s] -- Symlinking: /home/shriperu/ros2_ws/install/vehicle_msgs/share/ament_index/resource_index/rosidl_interfaces/vehicle_msgs
[18.393s] -- Symlinking: /home/shriperu/ros2_ws/install/vehicle_msgs/share/vehicle_msgs/msg/SteeringCommand.json
[18.410s] -- Symlinking: /home/shriperu/ros2_ws/install/vehicle_msgs/include/vehicle_msgs/vehicle_msgs/msg/detail/steering_command__functions.h
[18.423s] -- Symlinking: /home/shriperu/ros2_ws/install/vehicle_msgs/include/vehicle_msgs/vehicle_msgs/msg/detail/steering_command__struct.h
[18.436s] -- Symlinking: /home/shriperu/ros2_ws/install/vehicle_msgs/include/vehicle_msgs/vehicle_msgs/msg/detail/steering_command__type_support.h
[18.451s] -- Symlinking: /home/shriperu/ros2_ws/install/vehicle_msgs/include/vehicle_msgs/vehicle_msgs/msg/rosidl_generator_c__visibility_control.h
[18.466s] -- Symlinking: /home/shriperu/ros2_ws/install/vehicle_msgs/include/vehicle_msgs/vehicle_msgs/msg/steering_command.h
[18.480s] -- Symlinking: /home/shriperu/ros2_ws/install/vehicle_msgs/share/vehicle_msgs/environment/library_path.sh
[18.493s] -- Symlinking: /home/shriperu/ros2_ws/install/vehicle_msgs/share/vehicle_msgs/environment/library_path.dsv
[18.507s] -- Symlinking: /home/shriperu/ros2_ws/install/vehicle_msgs/include/vehicle_msgs/vehicle_msgs/msg/detail/steering_command__rosidl_typesupport_fastrtps_c.h
[18.519s] -- Symlinking: /home/shriperu/ros2_ws/install/vehicle_msgs/include/vehicle_msgs/vehicle_msgs/msg/rosidl_typesupport_fastrtps_c__visibility_control.h
[18.532s] -- Symlinking: /home/shriperu/ros2_ws/install/vehicle_msgs/include/vehicle_msgs/vehicle_msgs/msg/detail/steering_command__rosidl_typesupport_introspection_c.h
[18.544s] -- Symlinking: /home/shriperu/ros2_ws/install/vehicle_msgs/include/vehicle_msgs/vehicle_msgs/msg/rosidl_typesupport_introspection_c__visibility_control.h
[18.558s] -- Symlinking: /home/shriperu/ros2_ws/install/vehicle_msgs/include/vehicle_msgs/vehicle_msgs/msg/detail/steering_command__builder.hpp
[18.577s] -- Symlinking: /home/shriperu/ros2_ws/install/vehicle_msgs/include/vehicle_msgs/vehicle_msgs/msg/detail/steering_command__struct.hpp
[18.592s] -- Symlinking: /home/shriperu/ros2_ws/install/vehicle_msgs/include/vehicle_msgs/vehicle_msgs/msg/detail/steering_command__traits.hpp
[18.613s] -- Symlinking: /home/shriperu/ros2_ws/install/vehicle_msgs/include/vehicle_msgs/vehicle_msgs/msg/detail/steering_command__type_support.hpp
[18.628s] -- Symlinking: /home/shriperu/ros2_ws/install/vehicle_msgs/include/vehicle_msgs/vehicle_msgs/msg/rosidl_generator_cpp__visibility_control.hpp
[18.647s] -- Symlinking: /home/shriperu/ros2_ws/install/vehicle_msgs/include/vehicle_msgs/vehicle_msgs/msg/steering_command.hpp
[18.663s] -- Symlinking: /home/shriperu/ros2_ws/install/vehicle_msgs/include/vehicle_msgs/vehicle_msgs/msg/detail/steering_command__rosidl_typesupport_fastrtps_cpp.hpp
[18.681s] -- Symlinking: /home/shriperu/ros2_ws/install/vehicle_msgs/include/vehicle_msgs/vehicle_msgs/msg/rosidl_typesupport_fastrtps_cpp__visibility_control.h
[18.696s] -- Symlinking: /home/shriperu/ros2_ws/install/vehicle_msgs/include/vehicle_msgs/vehicle_msgs/msg/detail/steering_command__rosidl_typesupport_introspection_cpp.hpp
[18.710s] -- Symlinking: /home/shriperu/ros2_ws/install/vehicle_msgs/share/vehicle_msgs/environment/pythonpath.sh
[18.723s] -- Symlinking: /home/shriperu/ros2_ws/install/vehicle_msgs/share/vehicle_msgs/environment/pythonpath.dsv
[18.739s] -- Symlinking: /home/shriperu/ros2_ws/install/vehicle_msgs/lib/python3.12/site-packages/vehicle_msgs-0.0.0-py3.12.egg-info/PKG-INFO
[18.753s] -- Symlinking: /home/shriperu/ros2_ws/install/vehicle_msgs/lib/python3.12/site-packages/vehicle_msgs-0.0.0-py3.12.egg-info/SOURCES.txt
[18.766s] -- Symlinking: /home/shriperu/ros2_ws/install/vehicle_msgs/lib/python3.12/site-packages/vehicle_msgs-0.0.0-py3.12.egg-info/dependency_links.txt
[18.778s] -- Symlinking: /home/shriperu/ros2_ws/install/vehicle_msgs/lib/python3.12/site-packages/vehicle_msgs-0.0.0-py3.12.egg-info/top_level.txt
[18.792s] -- Symlinking: /home/shriperu/ros2_ws/install/vehicle_msgs/lib/python3.12/site-packages/vehicle_msgs/__init__.py
[18.805s] -- Symlinking: /home/shriperu/ros2_ws/install/vehicle_msgs/lib/python3.12/site-packages/vehicle_msgs/_vehicle_msgs_s.ep.rosidl_typesupport_c.c
[18.818s] -- Symlinking: /home/shriperu/ros2_ws/install/vehicle_msgs/lib/python3.12/site-packages/vehicle_msgs/_vehicle_msgs_s.ep.rosidl_typesupport_fastrtps_c.c
[18.831s] -- Symlinking: /home/shriperu/ros2_ws/install/vehicle_msgs/lib/python3.12/site-packages/vehicle_msgs/_vehicle_msgs_s.ep.rosidl_typesupport_introspection_c.c
[18.847s] -- Symlinking: /home/shriperu/ros2_ws/install/vehicle_msgs/lib/python3.12/site-packages/vehicle_msgs/msg/__init__.py
[18.859s] -- Symlinking: /home/shriperu/ros2_ws/install/vehicle_msgs/lib/python3.12/site-packages/vehicle_msgs/msg/_steering_command.py
[18.876s] -- Symlinking: /home/shriperu/ros2_ws/install/vehicle_msgs/lib/python3.12/site-packages/vehicle_msgs/msg/_steering_command_s.c
[18.890s] -- Symlinking: /home/shriperu/ros2_ws/install/vehicle_msgs/lib/python3.12/site-packages/vehicle_msgs/vehicle_msgs_s__rosidl_typesupport_c.so
[18.903s] -- Symlinking: /home/shriperu/ros2_ws/install/vehicle_msgs/lib/python3.12/site-packages/vehicle_msgs/vehicle_msgs_s__rosidl_typesupport_fastrtps_c.so
[18.916s] -- Symlinking: /home/shriperu/ros2_ws/install/vehicle_msgs/lib/python3.12/site-packages/vehicle_msgs/vehicle_msgs_s__rosidl_typesupport_introspection_c.so
[18.929s] -- Up-to-date symlink: /home/shriperu/ros2_ws/install/vehicle_msgs/lib/python3.12/site-packages/vehicle_msgs/vehicle_msgs_s__rosidl_typesupport_fastrtps_c.so
[18.930s] -- Up-to-date symlink: /home/shriperu/ros2_ws/install/vehicle_msgs/lib/python3.12/site-packages/vehicle_msgs/vehicle_msgs_s__rosidl_typesupport_introspection_c.so
[18.930s] -- Up-to-date symlink: /home/shriperu/ros2_ws/install/vehicle_msgs/lib/python3.12/site-packages/vehicle_msgs/vehicle_msgs_s__rosidl_typesupport_c.so
[18.931s] -- Symlinking: /home/shriperu/ros2_ws/install/vehicle_msgs/share/ament_index/resource_index/rust_packages/vehicle_msgs
[18.946s] -- Symlinking: /home/shriperu/ros2_ws/install/vehicle_msgs/share/vehicle_msgs/rust/Cargo.toml
[18.959s] -- Symlinking: /home/shriperu/ros2_ws/install/vehicle_msgs/share/vehicle_msgs/rust/build.rs
[18.974s] -- Symlinking: /home/shriperu/ros2_ws/install/vehicle_msgs/share/vehicle_msgs/rust/src/lib.rs
[18.988s] -- Symlinking: /home/shriperu/ros2_ws/install/vehicle_msgs/share/vehicle_msgs/rust/src/msg.rs
[19.001s] -- Symlinking: /home/shriperu/ros2_ws/install/vehicle_msgs/share/vehicle_msgs/rust/src/msg/rmw.rs
[19.014s] -- Symlinking: /home/shriperu/ros2_ws/install/vehicle_msgs/share/vehicle_msgs/msg/SteeringCommand.idl
[19.028s] -- Symlinking: /home/shriperu/ros2_ws/install/vehicle_msgs/share/vehicle_msgs/msg/SteeringCommand.msg
[19.042s] -- Symlinking: /home/shriperu/ros2_ws/install/vehicle_msgs/share/ament_index/resource_index/package_run_dependencies/vehicle_msgs
[19.055s] -- Symlinking: /home/shriperu/ros2_ws/install/vehicle_msgs/share/ament_index/resource_index/parent_prefix_path/vehicle_msgs
[19.070s] -- Symlinking: /home/shriperu/ros2_ws/install/vehicle_msgs/share/vehicle_msgs/environment/ament_prefix_path.sh
[19.084s] -- Symlinking: /home/shriperu/ros2_ws/install/vehicle_msgs/share/vehicle_msgs/environment/ament_prefix_path.dsv
[19.097s] -- Symlinking: /home/shriperu/ros2_ws/install/vehicle_msgs/share/vehicle_msgs/environment/path.sh
[19.110s] -- Symlinking: /home/shriperu/ros2_ws/install/vehicle_msgs/share/vehicle_msgs/environment/path.dsv
[19.122s] -- Symlinking: /home/shriperu/ros2_ws/install/vehicle_msgs/share/vehicle_msgs/local_setup.bash
[19.141s] -- Symlinking: /home/shriperu/ros2_ws/install/vehicle_msgs/share/vehicle_msgs/local_setup.sh
[19.155s] -- Symlinking: /home/shriperu/ros2_ws/install/vehicle_msgs/share/vehicle_msgs/local_setup.zsh
[19.169s] -- Symlinking: /home/shriperu/ros2_ws/install/vehicle_msgs/share/vehicle_msgs/local_setup.dsv
[19.183s] -- Symlinking: /home/shriperu/ros2_ws/install/vehicle_msgs/share/vehicle_msgs/package.dsv
[19.197s] -- Symlinking: /home/shriperu/ros2_ws/install/vehicle_msgs/share/ament_index/resource_index/packages/vehicle_msgs
[19.210s] -- Symlinking: /home/shriperu/ros2_ws/install/vehicle_msgs/share/vehicle_msgs/cmake/rosidl_cmake-extras.cmake
[19.223s] -- Symlinking: /home/shriperu/ros2_ws/install/vehicle_msgs/share/vehicle_msgs/cmake/ament_cmake_export_include_directories-extras.cmake
[19.236s] -- Symlinking: /home/shriperu/ros2_ws/install/vehicle_msgs/share/vehicle_msgs/cmake/ament_cmake_export_libraries-extras.cmake
[19.250s] -- Symlinking: /home/shriperu/ros2_ws/install/vehicle_msgs/share/vehicle_msgs/cmake/ament_cmake_export_targets-extras.cmake
[19.263s] -- Symlinking: /home/shriperu/ros2_ws/install/vehicle_msgs/share/vehicle_msgs/cmake/rosidl_cmake_export_typesupport_targets-extras.cmake
[19.277s] -- Symlinking: /home/shriperu/ros2_ws/install/vehicle_msgs/share/vehicle_msgs/cmake/ament_cmake_export_dependencies-extras.cmake
[19.290s] -- Symlinking: /home/shriperu/ros2_ws/install/vehicle_msgs/share/vehicle_msgs/cmake/rosidl_cmake_export_typesupport_libraries-extras.cmake
[19.304s] -- Symlinking: /home/shriperu/ros2_ws/install/vehicle_msgs/share/vehicle_msgs/cmake/rosidl_cmake_aggregate_target-extras.cmake
[19.317s] -- Symlinking: /home/shriperu/ros2_ws/install/vehicle_msgs/share/vehicle_msgs/cmake/vehicle_msgsConfig.cmake
[19.331s] -- Symlinking: /home/shriperu/ros2_ws/install/vehicle_msgs/share/vehicle_msgs/cmake/vehicle_msgsConfig-version.cmake
[19.346s] -- Symlinking: /home/shriperu/ros2_ws/install/vehicle_msgs/share/vehicle_msgs/package.xml
[19.359s] -- Installing: /home/shriperu/ros2_ws/install/vehicle_msgs/lib/libvehicle_msgs__rosidl_generator_c.so
[19.360s] -- Set non-toolchain portion of runtime path of "/home/shriperu/ros2_ws/install/vehicle_msgs/lib/libvehicle_msgs__rosidl_generator_c.so" to ""
[19.360s] -- Installing: /home/shriperu/ros2_ws/install/vehicle_msgs/lib/libvehicle_msgs__rosidl_typesupport_fastrtps_c.so
[19.361s] -- Set non-toolchain portion of runtime path of "/home/shriperu/ros2_ws/install/vehicle_msgs/lib/libvehicle_msgs__rosidl_typesupport_fastrtps_c.so" to ""
[19.361s] -- Installing: /home/shriperu/ros2_ws/install/vehicle_msgs/lib/libvehicle_msgs__rosidl_typesupport_introspection_c.so
[19.361s] -- Set non-toolchain portion of runtime path of "/home/shriperu/ros2_ws/install/vehicle_msgs/lib/libvehicle_msgs__rosidl_typesupport_introspection_c.so" to ""
[19.361s] -- Installing: /home/shriperu/ros2_ws/install/vehicle_msgs/lib/libvehicle_msgs__rosidl_typesupport_c.so
[19.361s] -- Set non-toolchain portion of runtime path of "/home/shriperu/ros2_ws/install/vehicle_msgs/lib/libvehicle_msgs__rosidl_typesupport_c.so" to ""
[19.362s] -- Installing: /home/shriperu/ros2_ws/install/vehicle_msgs/lib/libvehicle_msgs__rosidl_typesupport_fastrtps_cpp.so
[19.362s] -- Set non-toolchain portion of runtime path of "/home/shriperu/ros2_ws/install/vehicle_msgs/lib/libvehicle_msgs__rosidl_typesupport_fastrtps_cpp.so" to ""
[19.362s] -- Installing: /home/shriperu/ros2_ws/install/vehicle_msgs/lib/libvehicle_msgs__rosidl_typesupport_introspection_cpp.so
[19.363s] -- Set non-toolchain portion of runtime path of "/home/shriperu/ros2_ws/install/vehicle_msgs/lib/libvehicle_msgs__rosidl_typesupport_introspection_cpp.so" to ""
[19.363s] -- Installing: /home/shriperu/ros2_ws/install/vehicle_msgs/lib/libvehicle_msgs__rosidl_typesupport_cpp.so
[19.363s] -- Set non-toolchain portion of runtime path of "/home/shriperu/ros2_ws/install/vehicle_msgs/lib/libvehicle_msgs__rosidl_typesupport_cpp.so" to ""
[19.433s] Listing '/home/shriperu/ros2_ws/install/vehicle_msgs/lib/python3.12/site-packages/vehicle_msgs'...
[19.433s] Compiling '/home/shriperu/ros2_ws/install/vehicle_msgs/lib/python3.12/site-packages/vehicle_msgs/__init__.py'...
[19.433s] Listing '/home/shriperu/ros2_ws/install/vehicle_msgs/lib/python3.12/site-packages/vehicle_msgs/msg'...
[19.433s] Compiling '/home/shriperu/ros2_ws/install/vehicle_msgs/lib/python3.12/site-packages/vehicle_msgs/msg/__init__.py'...
[19.433s] Compiling '/home/shriperu/ros2_ws/install/vehicle_msgs/lib/python3.12/site-packages/vehicle_msgs/msg/_steering_command.py'...
[19.449s] -- Installing: /home/shriperu/ros2_ws/install/vehicle_msgs/lib/libvehicle_msgs__rosidl_generator_py.so
[19.449s] -- Set non-toolchain portion of runtime path of "/home/shriperu/ros2_ws/install/vehicle_msgs/lib/libvehicle_msgs__rosidl_generator_py.so" to ""
[19.449s] -- Installing: /home/shriperu/ros2_ws/install/vehicle_msgs/share/vehicle_msgs/cmake/export_vehicle_msgs__rosidl_generator_cExport.cmake
[19.450s] -- Installing: /home/shriperu/ros2_ws/install/vehicle_msgs/share/vehicle_msgs/cmake/export_vehicle_msgs__rosidl_generator_cExport-noconfig.cmake
[19.450s] -- Installing: /home/shriperu/ros2_ws/install/vehicle_msgs/share/vehicle_msgs/cmake/export_vehicle_msgs__rosidl_typesupport_fastrtps_cExport.cmake
[19.450s] -- Installing: /home/shriperu/ros2_ws/install/vehicle_msgs/share/vehicle_msgs/cmake/export_vehicle_msgs__rosidl_typesupport_fastrtps_cExport-noconfig.cmake
[19.450s] -- Installing: /home/shriperu/ros2_ws/install/vehicle_msgs/share/vehicle_msgs/cmake/vehicle_msgs__rosidl_typesupport_introspection_cExport.cmake
[19.451s] -- Installing: /home/shriperu/ros2_ws/install/vehicle_msgs/share/vehicle_msgs/cmake/vehicle_msgs__rosidl_typesupport_introspection_cExport-noconfig.cmake
[19.451s] -- Installing: /home/shriperu/ros2_ws/install/vehicle_msgs/share/vehicle_msgs/cmake/vehicle_msgs__rosidl_typesupport_cExport.cmake
[19.451s] -- Installing: /home/shriperu/ros2_ws/install/vehicle_msgs/share/vehicle_msgs/cmake/vehicle_msgs__rosidl_typesupport_cExport-noconfig.cmake
[19.452s] -- Installing: /home/shriperu/ros2_ws/install/vehicle_msgs/share/vehicle_msgs/cmake/export_vehicle_msgs__rosidl_generator_cppExport.cmake
[19.452s] -- Installing: /home/shriperu/ros2_ws/install/vehicle_msgs/share/vehicle_msgs/cmake/export_vehicle_msgs__rosidl_typesupport_fastrtps_cppExport.cmake
[19.452s] -- Installing: /home/shriperu/ros2_ws/install/vehicle_msgs/share/vehicle_msgs/cmake/export_vehicle_msgs__rosidl_typesupport_fastrtps_cppExport-noconfig.cmake
[19.453s] -- Installing: /home/shriperu/ros2_ws/install/vehicle_msgs/share/vehicle_msgs/cmake/vehicle_msgs__rosidl_typesupport_introspection_cppExport.cmake
[19.453s] -- Installing: /home/shriperu/ros2_ws/install/vehicle_msgs/share/vehicle_msgs/cmake/vehicle_msgs__rosidl_typesupport_introspection_cppExport-noconfig.cmake
[19.453s] -- Installing: /home/shriperu/ros2_ws/install/vehicle_msgs/share/vehicle_msgs/cmake/vehicle_msgs__rosidl_typesupport_cppExport.cmake
[19.453s] -- Installing: /home/shriperu/ros2_ws/install/vehicle_msgs/share/vehicle_msgs/cmake/vehicle_msgs__rosidl_typesupport_cppExport-noconfig.cmake
[19.453s] -- Installing: /home/shriperu/ros2_ws/install/vehicle_msgs/share/vehicle_msgs/cmake/export_vehicle_msgs__rosidl_generator_pyExport.cmake
[19.454s] -- Installing: /home/shriperu/ros2_ws/install/vehicle_msgs/share/vehicle_msgs/cmake/export_vehicle_msgs__rosidl_generator_pyExport-noconfig.cmake
[19.457s] Invoked command in '/home/shriperu/ros2_ws/build/vehicle_msgs' returned '0': CMAKE_PREFIX_PATH=${CMAKE_PREFIX_PATH}:/opt/ros/jazzy DEBUGINFOD_URLS=https://debuginfod.ubuntu.com /usr/bin/cmake --install /home/shriperu/ros2_ws/build/vehicle_msgs
