[0.017s] Invoking command in '/home/shriperu/ros2_ws/build/global_planner': CMAKE_PREFIX_PATH=${CMAKE_PREFIX_PATH}:/opt/ros/jazzy DEBUGINFOD_URLS=https://debuginfod.ubuntu.com /usr/bin/cmake --build /home/shriperu/ros2_ws/build/global_planner -- -j16 -l16
[0.115s] [ 15%] Built target gtest
[0.115s] [ 30%] Built target test_trajectory_following
[0.123s] [ 46%] Built target test_ompl_dubins
[0.123s] [ 61%] Built target gtest_main
[0.131s] [ 69%] [32mBuilding CXX object CMakeFiles/global_planner_node.dir/src/global_planner_node.cpp.o[0m
[0.167s] [ 92%] Built target test_dubins
[7.936s] [100%] [32m[1mLinking CXX executable global_planner_node[0m
[8.865s] [100%] Built target global_planner_node
[8.883s] Invoked command in '/home/shriperu/ros2_ws/build/global_planner' returned '0': CMAKE_PREFIX_PATH=${CMAKE_PREFIX_PATH}:/opt/ros/jazzy DEBUGINFOD_URLS=https://debuginfod.ubuntu.com /usr/bin/cmake --build /home/shriperu/ros2_ws/build/global_planner -- -j16 -l16
[8.885s] Invoking command in '/home/shriperu/ros2_ws/build/global_planner': CMAKE_PREFIX_PATH=${CMAKE_PREFIX_PATH}:/opt/ros/jazzy DEBUGINFOD_URLS=https://debuginfod.ubuntu.com /usr/bin/cmake --install /home/shriperu/ros2_ws/build/global_planner
[8.896s] -- Install configuration: ""
[8.897s] -- Execute custom install script
[8.897s] -- Up-to-date symlink: /home/shriperu/ros2_ws/install/global_planner/lib/global_planner/global_planner_node
[8.897s] -- Up-to-date symlink: /home/shriperu/ros2_ws/install/global_planner/share/ament_index/resource_index/package_run_dependencies/global_planner
[8.897s] -- Up-to-date symlink: /home/shriperu/ros2_ws/install/global_planner/share/ament_index/resource_index/parent_prefix_path/global_planner
[8.898s] -- Up-to-date symlink: /home/shriperu/ros2_ws/install/global_planner/share/global_planner/environment/ament_prefix_path.sh
[8.898s] -- Up-to-date symlink: /home/shriperu/ros2_ws/install/global_planner/share/global_planner/environment/ament_prefix_path.dsv
[8.898s] -- Up-to-date symlink: /home/shriperu/ros2_ws/install/global_planner/share/global_planner/environment/path.sh
[8.898s] -- Up-to-date symlink: /home/shriperu/ros2_ws/install/global_planner/share/global_planner/environment/path.dsv
[8.899s] -- Up-to-date symlink: /home/shriperu/ros2_ws/install/global_planner/share/global_planner/local_setup.bash
[8.899s] -- Up-to-date symlink: /home/shriperu/ros2_ws/install/global_planner/share/global_planner/local_setup.sh
[8.899s] -- Up-to-date symlink: /home/shriperu/ros2_ws/install/global_planner/share/global_planner/local_setup.zsh
[8.899s] -- Up-to-date symlink: /home/shriperu/ros2_ws/install/global_planner/share/global_planner/local_setup.dsv
[8.899s] -- Symlinking: /home/shriperu/ros2_ws/install/global_planner/share/global_planner/package.dsv
[8.914s] -- Up-to-date symlink: /home/shriperu/ros2_ws/install/global_planner/share/ament_index/resource_index/packages/global_planner
[8.914s] -- Up-to-date symlink: /home/shriperu/ros2_ws/install/global_planner/share/global_planner/cmake/global_plannerConfig.cmake
[8.914s] -- Up-to-date symlink: /home/shriperu/ros2_ws/install/global_planner/share/global_planner/cmake/global_plannerConfig-version.cmake
[8.914s] -- Up-to-date symlink: /home/shriperu/ros2_ws/install/global_planner/share/global_planner/package.xml
[8.917s] Invoked command in '/home/shriperu/ros2_ws/build/global_planner' returned '0': CMAKE_PREFIX_PATH=${CMAKE_PREFIX_PATH}:/opt/ros/jazzy DEBUGINFOD_URLS=https://debuginfod.ubuntu.com /usr/bin/cmake --install /home/shriperu/ros2_ws/build/global_planner
