[0.965s] Invoking command in '/home/shriperu/ros2_ws/build/local_planner': CMAKE_PREFIX_PATH=${CMAKE_PREFIX_PATH}:/opt/ros/jazzy DEBUGINFOD_URLS=https://debuginfod.ubuntu.com LD_LIBRARY_PATH=/home/shriperu/ros2_ws/install/vehicle_msgs/lib:/opt/ros/jazzy/opt/gz_sim_vendor/lib:/opt/ros/jazzy/opt/gz_sensors_vendor/lib:/opt/ros/jazzy/opt/gz_physics_vendor/lib:/opt/ros/jazzy/opt/sdformat_vendor/lib:/opt/ros/jazzy/opt/rviz_ogre_vendor/lib:/opt/ros/jazzy/lib/x86_64-linux-gnu:/opt/ros/jazzy/opt/gz_gui_vendor/lib:/opt/ros/jazzy/opt/gz_transport_vendor/lib:/opt/ros/jazzy/opt/gz_rendering_vendor/lib:/opt/ros/jazzy/opt/gz_plugin_vendor/lib:/opt/ros/jazzy/opt/gz_fuel_tools_vendor/lib:/opt/ros/jazzy/opt/gz_msgs_vendor/lib:/opt/ros/jazzy/opt/gz_common_vendor/lib:/opt/ros/jazzy/opt/gz_math_vendor/lib:/opt/ros/jazzy/opt/gz_utils_vendor/lib:/opt/ros/jazzy/opt/gz_tools_vendor/lib:/opt/ros/jazzy/opt/gz_ogre_next_vendor/lib:/opt/ros/jazzy/opt/gz_dartsim_vendor/lib:/opt/ros/jazzy/opt/gz_cmake_vendor/lib:/opt/ros/jazzy/lib:/usr/local/cuda-12.6/lib64:/usr/local/cuda/lib64 /usr/bin/cmake /home/shriperu/ros2_ws/src/local_planner -DCMAKE_INSTALL_PREFIX=/home/shriperu/ros2_ws/install/local_planner
[1.705s] -- The C compiler identification is GNU 13.3.0
[4.607s] -- The CXX compiler identification is GNU 13.3.0
[7.451s] -- Detecting C compiler ABI info
[8.711s] -- Detecting C compiler ABI info - done
[8.722s] -- Check for working C compiler: /usr/bin/cc - skipped
[8.722s] -- Detecting C compile features
[8.724s] -- Detecting C compile features - done
[9.314s] -- Detecting CXX compiler ABI info
[10.610s] -- Detecting CXX compiler ABI info - done
[10.620s] -- Check for working CXX compiler: /usr/bin/c++ - skipped
[10.620s] -- Detecting CXX compile features
[10.621s] -- Detecting CXX compile features - done
[10.645s] -- Found ament_cmake: 2.5.6 (/opt/ros/jazzy/share/ament_cmake/cmake)
[10.834s] -- Found Python3: /usr/bin/python3 (found version "3.12.3") found components: Interpreter 
[11.016s] -- Found rclcpp: 28.1.21 (/opt/ros/jazzy/share/rclcpp/cmake)
[11.629s] -- Found rosidl_generator_c: 4.6.9 (/opt/ros/jazzy/share/rosidl_generator_c/cmake)
[11.659s] -- Found rosidl_generator_cpp: 4.6.9 (/opt/ros/jazzy/share/rosidl_generator_cpp/cmake)
[11.701s] -- Using all available rosidl_typesupport_c: rosidl_typesupport_fastrtps_c;rosidl_typesupport_introspection_c
[11.739s] -- Using all available rosidl_typesupport_cpp: rosidl_typesupport_fastrtps_cpp;rosidl_typesupport_introspection_cpp
[11.887s] -- Found rmw_implementation_cmake: 7.3.3 (/opt/ros/jazzy/share/rmw_implementation_cmake/cmake)
[11.894s] -- Found rmw_fastrtps_cpp: 8.4.4 (/opt/ros/jazzy/share/rmw_fastrtps_cpp/cmake)
[12.071s] -- Found OpenSSL: /usr/lib/x86_64-linux-gnu/libcrypto.so (found version "3.0.13")  
[12.880s] -- Found FastRTPS: /opt/ros/jazzy/include (Required is at least version "2.13") 
[13.301s] -- Using RMW implementation 'rmw_fastrtps_cpp' as default
[14.004s] -- Found nav_msgs: 5.3.8 (/opt/ros/jazzy/share/nav_msgs/cmake)
[14.108s] -- Found vehicle_msgs: 0.0.0 (/home/shriperu/ros2_ws/install/vehicle_msgs/share/vehicle_msgs/cmake)
[14.130s] -- Found ament_lint_auto: 0.17.5 (/opt/ros/jazzy/share/ament_lint_auto/cmake)
[14.297s] -- Added test 'cppcheck' to perform static code analysis on C / C++ code
[14.297s] -- Configured cppcheck include dirs: 
[14.298s] -- Configured cppcheck exclude dirs and/or files: 
[14.300s] -- Added test 'lint_cmake' to check CMake code style
[14.304s] -- Added test 'uncrustify' to check C / C++ code style
[14.304s] -- Configured uncrustify additional arguments: 
[14.306s] -- Added test 'xmllint' to check XML markup files
[14.311s] -- Configuring done (13.3s)
[14.334s] -- Generating done (0.0s)
[14.338s] -- Build files have been written to: /home/shriperu/ros2_ws/build/local_planner
[14.357s] Invoked command in '/home/shriperu/ros2_ws/build/local_planner' returned '0': CMAKE_PREFIX_PATH=${CMAKE_PREFIX_PATH}:/opt/ros/jazzy DEBUGINFOD_URLS=https://debuginfod.ubuntu.com LD_LIBRARY_PATH=/home/shriperu/ros2_ws/install/vehicle_msgs/lib:/opt/ros/jazzy/opt/gz_sim_vendor/lib:/opt/ros/jazzy/opt/gz_sensors_vendor/lib:/opt/ros/jazzy/opt/gz_physics_vendor/lib:/opt/ros/jazzy/opt/sdformat_vendor/lib:/opt/ros/jazzy/opt/rviz_ogre_vendor/lib:/opt/ros/jazzy/lib/x86_64-linux-gnu:/opt/ros/jazzy/opt/gz_gui_vendor/lib:/opt/ros/jazzy/opt/gz_transport_vendor/lib:/opt/ros/jazzy/opt/gz_rendering_vendor/lib:/opt/ros/jazzy/opt/gz_plugin_vendor/lib:/opt/ros/jazzy/opt/gz_fuel_tools_vendor/lib:/opt/ros/jazzy/opt/gz_msgs_vendor/lib:/opt/ros/jazzy/opt/gz_common_vendor/lib:/opt/ros/jazzy/opt/gz_math_vendor/lib:/opt/ros/jazzy/opt/gz_utils_vendor/lib:/opt/ros/jazzy/opt/gz_tools_vendor/lib:/opt/ros/jazzy/opt/gz_ogre_next_vendor/lib:/opt/ros/jazzy/opt/gz_dartsim_vendor/lib:/opt/ros/jazzy/opt/gz_cmake_vendor/lib:/opt/ros/jazzy/lib:/usr/local/cuda-12.6/lib64:/usr/local/cuda/lib64 /usr/bin/cmake /home/shriperu/ros2_ws/src/local_planner -DCMAKE_INSTALL_PREFIX=/home/shriperu/ros2_ws/install/local_planner
[14.359s] Invoking command in '/home/shriperu/ros2_ws/build/local_planner': CMAKE_PREFIX_PATH=${CMAKE_PREFIX_PATH}:/opt/ros/jazzy DEBUGINFOD_URLS=https://debuginfod.ubuntu.com LD_LIBRARY_PATH=/home/shriperu/ros2_ws/install/vehicle_msgs/lib:/opt/ros/jazzy/opt/gz_sim_vendor/lib:/opt/ros/jazzy/opt/gz_sensors_vendor/lib:/opt/ros/jazzy/opt/gz_physics_vendor/lib:/opt/ros/jazzy/opt/sdformat_vendor/lib:/opt/ros/jazzy/opt/rviz_ogre_vendor/lib:/opt/ros/jazzy/lib/x86_64-linux-gnu:/opt/ros/jazzy/opt/gz_gui_vendor/lib:/opt/ros/jazzy/opt/gz_transport_vendor/lib:/opt/ros/jazzy/opt/gz_rendering_vendor/lib:/opt/ros/jazzy/opt/gz_plugin_vendor/lib:/opt/ros/jazzy/opt/gz_fuel_tools_vendor/lib:/opt/ros/jazzy/opt/gz_msgs_vendor/lib:/opt/ros/jazzy/opt/gz_common_vendor/lib:/opt/ros/jazzy/opt/gz_math_vendor/lib:/opt/ros/jazzy/opt/gz_utils_vendor/lib:/opt/ros/jazzy/opt/gz_tools_vendor/lib:/opt/ros/jazzy/opt/gz_ogre_next_vendor/lib:/opt/ros/jazzy/opt/gz_dartsim_vendor/lib:/opt/ros/jazzy/opt/gz_cmake_vendor/lib:/opt/ros/jazzy/lib:/usr/local/cuda-12.6/lib64:/usr/local/cuda/lib64 /usr/bin/cmake --build /home/shriperu/ros2_ws/build/local_planner -- -j16 -l16
[14.441s] [ 50%] [32mBuilding CXX object CMakeFiles/local_planner_node.dir/src/local_planner_node.cpp.o[0m
[27.081s] [100%] [32m[1mLinking CXX executable local_planner_node[0m
[28.254s] [100%] Built target local_planner_node
[28.271s] Invoked command in '/home/shriperu/ros2_ws/build/local_planner' returned '0': CMAKE_PREFIX_PATH=${CMAKE_PREFIX_PATH}:/opt/ros/jazzy DEBUGINFOD_URLS=https://debuginfod.ubuntu.com LD_LIBRARY_PATH=/home/shriperu/ros2_ws/install/vehicle_msgs/lib:/opt/ros/jazzy/opt/gz_sim_vendor/lib:/opt/ros/jazzy/opt/gz_sensors_vendor/lib:/opt/ros/jazzy/opt/gz_physics_vendor/lib:/opt/ros/jazzy/opt/sdformat_vendor/lib:/opt/ros/jazzy/opt/rviz_ogre_vendor/lib:/opt/ros/jazzy/lib/x86_64-linux-gnu:/opt/ros/jazzy/opt/gz_gui_vendor/lib:/opt/ros/jazzy/opt/gz_transport_vendor/lib:/opt/ros/jazzy/opt/gz_rendering_vendor/lib:/opt/ros/jazzy/opt/gz_plugin_vendor/lib:/opt/ros/jazzy/opt/gz_fuel_tools_vendor/lib:/opt/ros/jazzy/opt/gz_msgs_vendor/lib:/opt/ros/jazzy/opt/gz_common_vendor/lib:/opt/ros/jazzy/opt/gz_math_vendor/lib:/opt/ros/jazzy/opt/gz_utils_vendor/lib:/opt/ros/jazzy/opt/gz_tools_vendor/lib:/opt/ros/jazzy/opt/gz_ogre_next_vendor/lib:/opt/ros/jazzy/opt/gz_dartsim_vendor/lib:/opt/ros/jazzy/opt/gz_cmake_vendor/lib:/opt/ros/jazzy/lib:/usr/local/cuda-12.6/lib64:/usr/local/cuda/lib64 /usr/bin/cmake --build /home/shriperu/ros2_ws/build/local_planner -- -j16 -l16
[28.287s] Invoking command in '/home/shriperu/ros2_ws/build/local_planner': CMAKE_PREFIX_PATH=${CMAKE_PREFIX_PATH}:/opt/ros/jazzy DEBUGINFOD_URLS=https://debuginfod.ubuntu.com LD_LIBRARY_PATH=/home/shriperu/ros2_ws/install/vehicle_msgs/lib:/opt/ros/jazzy/opt/gz_sim_vendor/lib:/opt/ros/jazzy/opt/gz_sensors_vendor/lib:/opt/ros/jazzy/opt/gz_physics_vendor/lib:/opt/ros/jazzy/opt/sdformat_vendor/lib:/opt/ros/jazzy/opt/rviz_ogre_vendor/lib:/opt/ros/jazzy/lib/x86_64-linux-gnu:/opt/ros/jazzy/opt/gz_gui_vendor/lib:/opt/ros/jazzy/opt/gz_transport_vendor/lib:/opt/ros/jazzy/opt/gz_rendering_vendor/lib:/opt/ros/jazzy/opt/gz_plugin_vendor/lib:/opt/ros/jazzy/opt/gz_fuel_tools_vendor/lib:/opt/ros/jazzy/opt/gz_msgs_vendor/lib:/opt/ros/jazzy/opt/gz_common_vendor/lib:/opt/ros/jazzy/opt/gz_math_vendor/lib:/opt/ros/jazzy/opt/gz_utils_vendor/lib:/opt/ros/jazzy/opt/gz_tools_vendor/lib:/opt/ros/jazzy/opt/gz_ogre_next_vendor/lib:/opt/ros/jazzy/opt/gz_dartsim_vendor/lib:/opt/ros/jazzy/opt/gz_cmake_vendor/lib:/opt/ros/jazzy/lib:/usr/local/cuda-12.6/lib64:/usr/local/cuda/lib64 /usr/bin/cmake --install /home/shriperu/ros2_ws/build/local_planner
[28.299s] -- Install configuration: ""
[28.301s] -- Installing: /home/shriperu/ros2_ws/install/local_planner/lib/local_planner/local_planner_node
[28.308s] -- Set non-toolchain portion of runtime path of "/home/shriperu/ros2_ws/install/local_planner/lib/local_planner/local_planner_node" to ""
[28.310s] -- Installing: /home/shriperu/ros2_ws/install/local_planner/share/ament_index/resource_index/package_run_dependencies/local_planner
[28.311s] -- Installing: /home/shriperu/ros2_ws/install/local_planner/share/ament_index/resource_index/parent_prefix_path/local_planner
[28.312s] -- Installing: /home/shriperu/ros2_ws/install/local_planner/share/local_planner/environment/ament_prefix_path.sh
[28.312s] -- Installing: /home/shriperu/ros2_ws/install/local_planner/share/local_planner/environment/ament_prefix_path.dsv
[28.313s] -- Installing: /home/shriperu/ros2_ws/install/local_planner/share/local_planner/environment/path.sh
[28.313s] -- Installing: /home/shriperu/ros2_ws/install/local_planner/share/local_planner/environment/path.dsv
[28.313s] -- Installing: /home/shriperu/ros2_ws/install/local_planner/share/local_planner/local_setup.bash
[28.313s] -- Installing: /home/shriperu/ros2_ws/install/local_planner/share/local_planner/local_setup.sh
[28.313s] -- Installing: /home/shriperu/ros2_ws/install/local_planner/share/local_planner/local_setup.zsh
[28.314s] -- Installing: /home/shriperu/ros2_ws/install/local_planner/share/local_planner/local_setup.dsv
[28.314s] -- Installing: /home/shriperu/ros2_ws/install/local_planner/share/local_planner/package.dsv
[28.315s] -- Installing: /home/shriperu/ros2_ws/install/local_planner/share/ament_index/resource_index/packages/local_planner
[28.315s] -- Installing: /home/shriperu/ros2_ws/install/local_planner/share/local_planner/cmake/local_plannerConfig.cmake
[28.316s] -- Installing: /home/shriperu/ros2_ws/install/local_planner/share/local_planner/cmake/local_plannerConfig-version.cmake
[28.316s] -- Installing: /home/shriperu/ros2_ws/install/local_planner/share/local_planner/package.xml
[28.319s] Invoked command in '/home/shriperu/ros2_ws/build/local_planner' returned '0': CMAKE_PREFIX_PATH=${CMAKE_PREFIX_PATH}:/opt/ros/jazzy DEBUGINFOD_URLS=https://debuginfod.ubuntu.com LD_LIBRARY_PATH=/home/shriperu/ros2_ws/install/vehicle_msgs/lib:/opt/ros/jazzy/opt/gz_sim_vendor/lib:/opt/ros/jazzy/opt/gz_sensors_vendor/lib:/opt/ros/jazzy/opt/gz_physics_vendor/lib:/opt/ros/jazzy/opt/sdformat_vendor/lib:/opt/ros/jazzy/opt/rviz_ogre_vendor/lib:/opt/ros/jazzy/lib/x86_64-linux-gnu:/opt/ros/jazzy/opt/gz_gui_vendor/lib:/opt/ros/jazzy/opt/gz_transport_vendor/lib:/opt/ros/jazzy/opt/gz_rendering_vendor/lib:/opt/ros/jazzy/opt/gz_plugin_vendor/lib:/opt/ros/jazzy/opt/gz_fuel_tools_vendor/lib:/opt/ros/jazzy/opt/gz_msgs_vendor/lib:/opt/ros/jazzy/opt/gz_common_vendor/lib:/opt/ros/jazzy/opt/gz_math_vendor/lib:/opt/ros/jazzy/opt/gz_utils_vendor/lib:/opt/ros/jazzy/opt/gz_tools_vendor/lib:/opt/ros/jazzy/opt/gz_ogre_next_vendor/lib:/opt/ros/jazzy/opt/gz_dartsim_vendor/lib:/opt/ros/jazzy/opt/gz_cmake_vendor/lib:/opt/ros/jazzy/lib:/usr/local/cuda-12.6/lib64:/usr/local/cuda/lib64 /usr/bin/cmake --install /home/shriperu/ros2_ws/build/local_planner
