[0.029s] Invoking command in '/home/shriperu/ros2_ws/build/vehicle_msgs': CMAKE_PREFIX_PATH=${CMAKE_PREFIX_PATH}:/opt/ros/jazzy DEBUGINFOD_URLS=https://debuginfod.ubuntu.com /usr/bin/cmake /home/shriperu/ros2_ws/src/vehicle_msgs -DCMAKE_INSTALL_PREFIX=/home/shriperu/ros2_ws/install/vehicle_msgs
[0.842s] -- The C compiler identification is GNU 13.3.0
[3.840s] -- The CXX compiler identification is GNU 13.3.0
[6.745s] -- Detecting C compiler ABI info
[8.073s] -- Detecting C compiler ABI info - done
[8.083s] -- Check for working C compiler: /usr/bin/cc - skipped
[8.083s] -- Detecting C compile features
[8.084s] -- Detecting C compile features - done
[8.679s] -- Detecting CXX compiler ABI info
[9.981s] -- Detecting CXX compiler ABI info - done
[9.990s] -- Check for working CXX compiler: /usr/bin/c++ - skipped
[9.991s] -- Detecting CXX compile features
[9.991s] -- Detecting CXX compile features - done
[10.027s] -- Found ament_cmake: 2.5.6 (/opt/ros/jazzy/share/ament_cmake/cmake)
[10.234s] -- Found Python3: /usr/bin/python3 (found version "3.12.3") found components: Interpreter 
[10.421s] -- Found rosidl_default_generators: 1.6.1 (/opt/ros/jazzy/share/rosidl_default_generators/cmake)
[10.440s] -- Using all available rosidl_typesupport_c: rosidl_typesupport_fastrtps_c;rosidl_typesupport_introspection_c
[11.076s] -- Using all available rosidl_typesupport_cpp: rosidl_typesupport_fastrtps_cpp;rosidl_typesupport_introspection_cpp
[11.184s] -- Found rosidl_adapter: 4.6.9 (/opt/ros/jazzy/share/rosidl_adapter/cmake)
[11.878s] -- Found ament_cmake_ros: 0.12.1 (/opt/ros/jazzy/share/ament_cmake_ros/cmake)
[12.411s] -- Using all available rosidl_typesupport_c: rosidl_typesupport_fastrtps_c;rosidl_typesupport_introspection_c
[13.073s] -- Using all available rosidl_typesupport_cpp: rosidl_typesupport_fastrtps_cpp;rosidl_typesupport_introspection_cpp
[13.082s] -- Found python_cmake_module: 0.11.1 (/opt/ros/jazzy/share/python_cmake_module/cmake)
[13.254s] -- Found PythonExtra: /usr/bin/python3  
[13.853s] -- Found Python3: /usr/bin/python3 (found version "3.12.3") found components: Interpreter Development NumPy Development.Module Development.Embed 
[13.934s] -- Found Python3: /usr/bin/python3 (found version "3.12.3") found components: Interpreter 
[13.956s] -- Configuring done (13.9s)
[14.031s] -- Generating done (0.1s)
[14.045s] -- Build files have been written to: /home/shriperu/ros2_ws/build/vehicle_msgs
[14.061s] Invoked command in '/home/shriperu/ros2_ws/build/vehicle_msgs' returned '0': CMAKE_PREFIX_PATH=${CMAKE_PREFIX_PATH}:/opt/ros/jazzy DEBUGINFOD_URLS=https://debuginfod.ubuntu.com /usr/bin/cmake /home/shriperu/ros2_ws/src/vehicle_msgs -DCMAKE_INSTALL_PREFIX=/home/shriperu/ros2_ws/install/vehicle_msgs
[14.063s] Invoking command in '/home/shriperu/ros2_ws/build/vehicle_msgs': CMAKE_PREFIX_PATH=${CMAKE_PREFIX_PATH}:/opt/ros/jazzy DEBUGINFOD_URLS=https://debuginfod.ubuntu.com /usr/bin/cmake --build /home/shriperu/ros2_ws/build/vehicle_msgs -- -j16 -l16
[14.142s] [  5%] [34m[1mGenerating Rust code for ROS interfaces[0m
[14.142s] [  5%] [34m[1mGenerating type hashes for ROS interfaces[0m
[14.159s] [  5%] Built target ament_cmake_python_copy_vehicle_msgs
[14.410s] [  5%] Built target vehicle_msgs__rosidl_generator_type_description
[14.423s] [  5%] Built target vehicle_msgs__rs
[14.424s] [  8%] [34m[1mGenerating C code for ROS interfaces[0m
[14.440s] running egg_info
[14.441s] [ 11%] [34m[1mGenerating C++ code for ROS interfaces[0m
[14.441s] creating vehicle_msgs.egg-info
[14.469s] writing vehicle_msgs.egg-info/PKG-INFO
[14.470s] writing dependency_links to vehicle_msgs.egg-info/dependency_links.txt
[14.470s] writing top-level names to vehicle_msgs.egg-info/top_level.txt
[14.470s] writing manifest file 'vehicle_msgs.egg-info/SOURCES.txt'
[14.533s] reading manifest file 'vehicle_msgs.egg-info/SOURCES.txt'
[14.533s] writing manifest file 'vehicle_msgs.egg-info/SOURCES.txt'
[14.577s] [ 11%] Built target ament_cmake_python_build_vehicle_msgs_egg
[14.689s] [ 11%] Built target vehicle_msgs__cpp
[14.707s] [ 17%] [32mBuilding C object CMakeFiles/vehicle_msgs__rosidl_generator_c.dir/rosidl_generator_c/vehicle_msgs/msg/detail/steering_command__description.c.o[0m
[14.708s] [ 17%] [32mBuilding C object CMakeFiles/vehicle_msgs__rosidl_generator_c.dir/rosidl_generator_c/vehicle_msgs/msg/detail/steering_command__functions.c.o[0m
[14.708s] [ 20%] [32mBuilding C object CMakeFiles/vehicle_msgs__rosidl_generator_c.dir/rosidl_generator_c/vehicle_msgs/msg/detail/steering_command__type_support.c.o[0m
[14.771s] [ 22%] [32m[1mLinking C shared library libvehicle_msgs__rosidl_generator_c.so[0m
[15.400s] [ 22%] Built target vehicle_msgs__rosidl_generator_c
[15.419s] [ 25%] [34m[1mGenerating C++ introspection for ROS interfaces[0m
[15.420s] [ 28%] [34m[1mGenerating C type support for eProsima Fast-RTPS[0m
[15.421s] [ 31%] [34m[1mGenerating C type support dispatch for ROS interfaces[0m
[15.423s] [ 37%] [34m[1mGenerating C++ type support for eProsima Fast-RTPS[0m
[15.423s] [ 37%] [34m[1mGenerating C introspection for ROS interfaces[0m
[15.427s] [ 40%] [34m[1mGenerating C++ type support dispatch for ROS interfaces[0m
[15.700s] [ 42%] [32mBuilding CXX object CMakeFiles/vehicle_msgs__rosidl_typesupport_c.dir/rosidl_typesupport_c/vehicle_msgs/msg/steering_command__type_support.cpp.o[0m
[15.747s] [ 48%] [32mBuilding CXX object CMakeFiles/vehicle_msgs__rosidl_typesupport_cpp.dir/rosidl_typesupport_cpp/vehicle_msgs/msg/steering_command__type_support.cpp.o[0m
[15.747s] [ 48%] [32mBuilding CXX object CMakeFiles/vehicle_msgs__rosidl_typesupport_introspection_cpp.dir/rosidl_typesupport_introspection_cpp/vehicle_msgs/msg/detail/steering_command__type_support.cpp.o[0m
[15.747s] [ 51%] [32mBuilding C object CMakeFiles/vehicle_msgs__rosidl_typesupport_introspection_c.dir/rosidl_typesupport_introspection_c/vehicle_msgs/msg/detail/steering_command__type_support.c.o[0m
[15.754s] [ 54%] [32mBuilding CXX object CMakeFiles/vehicle_msgs__rosidl_typesupport_fastrtps_c.dir/rosidl_typesupport_fastrtps_c/vehicle_msgs/msg/detail/steering_command__type_support_c.cpp.o[0m
[15.763s] [ 57%] [32m[1mLinking CXX shared library libvehicle_msgs__rosidl_typesupport_c.so[0m
[15.774s] [ 60%] [32mBuilding CXX object CMakeFiles/vehicle_msgs__rosidl_typesupport_fastrtps_cpp.dir/rosidl_typesupport_fastrtps_cpp/vehicle_msgs/msg/detail/dds_fastrtps/steering_command__type_support.cpp.o[0m
[15.800s] [ 62%] [32m[1mLinking C shared library libvehicle_msgs__rosidl_typesupport_introspection_c.so[0m
[16.236s] [ 68%] [32m[1mLinking CXX shared library libvehicle_msgs__rosidl_typesupport_introspection_cpp.so[0m
[16.236s] [ 68%] [32m[1mLinking CXX shared library libvehicle_msgs__rosidl_typesupport_cpp.so[0m
[16.455s] [ 68%] Built target vehicle_msgs__rosidl_typesupport_c
[16.458s] [ 71%] [32m[1mLinking CXX shared library libvehicle_msgs__rosidl_typesupport_fastrtps_c.so[0m
[16.478s] [ 74%] [32m[1mLinking CXX shared library libvehicle_msgs__rosidl_typesupport_fastrtps_cpp.so[0m
[16.494s] [ 74%] Built target vehicle_msgs__rosidl_typesupport_introspection_c
[16.703s] [ 74%] Built target vehicle_msgs__rosidl_typesupport_cpp
[16.704s] [ 74%] Built target vehicle_msgs__rosidl_typesupport_introspection_cpp
[17.081s] [ 74%] Built target vehicle_msgs__rosidl_typesupport_fastrtps_cpp
[17.082s] [ 74%] Built target vehicle_msgs__rosidl_typesupport_fastrtps_c
[17.113s] [ 74%] Built target vehicle_msgs
[17.147s] [ 77%] [34m[1mGenerating Python code for ROS interfaces[0m
[17.452s] [ 77%] Built target vehicle_msgs__py
[17.483s] [ 80%] [32mBuilding C object CMakeFiles/vehicle_msgs__rosidl_generator_py.dir/rosidl_generator_py/vehicle_msgs/msg/_steering_command_s.c.o[0m
[17.654s] [ 82%] [32m[1mLinking C shared library libvehicle_msgs__rosidl_generator_py.so[0m
[18.286s] [ 82%] Built target vehicle_msgs__rosidl_generator_py
[18.317s] [ 88%] [32mBuilding C object CMakeFiles/vehicle_msgs_s__rosidl_typesupport_fastrtps_c.dir/rosidl_generator_py/vehicle_msgs/_vehicle_msgs_s.ep.rosidl_typesupport_fastrtps_c.c.o[0m
[18.317s] [ 88%] [32mBuilding C object CMakeFiles/vehicle_msgs_s__rosidl_typesupport_introspection_c.dir/rosidl_generator_py/vehicle_msgs/_vehicle_msgs_s.ep.rosidl_typesupport_introspection_c.c.o[0m
[18.317s] [ 91%] [32mBuilding C object CMakeFiles/vehicle_msgs_s__rosidl_typesupport_c.dir/rosidl_generator_py/vehicle_msgs/_vehicle_msgs_s.ep.rosidl_typesupport_c.c.o[0m
[18.443s] [ 94%] [32m[1mLinking C shared module rosidl_generator_py/vehicle_msgs/vehicle_msgs_s__rosidl_typesupport_c.so[0m
[18.446s] [ 97%] [32m[1mLinking C shared module rosidl_generator_py/vehicle_msgs/vehicle_msgs_s__rosidl_typesupport_introspection_c.so[0m
[18.455s] [100%] [32m[1mLinking C shared module rosidl_generator_py/vehicle_msgs/vehicle_msgs_s__rosidl_typesupport_fastrtps_c.so[0m
[18.852s] [100%] Built target vehicle_msgs_s__rosidl_typesupport_c
[18.852s] [100%] Built target vehicle_msgs_s__rosidl_typesupport_introspection_c
[19.087s] [100%] Built target vehicle_msgs_s__rosidl_typesupport_fastrtps_c
[19.107s] Invoked command in '/home/shriperu/ros2_ws/build/vehicle_msgs' returned '0': CMAKE_PREFIX_PATH=${CMAKE_PREFIX_PATH}:/opt/ros/jazzy DEBUGINFOD_URLS=https://debuginfod.ubuntu.com /usr/bin/cmake --build /home/shriperu/ros2_ws/build/vehicle_msgs -- -j16 -l16
[19.123s] Invoking command in '/home/shriperu/ros2_ws/build/vehicle_msgs': CMAKE_PREFIX_PATH=${CMAKE_PREFIX_PATH}:/opt/ros/jazzy DEBUGINFOD_URLS=https://debuginfod.ubuntu.com /usr/bin/cmake --install /home/shriperu/ros2_ws/build/vehicle_msgs
[19.135s] -- Install configuration: ""
[19.139s] -- Installing: /home/shriperu/ros2_ws/install/vehicle_msgs/share/ament_index/resource_index/rosidl_interfaces/vehicle_msgs
[19.140s] -- Installing: /home/shriperu/ros2_ws/install/vehicle_msgs/share/vehicle_msgs/msg/SteeringCommand.json
[19.140s] -- Installing: /home/shriperu/ros2_ws/install/vehicle_msgs/include/vehicle_msgs/vehicle_msgs
[19.141s] -- Installing: /home/shriperu/ros2_ws/install/vehicle_msgs/include/vehicle_msgs/vehicle_msgs/msg
[19.142s] -- Installing: /home/shriperu/ros2_ws/install/vehicle_msgs/include/vehicle_msgs/vehicle_msgs/msg/detail
[19.142s] -- Installing: /home/shriperu/ros2_ws/install/vehicle_msgs/include/vehicle_msgs/vehicle_msgs/msg/detail/steering_command__type_support.c
[19.143s] -- Installing: /home/shriperu/ros2_ws/install/vehicle_msgs/include/vehicle_msgs/vehicle_msgs/msg/detail/steering_command__type_support.h
[19.143s] -- Installing: /home/shriperu/ros2_ws/install/vehicle_msgs/include/vehicle_msgs/vehicle_msgs/msg/detail/steering_command__functions.c
[19.143s] -- Installing: /home/shriperu/ros2_ws/install/vehicle_msgs/include/vehicle_msgs/vehicle_msgs/msg/detail/steering_command__description.c
[19.143s] -- Installing: /home/shriperu/ros2_ws/install/vehicle_msgs/include/vehicle_msgs/vehicle_msgs/msg/detail/steering_command__functions.h
[19.143s] -- Installing: /home/shriperu/ros2_ws/install/vehicle_msgs/include/vehicle_msgs/vehicle_msgs/msg/detail/steering_command__struct.h
[19.144s] -- Installing: /home/shriperu/ros2_ws/install/vehicle_msgs/include/vehicle_msgs/vehicle_msgs/msg/steering_command.h
[19.144s] -- Installing: /home/shriperu/ros2_ws/install/vehicle_msgs/include/vehicle_msgs/vehicle_msgs/msg/rosidl_generator_c__visibility_control.h
[19.145s] -- Installing: /home/shriperu/ros2_ws/install/vehicle_msgs/share/vehicle_msgs/environment/library_path.sh
[19.145s] -- Installing: /home/shriperu/ros2_ws/install/vehicle_msgs/share/vehicle_msgs/environment/library_path.dsv
[19.146s] -- Installing: /home/shriperu/ros2_ws/install/vehicle_msgs/lib/libvehicle_msgs__rosidl_generator_c.so
[19.146s] -- Set non-toolchain portion of runtime path of "/home/shriperu/ros2_ws/install/vehicle_msgs/lib/libvehicle_msgs__rosidl_generator_c.so" to ""
[19.146s] -- Up-to-date: /home/shriperu/ros2_ws/install/vehicle_msgs/include/vehicle_msgs/vehicle_msgs
[19.147s] -- Up-to-date: /home/shriperu/ros2_ws/install/vehicle_msgs/include/vehicle_msgs/vehicle_msgs/msg
[19.147s] -- Up-to-date: /home/shriperu/ros2_ws/install/vehicle_msgs/include/vehicle_msgs/vehicle_msgs/msg/detail
[19.147s] -- Installing: /home/shriperu/ros2_ws/install/vehicle_msgs/include/vehicle_msgs/vehicle_msgs/msg/detail/steering_command__rosidl_typesupport_fastrtps_c.h
[19.147s] -- Installing: /home/shriperu/ros2_ws/install/vehicle_msgs/include/vehicle_msgs/vehicle_msgs/msg/rosidl_typesupport_fastrtps_c__visibility_control.h
[19.147s] -- Installing: /home/shriperu/ros2_ws/install/vehicle_msgs/lib/libvehicle_msgs__rosidl_typesupport_fastrtps_c.so
[19.148s] -- Set non-toolchain portion of runtime path of "/home/shriperu/ros2_ws/install/vehicle_msgs/lib/libvehicle_msgs__rosidl_typesupport_fastrtps_c.so" to ""
[19.148s] -- Up-to-date: /home/shriperu/ros2_ws/install/vehicle_msgs/include/vehicle_msgs/vehicle_msgs
[19.148s] -- Up-to-date: /home/shriperu/ros2_ws/install/vehicle_msgs/include/vehicle_msgs/vehicle_msgs/msg
[19.148s] -- Installing: /home/shriperu/ros2_ws/install/vehicle_msgs/include/vehicle_msgs/vehicle_msgs/msg/rosidl_typesupport_introspection_c__visibility_control.h
[19.149s] -- Up-to-date: /home/shriperu/ros2_ws/install/vehicle_msgs/include/vehicle_msgs/vehicle_msgs/msg/detail
[19.149s] -- Installing: /home/shriperu/ros2_ws/install/vehicle_msgs/include/vehicle_msgs/vehicle_msgs/msg/detail/steering_command__type_support.c
[19.149s] -- Installing: /home/shriperu/ros2_ws/install/vehicle_msgs/include/vehicle_msgs/vehicle_msgs/msg/detail/steering_command__rosidl_typesupport_introspection_c.h
[19.149s] -- Installing: /home/shriperu/ros2_ws/install/vehicle_msgs/lib/libvehicle_msgs__rosidl_typesupport_introspection_c.so
[19.149s] -- Set non-toolchain portion of runtime path of "/home/shriperu/ros2_ws/install/vehicle_msgs/lib/libvehicle_msgs__rosidl_typesupport_introspection_c.so" to ""
[19.150s] -- Installing: /home/shriperu/ros2_ws/install/vehicle_msgs/lib/libvehicle_msgs__rosidl_typesupport_c.so
[19.150s] -- Set non-toolchain portion of runtime path of "/home/shriperu/ros2_ws/install/vehicle_msgs/lib/libvehicle_msgs__rosidl_typesupport_c.so" to ""
[19.150s] -- Up-to-date: /home/shriperu/ros2_ws/install/vehicle_msgs/include/vehicle_msgs/vehicle_msgs
[19.151s] -- Up-to-date: /home/shriperu/ros2_ws/install/vehicle_msgs/include/vehicle_msgs/vehicle_msgs/msg
[19.151s] -- Installing: /home/shriperu/ros2_ws/install/vehicle_msgs/include/vehicle_msgs/vehicle_msgs/msg/steering_command.hpp
[19.151s] -- Up-to-date: /home/shriperu/ros2_ws/install/vehicle_msgs/include/vehicle_msgs/vehicle_msgs/msg/detail
[19.152s] -- Installing: /home/shriperu/ros2_ws/install/vehicle_msgs/include/vehicle_msgs/vehicle_msgs/msg/detail/steering_command__type_support.hpp
[19.152s] -- Installing: /home/shriperu/ros2_ws/install/vehicle_msgs/include/vehicle_msgs/vehicle_msgs/msg/detail/steering_command__traits.hpp
[19.152s] -- Installing: /home/shriperu/ros2_ws/install/vehicle_msgs/include/vehicle_msgs/vehicle_msgs/msg/detail/steering_command__builder.hpp
[19.152s] -- Installing: /home/shriperu/ros2_ws/install/vehicle_msgs/include/vehicle_msgs/vehicle_msgs/msg/detail/steering_command__struct.hpp
[19.152s] -- Installing: /home/shriperu/ros2_ws/install/vehicle_msgs/include/vehicle_msgs/vehicle_msgs/msg/rosidl_generator_cpp__visibility_control.hpp
[19.152s] -- Up-to-date: /home/shriperu/ros2_ws/install/vehicle_msgs/include/vehicle_msgs/vehicle_msgs
[19.153s] -- Up-to-date: /home/shriperu/ros2_ws/install/vehicle_msgs/include/vehicle_msgs/vehicle_msgs/msg
[19.153s] -- Up-to-date: /home/shriperu/ros2_ws/install/vehicle_msgs/include/vehicle_msgs/vehicle_msgs/msg/detail
[19.153s] -- Installing: /home/shriperu/ros2_ws/install/vehicle_msgs/include/vehicle_msgs/vehicle_msgs/msg/detail/steering_command__rosidl_typesupport_fastrtps_cpp.hpp
[19.153s] -- Installing: /home/shriperu/ros2_ws/install/vehicle_msgs/include/vehicle_msgs/vehicle_msgs/msg/detail/dds_fastrtps
[19.153s] -- Installing: /home/shriperu/ros2_ws/install/vehicle_msgs/include/vehicle_msgs/vehicle_msgs/msg/rosidl_typesupport_fastrtps_cpp__visibility_control.h
[19.153s] -- Installing: /home/shriperu/ros2_ws/install/vehicle_msgs/lib/libvehicle_msgs__rosidl_typesupport_fastrtps_cpp.so
[19.153s] -- Set non-toolchain portion of runtime path of "/home/shriperu/ros2_ws/install/vehicle_msgs/lib/libvehicle_msgs__rosidl_typesupport_fastrtps_cpp.so" to ""
[19.153s] -- Up-to-date: /home/shriperu/ros2_ws/install/vehicle_msgs/include/vehicle_msgs/vehicle_msgs
[19.154s] -- Up-to-date: /home/shriperu/ros2_ws/install/vehicle_msgs/include/vehicle_msgs/vehicle_msgs/msg
[19.154s] -- Up-to-date: /home/shriperu/ros2_ws/install/vehicle_msgs/include/vehicle_msgs/vehicle_msgs/msg/detail
[19.154s] -- Installing: /home/shriperu/ros2_ws/install/vehicle_msgs/include/vehicle_msgs/vehicle_msgs/msg/detail/steering_command__rosidl_typesupport_introspection_cpp.hpp
[19.154s] -- Installing: /home/shriperu/ros2_ws/install/vehicle_msgs/include/vehicle_msgs/vehicle_msgs/msg/detail/steering_command__type_support.cpp
[19.154s] -- Installing: /home/shriperu/ros2_ws/install/vehicle_msgs/lib/libvehicle_msgs__rosidl_typesupport_introspection_cpp.so
[19.155s] -- Set non-toolchain portion of runtime path of "/home/shriperu/ros2_ws/install/vehicle_msgs/lib/libvehicle_msgs__rosidl_typesupport_introspection_cpp.so" to ""
[19.155s] -- Installing: /home/shriperu/ros2_ws/install/vehicle_msgs/lib/libvehicle_msgs__rosidl_typesupport_cpp.so
[19.156s] -- Set non-toolchain portion of runtime path of "/home/shriperu/ros2_ws/install/vehicle_msgs/lib/libvehicle_msgs__rosidl_typesupport_cpp.so" to ""
[19.156s] -- Installing: /home/shriperu/ros2_ws/install/vehicle_msgs/share/vehicle_msgs/environment/pythonpath.sh
[19.156s] -- Installing: /home/shriperu/ros2_ws/install/vehicle_msgs/share/vehicle_msgs/environment/pythonpath.dsv
[19.156s] -- Installing: /home/shriperu/ros2_ws/install/vehicle_msgs/lib/python3.12/site-packages/vehicle_msgs-0.0.0-py3.12.egg-info
[19.158s] -- Installing: /home/shriperu/ros2_ws/install/vehicle_msgs/lib/python3.12/site-packages/vehicle_msgs-0.0.0-py3.12.egg-info/top_level.txt
[19.159s] -- Installing: /home/shriperu/ros2_ws/install/vehicle_msgs/lib/python3.12/site-packages/vehicle_msgs-0.0.0-py3.12.egg-info/PKG-INFO
[19.159s] -- Installing: /home/shriperu/ros2_ws/install/vehicle_msgs/lib/python3.12/site-packages/vehicle_msgs-0.0.0-py3.12.egg-info/SOURCES.txt
[19.159s] -- Installing: /home/shriperu/ros2_ws/install/vehicle_msgs/lib/python3.12/site-packages/vehicle_msgs-0.0.0-py3.12.egg-info/dependency_links.txt
[19.159s] -- Installing: /home/shriperu/ros2_ws/install/vehicle_msgs/lib/python3.12/site-packages/vehicle_msgs
[19.160s] -- Installing: /home/shriperu/ros2_ws/install/vehicle_msgs/lib/python3.12/site-packages/vehicle_msgs/vehicle_msgs_s__rosidl_typesupport_introspection_c.so
[19.160s] -- Installing: /home/shriperu/ros2_ws/install/vehicle_msgs/lib/python3.12/site-packages/vehicle_msgs/_vehicle_msgs_s.ep.rosidl_typesupport_introspection_c.c
[19.160s] -- Installing: /home/shriperu/ros2_ws/install/vehicle_msgs/lib/python3.12/site-packages/vehicle_msgs/__init__.py
[19.160s] -- Installing: /home/shriperu/ros2_ws/install/vehicle_msgs/lib/python3.12/site-packages/vehicle_msgs/_vehicle_msgs_s.ep.rosidl_typesupport_fastrtps_c.c
[19.161s] -- Installing: /home/shriperu/ros2_ws/install/vehicle_msgs/lib/python3.12/site-packages/vehicle_msgs/msg
[19.161s] -- Installing: /home/shriperu/ros2_ws/install/vehicle_msgs/lib/python3.12/site-packages/vehicle_msgs/msg/_steering_command.py
[19.161s] -- Installing: /home/shriperu/ros2_ws/install/vehicle_msgs/lib/python3.12/site-packages/vehicle_msgs/msg/__init__.py
[19.162s] -- Installing: /home/shriperu/ros2_ws/install/vehicle_msgs/lib/python3.12/site-packages/vehicle_msgs/msg/_steering_command_s.c
[19.162s] -- Installing: /home/shriperu/ros2_ws/install/vehicle_msgs/lib/python3.12/site-packages/vehicle_msgs/vehicle_msgs_s__rosidl_typesupport_fastrtps_c.so
[19.162s] -- Installing: /home/shriperu/ros2_ws/install/vehicle_msgs/lib/python3.12/site-packages/vehicle_msgs/vehicle_msgs_s__rosidl_typesupport_c.so
[19.162s] -- Installing: /home/shriperu/ros2_ws/install/vehicle_msgs/lib/python3.12/site-packages/vehicle_msgs/_vehicle_msgs_s.ep.rosidl_typesupport_c.c
[19.207s] Listing '/home/shriperu/ros2_ws/install/vehicle_msgs/lib/python3.12/site-packages/vehicle_msgs'...
[19.207s] Compiling '/home/shriperu/ros2_ws/install/vehicle_msgs/lib/python3.12/site-packages/vehicle_msgs/__init__.py'...
[19.207s] Listing '/home/shriperu/ros2_ws/install/vehicle_msgs/lib/python3.12/site-packages/vehicle_msgs/msg'...
[19.207s] Compiling '/home/shriperu/ros2_ws/install/vehicle_msgs/lib/python3.12/site-packages/vehicle_msgs/msg/__init__.py'...
[19.208s] Compiling '/home/shriperu/ros2_ws/install/vehicle_msgs/lib/python3.12/site-packages/vehicle_msgs/msg/_steering_command.py'...
[19.216s] -- Installing: /home/shriperu/ros2_ws/install/vehicle_msgs/lib/python3.12/site-packages/vehicle_msgs/vehicle_msgs_s__rosidl_typesupport_fastrtps_c.so
[19.216s] -- Set non-toolchain portion of runtime path of "/home/shriperu/ros2_ws/install/vehicle_msgs/lib/python3.12/site-packages/vehicle_msgs/vehicle_msgs_s__rosidl_typesupport_fastrtps_c.so" to ""
[19.216s] -- Installing: /home/shriperu/ros2_ws/install/vehicle_msgs/lib/python3.12/site-packages/vehicle_msgs/vehicle_msgs_s__rosidl_typesupport_introspection_c.so
[19.217s] -- Set non-toolchain portion of runtime path of "/home/shriperu/ros2_ws/install/vehicle_msgs/lib/python3.12/site-packages/vehicle_msgs/vehicle_msgs_s__rosidl_typesupport_introspection_c.so" to ""
[19.217s] -- Installing: /home/shriperu/ros2_ws/install/vehicle_msgs/lib/python3.12/site-packages/vehicle_msgs/vehicle_msgs_s__rosidl_typesupport_c.so
[19.217s] -- Set non-toolchain portion of runtime path of "/home/shriperu/ros2_ws/install/vehicle_msgs/lib/python3.12/site-packages/vehicle_msgs/vehicle_msgs_s__rosidl_typesupport_c.so" to ""
[19.218s] -- Installing: /home/shriperu/ros2_ws/install/vehicle_msgs/lib/libvehicle_msgs__rosidl_generator_py.so
[19.218s] -- Set non-toolchain portion of runtime path of "/home/shriperu/ros2_ws/install/vehicle_msgs/lib/libvehicle_msgs__rosidl_generator_py.so" to ""
[19.219s] -- Installing: /home/shriperu/ros2_ws/install/vehicle_msgs/share/ament_index/resource_index/rust_packages/vehicle_msgs
[19.219s] -- Installing: /home/shriperu/ros2_ws/install/vehicle_msgs/share/vehicle_msgs/rust
[19.219s] -- Installing: /home/shriperu/ros2_ws/install/vehicle_msgs/share/vehicle_msgs/rust/build.rs
[19.220s] -- Installing: /home/shriperu/ros2_ws/install/vehicle_msgs/share/vehicle_msgs/rust/src
[19.220s] -- Installing: /home/shriperu/ros2_ws/install/vehicle_msgs/share/vehicle_msgs/rust/src/lib.rs
[19.220s] -- Installing: /home/shriperu/ros2_ws/install/vehicle_msgs/share/vehicle_msgs/rust/src/msg.rs
[19.221s] -- Installing: /home/shriperu/ros2_ws/install/vehicle_msgs/share/vehicle_msgs/rust/src/msg
[19.221s] -- Installing: /home/shriperu/ros2_ws/install/vehicle_msgs/share/vehicle_msgs/rust/src/msg/rmw.rs
[19.221s] -- Installing: /home/shriperu/ros2_ws/install/vehicle_msgs/share/vehicle_msgs/rust/Cargo.toml
[19.222s] -- Installing: /home/shriperu/ros2_ws/install/vehicle_msgs/share/vehicle_msgs/msg/SteeringCommand.idl
[19.222s] -- Installing: /home/shriperu/ros2_ws/install/vehicle_msgs/share/vehicle_msgs/msg/SteeringCommand.msg
[19.222s] -- Installing: /home/shriperu/ros2_ws/install/vehicle_msgs/share/ament_index/resource_index/package_run_dependencies/vehicle_msgs
[19.223s] -- Installing: /home/shriperu/ros2_ws/install/vehicle_msgs/share/ament_index/resource_index/parent_prefix_path/vehicle_msgs
[19.223s] -- Installing: /home/shriperu/ros2_ws/install/vehicle_msgs/share/vehicle_msgs/environment/ament_prefix_path.sh
[19.224s] -- Installing: /home/shriperu/ros2_ws/install/vehicle_msgs/share/vehicle_msgs/environment/ament_prefix_path.dsv
[19.224s] -- Installing: /home/shriperu/ros2_ws/install/vehicle_msgs/share/vehicle_msgs/environment/path.sh
[19.224s] -- Installing: /home/shriperu/ros2_ws/install/vehicle_msgs/share/vehicle_msgs/environment/path.dsv
[19.224s] -- Installing: /home/shriperu/ros2_ws/install/vehicle_msgs/share/vehicle_msgs/local_setup.bash
[19.224s] -- Installing: /home/shriperu/ros2_ws/install/vehicle_msgs/share/vehicle_msgs/local_setup.sh
[19.225s] -- Installing: /home/shriperu/ros2_ws/install/vehicle_msgs/share/vehicle_msgs/local_setup.zsh
[19.225s] -- Installing: /home/shriperu/ros2_ws/install/vehicle_msgs/share/vehicle_msgs/local_setup.dsv
[19.225s] -- Installing: /home/shriperu/ros2_ws/install/vehicle_msgs/share/vehicle_msgs/package.dsv
[19.226s] -- Installing: /home/shriperu/ros2_ws/install/vehicle_msgs/share/ament_index/resource_index/packages/vehicle_msgs
[19.226s] -- Installing: /home/shriperu/ros2_ws/install/vehicle_msgs/share/vehicle_msgs/cmake/export_vehicle_msgs__rosidl_generator_cExport.cmake
[19.227s] -- Installing: /home/shriperu/ros2_ws/install/vehicle_msgs/share/vehicle_msgs/cmake/export_vehicle_msgs__rosidl_generator_cExport-noconfig.cmake
[19.227s] -- Installing: /home/shriperu/ros2_ws/install/vehicle_msgs/share/vehicle_msgs/cmake/export_vehicle_msgs__rosidl_typesupport_fastrtps_cExport.cmake
[19.227s] -- Installing: /home/shriperu/ros2_ws/install/vehicle_msgs/share/vehicle_msgs/cmake/export_vehicle_msgs__rosidl_typesupport_fastrtps_cExport-noconfig.cmake
[19.227s] -- Installing: /home/shriperu/ros2_ws/install/vehicle_msgs/share/vehicle_msgs/cmake/vehicle_msgs__rosidl_typesupport_introspection_cExport.cmake
[19.228s] -- Installing: /home/shriperu/ros2_ws/install/vehicle_msgs/share/vehicle_msgs/cmake/vehicle_msgs__rosidl_typesupport_introspection_cExport-noconfig.cmake
[19.228s] -- Installing: /home/shriperu/ros2_ws/install/vehicle_msgs/share/vehicle_msgs/cmake/vehicle_msgs__rosidl_typesupport_cExport.cmake
[19.228s] -- Installing: /home/shriperu/ros2_ws/install/vehicle_msgs/share/vehicle_msgs/cmake/vehicle_msgs__rosidl_typesupport_cExport-noconfig.cmake
[19.229s] -- Installing: /home/shriperu/ros2_ws/install/vehicle_msgs/share/vehicle_msgs/cmake/export_vehicle_msgs__rosidl_generator_cppExport.cmake
[19.229s] -- Installing: /home/shriperu/ros2_ws/install/vehicle_msgs/share/vehicle_msgs/cmake/export_vehicle_msgs__rosidl_typesupport_fastrtps_cppExport.cmake
[19.229s] -- Installing: /home/shriperu/ros2_ws/install/vehicle_msgs/share/vehicle_msgs/cmake/export_vehicle_msgs__rosidl_typesupport_fastrtps_cppExport-noconfig.cmake
[19.229s] -- Installing: /home/shriperu/ros2_ws/install/vehicle_msgs/share/vehicle_msgs/cmake/vehicle_msgs__rosidl_typesupport_introspection_cppExport.cmake
[19.229s] -- Installing: /home/shriperu/ros2_ws/install/vehicle_msgs/share/vehicle_msgs/cmake/vehicle_msgs__rosidl_typesupport_introspection_cppExport-noconfig.cmake
[19.229s] -- Installing: /home/shriperu/ros2_ws/install/vehicle_msgs/share/vehicle_msgs/cmake/vehicle_msgs__rosidl_typesupport_cppExport.cmake
[19.230s] -- Installing: /home/shriperu/ros2_ws/install/vehicle_msgs/share/vehicle_msgs/cmake/vehicle_msgs__rosidl_typesupport_cppExport-noconfig.cmake
[19.230s] -- Installing: /home/shriperu/ros2_ws/install/vehicle_msgs/share/vehicle_msgs/cmake/export_vehicle_msgs__rosidl_generator_pyExport.cmake
[19.230s] -- Installing: /home/shriperu/ros2_ws/install/vehicle_msgs/share/vehicle_msgs/cmake/export_vehicle_msgs__rosidl_generator_pyExport-noconfig.cmake
[19.231s] -- Installing: /home/shriperu/ros2_ws/install/vehicle_msgs/share/vehicle_msgs/cmake/rosidl_cmake-extras.cmake
[19.231s] -- Installing: /home/shriperu/ros2_ws/install/vehicle_msgs/share/vehicle_msgs/cmake/ament_cmake_export_include_directories-extras.cmake
[19.231s] -- Installing: /home/shriperu/ros2_ws/install/vehicle_msgs/share/vehicle_msgs/cmake/ament_cmake_export_libraries-extras.cmake
[19.231s] -- Installing: /home/shriperu/ros2_ws/install/vehicle_msgs/share/vehicle_msgs/cmake/ament_cmake_export_targets-extras.cmake
[19.231s] -- Installing: /home/shriperu/ros2_ws/install/vehicle_msgs/share/vehicle_msgs/cmake/rosidl_cmake_export_typesupport_targets-extras.cmake
[19.232s] -- Installing: /home/shriperu/ros2_ws/install/vehicle_msgs/share/vehicle_msgs/cmake/ament_cmake_export_dependencies-extras.cmake
[19.232s] -- Installing: /home/shriperu/ros2_ws/install/vehicle_msgs/share/vehicle_msgs/cmake/rosidl_cmake_export_typesupport_libraries-extras.cmake
[19.232s] -- Installing: /home/shriperu/ros2_ws/install/vehicle_msgs/share/vehicle_msgs/cmake/rosidl_cmake_aggregate_target-extras.cmake
[19.232s] -- Installing: /home/shriperu/ros2_ws/install/vehicle_msgs/share/vehicle_msgs/cmake/vehicle_msgsConfig.cmake
[19.233s] -- Installing: /home/shriperu/ros2_ws/install/vehicle_msgs/share/vehicle_msgs/cmake/vehicle_msgsConfig-version.cmake
[19.233s] -- Installing: /home/shriperu/ros2_ws/install/vehicle_msgs/share/vehicle_msgs/package.xml
[19.236s] Invoked command in '/home/shriperu/ros2_ws/build/vehicle_msgs' returned '0': CMAKE_PREFIX_PATH=${CMAKE_PREFIX_PATH}:/opt/ros/jazzy DEBUGINFOD_URLS=https://debuginfod.ubuntu.com /usr/bin/cmake --install /home/shriperu/ros2_ws/build/vehicle_msgs
